Archive member included to satisfy reference by file (symbol)

c:/program files (x86)/atmel/studio/7.0/toolchain/arm/arm-gnu-toolchain/bin/../lib/gcc/arm-none-eabi/6.2.1/thumb/v6-m\libgcc.a(_udivsi3.o)
                              src/ASF/common2/services/delay/sam0/systick_counter.o (__aeabi_uidiv)
c:/program files (x86)/atmel/studio/7.0/toolchain/arm/arm-gnu-toolchain/bin/../lib/gcc/arm-none-eabi/6.2.1/thumb/v6-m\libgcc.a(_divsi3.o)
                              src/test.o (__aeabi_idivmod)
c:/program files (x86)/atmel/studio/7.0/toolchain/arm/arm-gnu-toolchain/bin/../lib/gcc/arm-none-eabi/6.2.1/thumb/v6-m\libgcc.a(_dvmd_tls.o)
                              c:/program files (x86)/atmel/studio/7.0/toolchain/arm/arm-gnu-toolchain/bin/../lib/gcc/arm-none-eabi/6.2.1/thumb/v6-m\libgcc.a(_udivsi3.o) (__aeabi_idiv0)
c:/program files (x86)/atmel/studio/7.0/toolchain/arm/arm-gnu-toolchain/bin/../lib/gcc/arm-none-eabi/6.2.1/thumb/v6-m\libgcc.a(_muldi3.o)
                              src/ASF/sam0/drivers/sercom/sercom.o (__aeabi_lmul)
c:/program files (x86)/atmel/studio/7.0/toolchain/arm/arm-gnu-toolchain/bin/../lib/gcc/arm-none-eabi/6.2.1/../../../../arm-none-eabi/lib/thumb/v6-m\libc_nano.a(lib_a-exit.o)
                              c:/program files (x86)/atmel/studio/7.0/toolchain/arm/arm-gnu-toolchain/bin/../lib/gcc/arm-none-eabi/6.2.1/../../../../arm-none-eabi/lib/thumb/v6-m/crt0.o (exit)
c:/program files (x86)/atmel/studio/7.0/toolchain/arm/arm-gnu-toolchain/bin/../lib/gcc/arm-none-eabi/6.2.1/../../../../arm-none-eabi/lib/thumb/v6-m\libc_nano.a(lib_a-impure.o)
                              c:/program files (x86)/atmel/studio/7.0/toolchain/arm/arm-gnu-toolchain/bin/../lib/gcc/arm-none-eabi/6.2.1/../../../../arm-none-eabi/lib/thumb/v6-m\libc_nano.a(lib_a-exit.o) (_global_impure_ptr)
c:/program files (x86)/atmel/studio/7.0/toolchain/arm/arm-gnu-toolchain/bin/../lib/gcc/arm-none-eabi/6.2.1/../../../../arm-none-eabi/lib/thumb/v6-m\libc_nano.a(lib_a-init.o)
                              c:/program files (x86)/atmel/studio/7.0/toolchain/arm/arm-gnu-toolchain/bin/../lib/gcc/arm-none-eabi/6.2.1/../../../../arm-none-eabi/lib/thumb/v6-m/crt0.o (__libc_init_array)
c:/program files (x86)/atmel/studio/7.0/toolchain/arm/arm-gnu-toolchain/bin/../lib/gcc/arm-none-eabi/6.2.1/../../../../arm-none-eabi/lib/thumb/v6-m\libc_nano.a(lib_a-memset.o)
                              c:/program files (x86)/atmel/studio/7.0/toolchain/arm/arm-gnu-toolchain/bin/../lib/gcc/arm-none-eabi/6.2.1/../../../../arm-none-eabi/lib/thumb/v6-m/crt0.o (memset)

Allocating common symbols
Common symbol       size              file

_tcc_instances      0x4               src/ASF/sam0/drivers/tcc/tcc_callback.o
dummy_write         0x2               src/ASF/sam0/drivers/sercom/spi/spi_interrupt.o
_tc_instances       0x8               src/ASF/sam0/drivers/tc/tc_interrupt.o
_sercom_instances   0x8               src/ASF/sam0/drivers/sercom/sercom_interrupt.o
_extint_dev         0x40              src/ASF/sam0/drivers/extint/extint_sam_d_r_h/extint.o
tc_instance1        0x1c              src/buttons.o
_current_channel    0x1               src/ASF/sam0/drivers/extint/extint_callback.o
spi_master_instance
                    0x3c              src/spi_control.o
slave               0x3               src/spi_control.o

Discarded input sections

 .text          0x00000000        0x0 c:/program files (x86)/atmel/studio/7.0/toolchain/arm/arm-gnu-toolchain/bin/../lib/gcc/arm-none-eabi/6.2.1/thumb/v6-m/crti.o
 .data          0x00000000        0x0 c:/program files (x86)/atmel/studio/7.0/toolchain/arm/arm-gnu-toolchain/bin/../lib/gcc/arm-none-eabi/6.2.1/thumb/v6-m/crti.o
 .bss           0x00000000        0x0 c:/program files (x86)/atmel/studio/7.0/toolchain/arm/arm-gnu-toolchain/bin/../lib/gcc/arm-none-eabi/6.2.1/thumb/v6-m/crti.o
 .data          0x00000000        0x4 c:/program files (x86)/atmel/studio/7.0/toolchain/arm/arm-gnu-toolchain/bin/../lib/gcc/arm-none-eabi/6.2.1/thumb/v6-m/crtbegin.o
 .text          0x00000000       0x78 c:/program files (x86)/atmel/studio/7.0/toolchain/arm/arm-gnu-toolchain/bin/../lib/gcc/arm-none-eabi/6.2.1/../../../../arm-none-eabi/lib/thumb/v6-m/crt0.o
 .data          0x00000000        0x0 c:/program files (x86)/atmel/studio/7.0/toolchain/arm/arm-gnu-toolchain/bin/../lib/gcc/arm-none-eabi/6.2.1/../../../../arm-none-eabi/lib/thumb/v6-m/crt0.o
 .bss           0x00000000        0x0 c:/program files (x86)/atmel/studio/7.0/toolchain/arm/arm-gnu-toolchain/bin/../lib/gcc/arm-none-eabi/6.2.1/../../../../arm-none-eabi/lib/thumb/v6-m/crt0.o
 .ARM.extab     0x00000000        0x0 c:/program files (x86)/atmel/studio/7.0/toolchain/arm/arm-gnu-toolchain/bin/../lib/gcc/arm-none-eabi/6.2.1/../../../../arm-none-eabi/lib/thumb/v6-m/crt0.o
 .ARM.exidx     0x00000000        0x8 c:/program files (x86)/atmel/studio/7.0/toolchain/arm/arm-gnu-toolchain/bin/../lib/gcc/arm-none-eabi/6.2.1/../../../../arm-none-eabi/lib/thumb/v6-m/crt0.o
 .ARM.attributes
[...]
Memory Configuration

Name             Origin             Length             Attributes
rom              0x00000000         0x00004000         xr
ram              0x20000000         0x00001000         xrw
*default*        0x00000000         0xffffffff

Linker script and memory map

LOAD c:/program files (x86)/atmel/studio/7.0/toolchain/arm/arm-gnu-toolchain/bin/../lib/gcc/arm-none-eabi/6.2.1/thumb/v6-m/crti.o
LOAD c:/program files (x86)/atmel/studio/7.0/toolchain/arm/arm-gnu-toolchain/bin/../lib/gcc/arm-none-eabi/6.2.1/thumb/v6-m/crtbegin.o
LOAD c:/program files (x86)/atmel/studio/7.0/toolchain/arm/arm-gnu-toolchain/bin/../lib/gcc/arm-none-eabi/6.2.1/../../../../arm-none-eabi/lib/thumb/v6-m/crt0.o
LOAD src/ASF/sam0/drivers/extint/extint_callback.o
LOAD src/ASF/sam0/drivers/extint/extint_sam_d_r_h/extint.o
LOAD src/buttons.o
LOAD src/PWM_capture_control.o
LOAD src/main_control.o
LOAD src/spi_control.o
LOAD src/test.o
LOAD src/ASF/common2/services/delay/sam0/systick_counter.o
LOAD src/ASF/sam0/drivers/port/port.o
LOAD src/ASF/sam0/drivers/sercom/sercom.o
LOAD src/ASF/sam0/drivers/sercom/sercom_interrupt.o
LOAD src/ASF/sam0/drivers/sercom/spi/spi.o
LOAD src/ASF/sam0/drivers/sercom/spi/spi_interrupt.o
LOAD src/ASF/sam0/drivers/tcc/tcc.o
LOAD src/ASF/sam0/drivers/tcc/tcc_callback.o
LOAD src/ASF/sam0/drivers/tc/tc_interrupt.o
LOAD src/ASF/sam0/drivers/tc/tc_sam_d_r_h/tc.o
LOAD src/bsp.o
LOAD src/spi_master.o
LOAD src/ASF/common2/boards/user_board/init.o
LOAD src/ASF/common/utils/interrupt/interrupt_sam_nvic.o
LOAD src/ASF/sam0/drivers/system/clock/clock_samd09_d10_d11/clock.o
LOAD src/ASF/sam0/drivers/system/clock/clock_samd09_d10_d11/gclk.o
LOAD src/ASF/sam0/drivers/system/interrupt/system_interrupt.o
LOAD src/ASF/sam0/drivers/system/pinmux/pinmux.o
LOAD src/ASF/sam0/drivers/system/system.o
LOAD src/ASF/sam0/utils/cmsis/samd10/source/gcc/startup_samd10.o
LOAD src/ASF/sam0/utils/cmsis/samd10/source/system_samd10.o
LOAD src/ASF/sam0/utils/syscalls/gcc/syscalls.o
LOAD src/main.o
START GROUP
LOAD ../src/ASF/thirdparty/CMSIS/Lib/GCC\libarm_cortexM0l_math.a
LOAD c:/program files (x86)/atmel/studio/7.0/toolchain/arm/arm-gnu-toolchain/bin/../lib/gcc/arm-none-eabi/6.2.1/../../../../arm-none-eabi/lib/thumb/v6-m\libm.a
END GROUP
START GROUP
LOAD c:/program files (x86)/atmel/studio/7.0/toolchain/arm/arm-gnu-toolchain/bin/../lib/gcc/arm-none-eabi/6.2.1/thumb/v6-m\libgcc.a
LOAD c:/program files (x86)/atmel/studio/7.0/toolchain/arm/arm-gnu-toolchain/bin/../lib/gcc/arm-none-eabi/6.2.1/../../../../arm-none-eabi/lib/thumb/v6-m\libc_nano.a
END GROUP
START GROUP
LOAD c:/program files (x86)/atmel/studio/7.0/toolchain/arm/arm-gnu-toolchain/bin/../lib/gcc/arm-none-eabi/6.2.1/thumb/v6-m\libgcc.a
LOAD c:/program files (x86)/atmel/studio/7.0/toolchain/arm/arm-gnu-toolchain/bin/../lib/gcc/arm-none-eabi/6.2.1/../../../../arm-none-eabi/lib/thumb/v6-m\libc_nano.a
END GROUP
LOAD c:/program files (x86)/atmel/studio/7.0/toolchain/arm/arm-gnu-toolchain/bin/../lib/gcc/arm-none-eabi/6.2.1/thumb/v6-m/crtend.o
LOAD c:/program files (x86)/atmel/studio/7.0/toolchain/arm/arm-gnu-toolchain/bin/../lib/gcc/arm-none-eabi/6.2.1/thumb/v6-m/crtn.o
                0x00000400                STACK_SIZE = DEFINED (STACK_SIZE)?STACK_SIZE:DEFINED (__stack_size__)?__stack_size__:0x400

.text           0x00000000     0x20e4
                0x00000000                . = ALIGN (0x4)
                0x00000000                _sfixed = .
 *(.vectors .vectors.*)
 .vectors       0x00000000       0x8c src/ASF/sam0/utils/cmsis/samd10/source/gcc/startup_samd10.o
                0x00000000                exception_table
 *(.text .text.* .gnu.linkonce.t.*)
 .text          0x0000008c       0x60 c:/program files (x86)/atmel/studio/7.0/toolchain/arm/arm-gnu-toolchain/bin/../lib/gcc/arm-none-eabi/6.2.1/thumb/v6-m/crtbegin.o
 .text.extint_register_callback
                0x000000ec       0x2c src/ASF/sam0/drivers/extint/extint_callback.o
                0x000000ec                extint_register_callback
 .text.extint_chan_enable_callback
                0x00000118       0x20 src/ASF/sam0/drivers/extint/extint_callback.o
                0x00000118                extint_chan_enable_callback
 .text.EIC_Handler
                0x00000138       0x54 src/ASF/sam0/drivers/extint/extint_callback.o
                0x00000138                EIC_Handler
 .text._extint_enable
                0x0000018c       0x18 src/ASF/sam0/drivers/extint/extint_sam_d_r_h/extint.o
 .text._system_extint_init
                0x000001a4       0x6c src/ASF/sam0/drivers/extint/extint_sam_d_r_h/extint.o
                0x000001a4                _system_extint_init
 .text.extint_chan_get_config_defaults
                0x00000210       0x14 src/ASF/sam0/drivers/extint/extint_sam_d_r_h/extint.o
                0x00000210                extint_chan_get_config_defaults
 .text.extint_chan_set_config
                0x00000224       0x78 src/ASF/sam0/drivers/extint/extint_sam_d_r_h/extint.o
                0x00000224                extint_chan_set_config
 .text.enable_buttons
                0x0000029c       0x18 src/buttons.o
                0x0000029c                enable_buttons
 .text.config_extint_channel_burp_box
                0x000002b4       0x48 src/buttons.o
                0x000002b4                config_extint_channel_burp_box
 .text.read_interrupt_flag_status
                0x000002fc       0x1c src/buttons.o
                0x000002fc                read_interrupt_flag_status
 .text.play_pressed_callback
                0x00000318       0x4c src/buttons.o
                0x00000318                play_pressed_callback
 .text.next_pressed_callback
                0x00000364       0x4c src/buttons.o
                0x00000364                next_pressed_callback
 .text.config_extint_callbacks_burp_box
                0x000003b0       0x24 src/buttons.o
                0x000003b0                config_extint_callbacks_burp_box
 .text.init_buttons
                0x000003d4       0x1c src/buttons.o
                0x000003d4                init_buttons
 .text.main_control_loop_1
                0x000003f0       0x28 src/main_control.o
                0x000003f0                main_control_loop_1
 .text.spi_write_global_erase
                0x00000418       0x1c src/spi_control.o
                0x00000418                spi_write_global_erase
 .text.spi_write_reset
                0x00000434       0x1c src/spi_control.o
                0x00000434                spi_write_reset
 .text.spi_write_power_on
                0x00000450       0x1c src/spi_control.o
                0x00000450                spi_write_power_on
 .text.spi_write_clear_int
                0x0000046c       0x1c src/spi_control.o
                0x0000046c                spi_write_clear_int
 .text.spi_write_apc
                0x00000488       0x14 src/spi_control.o
                0x00000488                spi_write_apc
 .text.spi_write_stop
                0x0000049c       0x1c src/spi_control.o
                0x0000049c                spi_write_stop
 .text.delay_spi
                0x000004b8       0x10 src/spi_control.o
                0x000004b8                delay_spi
 .text.init_burp_box
                0x000004c8       0x44 src/spi_control.o
                0x000004c8                init_burp_box
 .text.wait_burp_box
                0x0000050c       0x7c src/spi_control.o
                0x0000050c                wait_burp_box
 .text.burp_box_record
                0x00000588       0x54 src/spi_control.o
                0x00000588                burp_box_record
 .text.burp_box_erase
                0x000005dc       0x54 src/spi_control.o
                0x000005dc                burp_box_erase
 .text.burp_box_play
                0x00000630       0x5c src/spi_control.o
                0x00000630                burp_box_play
 .text.global_erase_LED_flashing
                0x0000068c       0x64 src/spi_control.o
                0x0000068c                global_erase_LED_flashing
 .text.burp_box_global_erase
                0x000006f0       0x64 src/spi_control.o
                0x000006f0                burp_box_global_erase
 .text.spi_main_loop_1
                0x00000754      0x110 src/spi_control.o
                0x00000754                spi_main_loop_1
 .text.delay_init
                0x00000864       0x40 src/ASF/common2/services/delay/sam0/systick_counter.o
                0x00000864                delay_init
 .text.delay_cycles_us
                0x000008a4       0x2c src/ASF/common2/services/delay/sam0/systick_counter.o
                0x000008a4                delay_cycles_us
 .text.delay_cycles_ms
                0x000008d0       0x2c src/ASF/common2/services/delay/sam0/systick_counter.o
                0x000008d0                delay_cycles_ms
 .text.port_pin_set_config
                0x000008fc       0x24 src/ASF/sam0/drivers/port/port.o
                0x000008fc                port_pin_set_config
 .text._sercom_get_sync_baud_val
                0x00000920       0x28 src/ASF/sam0/drivers/sercom/sercom.o
                0x00000920                _sercom_get_sync_baud_val
 .text.sercom_set_gclk_generator
                0x00000948       0x4c src/ASF/sam0/drivers/sercom/sercom.o
                0x00000948                sercom_set_gclk_generator
 .text._sercom_get_default_pad
                0x00000994       0x80 src/ASF/sam0/drivers/sercom/sercom.o
                0x00000994                _sercom_get_default_pad
 .text._sercom_get_sercom_inst_index
                0x00000a14       0x24 src/ASF/sam0/drivers/sercom/sercom.o
                0x00000a14                _sercom_get_sercom_inst_index
 .text._sercom_default_handler
                0x00000a38        0x2 src/ASF/sam0/drivers/sercom/sercom_interrupt.o
 *fill*         0x00000a3a        0x2 
 .text._sercom_set_handler
                0x00000a3c       0x38 src/ASF/sam0/drivers/sercom/sercom_interrupt.o
                0x00000a3c                _sercom_set_handler
 .text._sercom_get_interrupt_vector
                0x00000a74       0x1c src/ASF/sam0/drivers/sercom/sercom_interrupt.o
                0x00000a74                _sercom_get_interrupt_vector
 .text.SERCOM0_Handler
                0x00000a90       0x10 src/ASF/sam0/drivers/sercom/sercom_interrupt.o
                0x00000a90                SERCOM0_Handler
 .text.SERCOM1_Handler
                0x00000aa0       0x10 src/ASF/sam0/drivers/sercom/sercom_interrupt.o
                0x00000aa0                SERCOM1_Handler
 .text.spi_init
                0x00000ab0      0x214 src/ASF/sam0/drivers/sercom/spi/spi.o
                0x00000ab0                spi_init
 .text.spi_select_slave
                0x00000cc4       0xf4 src/ASF/sam0/drivers/sercom/spi/spi.o
                0x00000cc4                spi_select_slave
 .text.spi_register_callback
                0x00000db8       0x18 src/ASF/sam0/drivers/sercom/spi/spi_interrupt.o
                0x00000db8                spi_register_callback
 .text.spi_transceive_buffer_job
                0x00000dd0       0x44 src/ASF/sam0/drivers/sercom/spi/spi_interrupt.o
                0x00000dd0                spi_transceive_buffer_job
 .text._spi_interrupt_handler
                0x00000e14      0x224 src/ASF/sam0/drivers/sercom/spi/spi_interrupt.o
                0x00000e14                _spi_interrupt_handler
 .text._tcc_interrupt_handler
                0x00001038       0x4c src/ASF/sam0/drivers/tcc/tcc_callback.o
                0x00001038                _tcc_interrupt_handler
 .text.TCC0_Handler
                0x00001084       0x10 src/ASF/sam0/drivers/tcc/tcc_callback.o
                0x00001084                TCC0_Handler
 .text.tc_register_callback
                0x00001094       0x32 src/ASF/sam0/drivers/tc/tc_interrupt.o
                0x00001094                tc_register_callback
 *fill*         0x000010c6        0x2 
 .text._tc_interrupt_handler
                0x000010c8       0x64 src/ASF/sam0/drivers/tc/tc_interrupt.o
                0x000010c8                _tc_interrupt_handler
 .text.TC1_Handler
                0x0000112c       0x10 src/ASF/sam0/drivers/tc/tc_interrupt.o
                0x0000112c                TC1_Handler
 .text.TC2_Handler
                0x0000113c       0x10 src/ASF/sam0/drivers/tc/tc_interrupt.o
                0x0000113c                TC2_Handler
 .text._tc_get_inst_index
                0x0000114c       0x24 src/ASF/sam0/drivers/tc/tc_sam_d_r_h/tc.o
                0x0000114c                _tc_get_inst_index
 .text.tc_init  0x00001170      0x230 src/ASF/sam0/drivers/tc/tc_sam_d_r_h/tc.o
                0x00001170                tc_init
 .text.tc_callback_track_led_control
                0x000013a0       0xac src/bsp.o
                0x000013a0                tc_callback_track_led_control
 .text.init_track_led_timer
                0x0000144c       0x6c src/bsp.o
                0x0000144c                init_track_led_timer
 .text.config_callbacks_tc1
                0x000014b8       0x4c src/bsp.o
                0x000014b8                config_callbacks_tc1
 .text.init_led_buttons
                0x00001504       0x60 src/bsp.o
                0x00001504                init_led_buttons
 .text.LED_on   0x00001564       0x24 src/bsp.o
                0x00001564                LED_on
 .text.LED_off  0x00001588       0x24 src/bsp.o
                0x00001588                LED_off
 .text.LED_track
                0x000015ac       0x2c src/bsp.o
                0x000015ac                LED_track
 .text.check_input_buttons
                0x000015d8       0x64 src/bsp.o
                0x000015d8                check_input_buttons
 .text.callback_spi_master
                0x0000163c        0xc src/spi_master.o
 .text.init_spi
                0x00001648       0xe8 src/spi_master.o
                0x00001648                init_spi
 .text.configure_spi_master_callbacks
                0x00001730       0x28 src/spi_master.o
                0x00001730                configure_spi_master_callbacks
 .text.configure_spi
                0x00001758       0x14 src/spi_master.o
                0x00001758                configure_spi
 .text.spi_transceive
                0x0000176c       0x4c src/spi_master.o
                0x0000176c                spi_transceive
 .text.system_board_init
                0x000017b8        0x2 src/ASF/common2/boards/user_board/init.o
                0x000017b8                board_init
                0x000017b8                system_board_init
 *fill*         0x000017ba        0x2 
 .text.cpu_irq_enter_critical
                0x000017bc       0x40 src/ASF/common/utils/interrupt/interrupt_sam_nvic.o
                0x000017bc                cpu_irq_enter_critical
 .text.cpu_irq_leave_critical
                0x000017fc       0x30 src/ASF/common/utils/interrupt/interrupt_sam_nvic.o
                0x000017fc                cpu_irq_leave_critical
 .text.system_clock_source_get_hz
                0x0000182c       0x90 src/ASF/sam0/drivers/system/clock/clock_samd09_d10_d11/clock.o
                0x0000182c                system_clock_source_get_hz
 .text.system_clock_source_osc8m_set_config
                0x000018bc       0x3c src/ASF/sam0/drivers/system/clock/clock_samd09_d10_d11/clock.o
                0x000018bc                system_clock_source_osc8m_set_config
 .text.system_clock_source_enable
                0x000018f8       0xa8 src/ASF/sam0/drivers/system/clock/clock_samd09_d10_d11/clock.o
                0x000018f8                system_clock_source_enable
 .text.system_clock_init
                0x000019a0       0x98 src/ASF/sam0/drivers/system/clock/clock_samd09_d10_d11/clock.o
                0x000019a0                system_clock_init
 .text.system_gclk_init
                0x00001a38       0x24 src/ASF/sam0/drivers/system/clock/clock_samd09_d10_d11/gclk.o
                0x00001a38                system_gclk_init
 .text.system_gclk_gen_set_config
                0x00001a5c       0xb8 src/ASF/sam0/drivers/system/clock/clock_samd09_d10_d11/gclk.o
                0x00001a5c                system_gclk_gen_set_config
 .text.system_gclk_gen_enable
                0x00001b14       0x44 src/ASF/sam0/drivers/system/clock/clock_samd09_d10_d11/gclk.o
                0x00001b14                system_gclk_gen_enable
 .text.system_gclk_gen_get_hz
                0x00001b58       0x8c src/ASF/sam0/drivers/system/clock/clock_samd09_d10_d11/gclk.o
                0x00001b58                system_gclk_gen_get_hz
 .text.system_gclk_chan_enable
                0x00001be4       0x30 src/ASF/sam0/drivers/system/clock/clock_samd09_d10_d11/gclk.o
                0x00001be4                system_gclk_chan_enable
 .text.system_gclk_chan_disable
                0x00001c14       0x5c src/ASF/sam0/drivers/system/clock/clock_samd09_d10_d11/gclk.o
                0x00001c14                system_gclk_chan_disable
 .text.system_gclk_chan_set_config
                0x00001c70       0x1c src/ASF/sam0/drivers/system/clock/clock_samd09_d10_d11/gclk.o
                0x00001c70                system_gclk_chan_set_config
 .text.system_gclk_chan_get_hz
                0x00001c8c       0x34 src/ASF/sam0/drivers/system/clock/clock_samd09_d10_d11/gclk.o
                0x00001c8c                system_gclk_chan_get_hz
 .text._system_pinmux_config
                0x00001cc0       0xa8 src/ASF/sam0/drivers/system/pinmux/pinmux.o
 .text.system_pinmux_pin_set_config
                0x00001d68       0x30 src/ASF/sam0/drivers/system/pinmux/pinmux.o
                0x00001d68                system_pinmux_pin_set_config
 .text._system_dummy_init
                0x00001d98        0x2 src/ASF/sam0/drivers/system/system.o
                0x00001d98                _system_events_init
                0x00001d98                _system_dummy_init
                0x00001d98                _system_divas_init
 *fill*         0x00001d9a        0x2 
 .text.system_init
                0x00001d9c       0x2c src/ASF/sam0/drivers/system/system.o
                0x00001d9c                system_init
 .text.Dummy_Handler
                0x00001dc8        0x2 src/ASF/sam0/utils/cmsis/samd10/source/gcc/startup_samd10.o
                0x00001dc8                DMAC_Handler
                0x00001dc8                HardFault_Handler
                0x00001dc8                AC_Handler
                0x00001dc8                SysTick_Handler
                0x00001dc8                PendSV_Handler
                0x00001dc8                NMI_Handler
                0x00001dc8                ADC_Handler
                0x00001dc8                RTC_Handler
                0x00001dc8                WDT_Handler
                0x00001dc8                Dummy_Handler
                0x00001dc8                PM_Handler
                0x00001dc8                SVC_Handler
                0x00001dc8                EVSYS_Handler
                0x00001dc8                NVMCTRL_Handler
                0x00001dc8                DAC_Handler
                0x00001dc8                PTC_Handler
                0x00001dc8                SYSCTRL_Handler
 *fill*         0x00001dca        0x2 
 .text.Reset_Handler
                0x00001dcc       0xd0 src/ASF/sam0/utils/cmsis/samd10/source/gcc/startup_samd10.o
                0x00001dcc                Reset_Handler
 .text.main     0x00001e9c       0x3c src/main.o
                0x00001e9c                main
 .text          0x00001ed8      0x114 c:/program files (x86)/atmel/studio/7.0/toolchain/arm/arm-gnu-toolchain/bin/../lib/gcc/arm-none-eabi/6.2.1/thumb/v6-m\libgcc.a(_udivsi3.o)
                0x00001ed8                __aeabi_uidiv
                0x00001ed8                __udivsi3
                0x00001fe4                __aeabi_uidivmod
 .text          0x00001fec        0x4 c:/program files (x86)/atmel/studio/7.0/toolchain/arm/arm-gnu-toolchain/bin/../lib/gcc/arm-none-eabi/6.2.1/thumb/v6-m\libgcc.a(_dvmd_tls.o)
                0x00001fec                __aeabi_idiv0
                0x00001fec                __aeabi_ldiv0
 .text.__libc_init_array
                0x00001ff0       0x48 c:/program files (x86)/atmel/studio/7.0/toolchain/arm/arm-gnu-toolchain/bin/../lib/gcc/arm-none-eabi/6.2.1/../../../../arm-none-eabi/lib/thumb/v6-m\libc_nano.a(lib_a-init.o)
                0x00001ff0                __libc_init_array
 .text.memset   0x00002038       0x10 c:/program files (x86)/atmel/studio/7.0/toolchain/arm/arm-gnu-toolchain/bin/../lib/gcc/arm-none-eabi/6.2.1/../../../../arm-none-eabi/lib/thumb/v6-m\libc_nano.a(lib_a-memset.o)
                0x00002038                memset
 *(.glue_7t)
 .glue_7t       0x00002048        0x0 linker stubs
 *(.glue_7)
 .glue_7        0x00002048        0x0 linker stubs
 *(.rodata .rodata* .gnu.linkonce.r.*)
 .rodata._tcc_intflag
                0x00002048       0x30 src/ASF/sam0/drivers/tcc/tcc_callback.o
                0x00002048                _tcc_intflag
 .rodata.tc_interrupt_vectors.11801
                0x00002078        0x2 src/bsp.o
 *fill*         0x0000207a        0x2 
 .rodata.system_clock_source_get_hz
                0x0000207c       0x24 src/ASF/sam0/drivers/system/clock/clock_samd09_d10_d11/clock.o
 .rodata.system_clock_source_enable
                0x000020a0       0x24 src/ASF/sam0/drivers/system/clock/clock_samd09_d10_d11/clock.o
 *(.ARM.extab* .gnu.linkonce.armextab.*)
                0x000020c4                . = ALIGN (0x4)
 *(.init)
 .init          0x000020c4        0x4 c:/program files (x86)/atmel/studio/7.0/toolchain/arm/arm-gnu-toolchain/bin/../lib/gcc/arm-none-eabi/6.2.1/thumb/v6-m/crti.o
                0x000020c4                _init
 .init          0x000020c8        0x8 c:/program files (x86)/atmel/studio/7.0/toolchain/arm/arm-gnu-toolchain/bin/../lib/gcc/arm-none-eabi/6.2.1/thumb/v6-m/crtn.o
                0x000020d0                . = ALIGN (0x4)
                0x000020d0                __preinit_array_start = .
 *(.preinit_array)
                0x000020d0                __preinit_array_end = .
                0x000020d0                . = ALIGN (0x4)
                0x000020d0                __init_array_start = .
 *(SORT(.init_array.*))
 *(.init_array)
 .init_array    0x000020d0        0x4 c:/program files (x86)/atmel/studio/7.0/toolchain/arm/arm-gnu-toolchain/bin/../lib/gcc/arm-none-eabi/6.2.1/thumb/v6-m/crtbegin.o
                0x000020d4                __init_array_end = .
                0x000020d4                . = ALIGN (0x4)
 *crtbegin.o(.ctors)
 *(EXCLUDE_FILE(*crtend.o) .ctors)
 *(SORT(.ctors.*))
 *crtend.o(.ctors)
                0x000020d4                . = ALIGN (0x4)
 *(.fini)
 .fini          0x000020d4        0x4 c:/program files (x86)/atmel/studio/7.0/toolchain/arm/arm-gnu-toolchain/bin/../lib/gcc/arm-none-eabi/6.2.1/thumb/v6-m/crti.o
                0x000020d4                _fini
 .fini          0x000020d8        0x8 c:/program files (x86)/atmel/studio/7.0/toolchain/arm/arm-gnu-toolchain/bin/../lib/gcc/arm-none-eabi/6.2.1/thumb/v6-m/crtn.o
                0x000020e0                . = ALIGN (0x4)
                0x000020e0                __fini_array_start = .
 *(.fini_array)
 .fini_array    0x000020e0        0x4 c:/program files (x86)/atmel/studio/7.0/toolchain/arm/arm-gnu-toolchain/bin/../lib/gcc/arm-none-eabi/6.2.1/thumb/v6-m/crtbegin.o
 *(SORT(.fini_array.*))
                0x000020e4                __fini_array_end = .
 *crtbegin.o(.dtors)
 *(EXCLUDE_FILE(*crtend.o) .dtors)
 *(SORT(.dtors.*))
 *crtend.o(.dtors)
                0x000020e4                . = ALIGN (0x4)
                0x000020e4                _efixed = .
                [!provide]                PROVIDE (__exidx_start, .)

.vfp11_veneer   0x000020e4        0x0
 .vfp11_veneer  0x000020e4        0x0 linker stubs

.v4_bx          0x000020e4        0x0
 .v4_bx         0x000020e4        0x0 linker stubs

.iplt           0x000020e4        0x0
 .iplt          0x000020e4        0x0 c:/program files (x86)/atmel/studio/7.0/toolchain/arm/arm-gnu-toolchain/bin/../lib/gcc/arm-none-eabi/6.2.1/thumb/v6-m/crtbegin.o

.eh_frame       0x000020e4        0x0
 .eh_frame      0x000020e4        0x0 c:/program files (x86)/atmel/studio/7.0/toolchain/arm/arm-gnu-toolchain/bin/../lib/gcc/arm-none-eabi/6.2.1/thumb/v6-m/crtbegin.o

.rel.dyn        0x000020e4        0x0
 .rel.iplt      0x000020e4        0x0 c:/program files (x86)/atmel/studio/7.0/toolchain/arm/arm-gnu-toolchain/bin/../lib/gcc/arm-none-eabi/6.2.1/thumb/v6-m/crtbegin.o

.jcr            0x000020e4        0x0
 .jcr           0x000020e4        0x0 c:/program files (x86)/atmel/studio/7.0/toolchain/arm/arm-gnu-toolchain/bin/../lib/gcc/arm-none-eabi/6.2.1/thumb/v6-m/crtbegin.o

.igot.plt       0x000020e4        0x0
 .igot.plt      0x000020e4        0x0 c:/program files (x86)/atmel/studio/7.0/toolchain/arm/arm-gnu-toolchain/bin/../lib/gcc/arm-none-eabi/6.2.1/thumb/v6-m/crtbegin.o

.ARM.exidx
 *(.ARM.exidx* .gnu.linkonce.armexidx.*)
                [!provide]                PROVIDE (__exidx_end, .)
                0x000020e4                . = ALIGN (0x4)
                0x000020e4                _etext = .

.relocate       0x20000000       0x78 load address 0x000020e4
                0x20000000                . = ALIGN (0x4)
                0x20000000                _srelocate = .
 *(.ramfunc .ramfunc.*)
 *(.data .data.*)
 .data.wr_apc_2_ideal
                0x20000000        0x3 src/spi_control.o
 *fill*         0x20000003        0x1 
 .data.wr_apc_2_play_memory
                0x20000004        0x3 src/spi_control.o
 *fill*         0x20000007        0x1 
 .data.wr_apc_2_record_mic
                0x20000008        0x3 src/spi_control.o
 *fill*         0x2000000b        0x1 
 .data.wr_buffer_clr_init
                0x2000000c        0x2 src/spi_control.o
 *fill*         0x2000000e        0x2 
 .data.wr_buffer_erase_set_1
                0x20000010        0x6 src/spi_control.o
 *fill*         0x20000016        0x2 
 .data.wr_buffer_erase_set_2
                0x20000018        0x6 src/spi_control.o
 *fill*         0x2000001e        0x2 
 .data.wr_buffer_erase_set_3
                0x20000020        0x6 src/spi_control.o
 *fill*         0x20000026        0x2 
 .data.wr_buffer_global_erase
                0x20000028        0x2 src/spi_control.o
 *fill*         0x2000002a        0x2 
 .data.wr_buffer_play_set_1
                0x2000002c        0x6 src/spi_control.o
 *fill*         0x20000032        0x2 
 .data.wr_buffer_play_set_2
                0x20000034        0x6 src/spi_control.o
 *fill*         0x2000003a        0x2 
 .data.wr_buffer_play_set_3
                0x2000003c        0x6 src/spi_control.o
 *fill*         0x20000042        0x2 
 .data.wr_buffer_power_on
                0x20000044        0x2 src/spi_control.o
 *fill*         0x20000046        0x2 
 .data.wr_buffer_record_set_1
                0x20000048        0x6 src/spi_control.o
 *fill*         0x2000004e        0x2 
 .data.wr_buffer_record_set_2
                0x20000050        0x6 src/spi_control.o
 *fill*         0x20000056        0x2 
 .data.wr_buffer_record_set_3
                0x20000058        0x6 src/spi_control.o
 *fill*         0x2000005e        0x2 
 .data.wr_buffer_reset
                0x20000060        0x2 src/spi_control.o
 *fill*         0x20000062        0x2 
 .data.wr_buffer_status_pointer
                0x20000064        0x3 src/spi_control.o
 *fill*         0x20000067        0x1 
 .data.wr_buffer_stop
                0x20000068        0x2 src/spi_control.o
 *fill*         0x2000006a        0x2 
 .data.cycles_per_ms
                0x2000006c        0x4 src/ASF/common2/services/delay/sam0/systick_counter.o
 .data.cycles_per_us
                0x20000070        0x4 src/ASF/common2/services/delay/sam0/systick_counter.o
 .data.g_interrupt_enabled
                0x20000074        0x1 src/ASF/common/utils/interrupt/interrupt_sam_nvic.o
                0x20000074                g_interrupt_enabled
                0x20000078                . = ALIGN (0x4)
 *fill*         0x20000075        0x3 
                0x20000078                _erelocate = .

.bss            0x20000078      0x114 load address 0x0000215c
                0x20000078                . = ALIGN (0x4)
                0x20000078                _sbss = .
                0x20000078                _szero = .
 *(.bss .bss.*)
 .bss           0x20000078       0x1c c:/program files (x86)/atmel/studio/7.0/toolchain/arm/arm-gnu-toolchain/bin/../lib/gcc/arm-none-eabi/6.2.1/thumb/v6-m/crtbegin.o
 .bss.rd_buffer
                0x20000094        0x2 src/spi_control.o
 *fill*         0x20000096        0x2 
 .bss.rd_buffer_3
                0x20000098        0x3 src/spi_control.o
 *fill*         0x2000009b        0x1 
 .bss.rd_buffer_6
                0x2000009c        0x6 src/spi_control.o
 *fill*         0x200000a2        0x2 
 .bss._sercom_config
                0x200000a4        0x2 src/ASF/sam0/drivers/sercom/sercom.o
 .bss._handler_table_initialized
                0x200000a6        0x1 src/ASF/sam0/drivers/sercom/sercom_interrupt.o
 *fill*         0x200000a7        0x1 
 .bss._sercom_interrupt_handlers
                0x200000a8        0x8 src/ASF/sam0/drivers/sercom/sercom_interrupt.o
 .bss.counter_timer
                0x200000b0        0x1 src/bsp.o
 .bss.track_led_mode
                0x200000b1        0x1 src/bsp.o
 .bss.transrev_complete_spi_master
                0x200000b2        0x1 src/spi_master.o
                0x200000b2                transrev_complete_spi_master
 *fill*         0x200000b3        0x1 
 .bss.cpu_irq_critical_section_counter
                0x200000b4        0x4 src/ASF/common/utils/interrupt/interrupt_sam_nvic.o
 .bss.cpu_irq_prev_interrupt_state
                0x200000b8        0x1 src/ASF/common/utils/interrupt/interrupt_sam_nvic.o
 *fill*         0x200000b9        0x3 
 .bss._system_clock_inst
                0x200000bc       0x18 src/ASF/sam0/drivers/system/clock/clock_samd09_d10_d11/clock.o
 .bss.input_buttons
                0x200000d4        0x1 src/main.o
                0x200000d4                input_buttons
 .bss.interrupt_occured
                0x200000d5        0x1 src/main.o
                0x200000d5                interrupt_occured
 .bss.track_pointer
                0x200000d6        0x1 src/main.o
                0x200000d6                track_pointer
 *(COMMON)
 COMMON         0x200000d7        0x1 src/ASF/sam0/drivers/extint/extint_callback.o
                0x200000d7                _current_channel
 COMMON         0x200000d8       0x40 src/ASF/sam0/drivers/extint/extint_sam_d_r_h/extint.o
                0x200000d8                _extint_dev
 COMMON         0x20000118       0x1c src/buttons.o
                0x20000118                tc_instance1
 COMMON         0x20000134       0x3f src/spi_control.o
                0x20000134                spi_master_instance
                0x20000170                slave
 *fill*         0x20000173        0x1 
 COMMON         0x20000174        0x8 src/ASF/sam0/drivers/sercom/sercom_interrupt.o
                0x20000174                _sercom_instances
 COMMON         0x2000017c        0x2 src/ASF/sam0/drivers/sercom/spi/spi_interrupt.o
                0x2000017c                dummy_write
 *fill*         0x2000017e        0x2 
 COMMON         0x20000180        0x4 src/ASF/sam0/drivers/tcc/tcc_callback.o
                0x20000180                _tcc_instances
 COMMON         0x20000184        0x8 src/ASF/sam0/drivers/tc/tc_interrupt.o
                0x20000184                _tc_instances
                0x2000018c                . = ALIGN (0x4)
                0x2000018c                _ebss = .
                0x2000018c                _ezero = .

.stack          0x2000018c      0x404 load address 0x00002270
                0x20000190                . = ALIGN (0x8)
 *fill*         0x2000018c        0x4 
                0x20000190                _sstack = .
                0x20000590                . = (. + STACK_SIZE)
 *fill*         0x20000190      0x400 
                0x20000590                . = ALIGN (0x8)
                0x20000590                _estack = .
                0x20000590                . = ALIGN (0x4)
                0x20000590                _end = .
OUTPUT(Burp_box.elf elf32-littlearm)

.ARM.attributes
                0x00000000       0x28
 .ARM.attributes
                0x00000000       0x1e c:/program files (x86)/atmel/studio/7.0/toolchain/arm/arm-gnu-toolchain/bin/../lib/gcc/arm-none-eabi/6.2.1/thumb/v6-m/crti.o
 .ARM.attributes
                0x0000001e       0x2c c:/program files (x86)/atmel/studio/7.0/toolchain/arm/arm-gnu-toolchain/bin/../lib/gcc/arm-none-eabi/6.2.1/thumb/v6-m/crtbegin.o
 .ARM.attributes
                0x0000004a       0x32 src/ASF/sam0/drivers/extint/extint_callback.o
 .ARM.attributes
                0x0000007c       0x32 src/ASF/sam0/drivers/extint/extint_sam_d_r_h/extint.o
 .ARM.attributes
                0x000000ae       0x32 src/buttons.o
 .ARM.attributes
                0x000000e0       0x32 src/main_control.o
 .ARM.attributes
                0x00000112       0x32 src/spi_control.o
 .ARM.attributes
                0x00000144       0x32 src/ASF/common2/services/delay/sam0/systick_counter.o
 .ARM.attributes
                0x00000176       0x32 src/ASF/sam0/drivers/port/port.o
 .ARM.attributes
                0x000001a8       0x32 src/ASF/sam0/drivers/sercom/sercom.o
 .ARM.attributes
                0x000001da       0x32 src/ASF/sam0/drivers/sercom/sercom_interrupt.o
 .ARM.attributes
                0x0000020c       0x32 src/ASF/sam0/drivers/sercom/spi/spi.o
 .ARM.attributes
                0x0000023e       0x32 src/ASF/sam0/drivers/sercom/spi/spi_interrupt.o
 .ARM.attributes
                0x00000270       0x32 src/ASF/sam0/drivers/tcc/tcc_callback.o
 .ARM.attributes
                0x000002a2       0x32 src/ASF/sam0/drivers/tc/tc_interrupt.o
 .ARM.attributes
                0x000002d4       0x32 src/ASF/sam0/drivers/tc/tc_sam_d_r_h/tc.o
 .ARM.attributes
                0x00000306       0x32 src/bsp.o
 .ARM.attributes
                0x00000338       0x32 src/spi_master.o
 .ARM.attributes
                0x0000036a       0x32 src/ASF/common2/boards/user_board/init.o
 .ARM.attributes
                0x0000039c       0x32 src/ASF/common/utils/interrupt/interrupt_sam_nvic.o
 .ARM.attributes
                0x000003ce       0x32 src/ASF/sam0/drivers/system/clock/clock_samd09_d10_d11/clock.o
 .ARM.attributes
                0x00000400       0x32 src/ASF/sam0/drivers/system/clock/clock_samd09_d10_d11/gclk.o
 .ARM.attributes
                0x00000432       0x32 src/ASF/sam0/drivers/system/pinmux/pinmux.o
 .ARM.attributes
                0x00000464       0x32 src/ASF/sam0/drivers/system/system.o
 .ARM.attributes
                0x00000496       0x32 src/ASF/sam0/utils/cmsis/samd10/source/gcc/startup_samd10.o
 .ARM.attributes
                0x000004c8       0x32 src/main.o
 .ARM.attributes
                0x000004fa       0x1e c:/program files (x86)/atmel/studio/7.0/toolchain/arm/arm-gnu-toolchain/bin/../lib/gcc/arm-none-eabi/6.2.1/thumb/v6-m\libgcc.a(_udivsi3.o)
 .ARM.attributes
                0x00000518       0x1e c:/program files (x86)/atmel/studio/7.0/toolchain/arm/arm-gnu-toolchain/bin/../lib/gcc/arm-none-eabi/6.2.1/thumb/v6-m\libgcc.a(_dvmd_tls.o)
 .ARM.attributes
                0x00000536       0x2c c:/program files (x86)/atmel/studio/7.0/toolchain/arm/arm-gnu-toolchain/bin/../lib/gcc/arm-none-eabi/6.2.1/../../../../arm-none-eabi/lib/thumb/v6-m\libc_nano.a(lib_a-init.o)
 .ARM.attributes
                0x00000562       0x2c c:/program files (x86)/atmel/studio/7.0/toolchain/arm/arm-gnu-toolchain/bin/../lib/gcc/arm-none-eabi/6.2.1/../../../../arm-none-eabi/lib/thumb/v6-m\libc_nano.a(lib_a-memset.o)
 .ARM.attributes
                0x0000058e       0x1e c:/program files (x86)/atmel/studio/7.0/toolchain/arm/arm-gnu-toolchain/bin/../lib/gcc/arm-none-eabi/6.2.1/thumb/v6-m/crtn.o

.comment        0x00000000       0x59
 .comment       0x00000000       0x59 src/ASF/sam0/drivers/extint/extint_callback.o
                                 0x5a (size before relaxing)
 .comment       0x00000059       0x5a src/ASF/sam0/drivers/extint/extint_sam_d_r_h/extint.o
 .comment       0x00000059       0x5a src/buttons.o
 .comment       0x00000059       0x5a src/main_control.o
 .comment       0x00000059       0x5a src/spi_control.o
 .comment       0x00000059       0x5a src/ASF/common2/services/delay/sam0/systick_counter.o
 .comment       0x00000059       0x5a src/ASF/sam0/drivers/port/port.o
 .comment       0x00000059       0x5a src/ASF/sam0/drivers/sercom/sercom.o
 .comment       0x00000059       0x5a src/ASF/sam0/drivers/sercom/sercom_interrupt.o
 .comment       0x00000059       0x5a src/ASF/sam0/drivers/sercom/spi/spi.o
 .comment       0x00000059       0x5a src/ASF/sam0/drivers/sercom/spi/spi_interrupt.o
 .comment       0x00000059       0x5a src/ASF/sam0/drivers/tcc/tcc_callback.o
 .comment       0x00000059       0x5a src/ASF/sam0/drivers/tc/tc_interrupt.o
 .comment       0x00000059       0x5a src/ASF/sam0/drivers/tc/tc_sam_d_r_h/tc.o
 .comment       0x00000059       0x5a src/bsp.o
 .comment       0x00000059       0x5a src/spi_master.o
 .comment       0x00000059       0x5a src/ASF/common2/boards/user_board/init.o
 .comment       0x00000059       0x5a src/ASF/common/utils/interrupt/interrupt_sam_nvic.o
 .comment       0x00000059       0x5a src/ASF/sam0/drivers/system/clock/clock_samd09_d10_d11/clock.o
 .comment       0x00000059       0x5a src/ASF/sam0/drivers/system/clock/clock_samd09_d10_d11/gclk.o
 .comment       0x00000059       0x5a src/ASF/sam0/drivers/system/pinmux/pinmux.o
 .comment       0x00000059       0x5a src/ASF/sam0/drivers/system/system.o
 .comment       0x00000059       0x5a src/ASF/sam0/utils/cmsis/samd10/source/gcc/startup_samd10.o
 .comment       0x00000059       0x5a src/main.o

.debug_info     0x00000000    0x3aaf9
 .debug_info    0x00000000     0x1668 src/ASF/sam0/drivers/extint/extint_callback.o
 .debug_info    0x00001668     0x2750 src/ASF/sam0/drivers/extint/extint_sam_d_r_h/extint.o
 .debug_info    0x00003db8     0x2011 src/buttons.o
 .debug_info    0x00005dc9     0x1b61 src/main_control.o
 .debug_info    0x0000792a     0x4627 src/spi_control.o
 .debug_info    0x0000bf51      0xb81 src/ASF/common2/services/delay/sam0/systick_counter.o
 .debug_info    0x0000cad2     0x12ac src/ASF/sam0/drivers/port/port.o
 .debug_info    0x0000dd7e     0x2d80 src/ASF/sam0/drivers/sercom/sercom.o
 .debug_info    0x00010afe     0x2ac6 src/ASF/sam0/drivers/sercom/sercom_interrupt.o
 .debug_info    0x000135c4     0x68e4 src/ASF/sam0/drivers/sercom/spi/spi.o
 .debug_info    0x00019ea8     0x3182 src/ASF/sam0/drivers/sercom/spi/spi_interrupt.o
 .debug_info    0x0001d02a     0x301f src/ASF/sam0/drivers/tcc/tcc_callback.o
 .debug_info    0x00020049     0x1ae3 src/ASF/sam0/drivers/tc/tc_interrupt.o
 .debug_info    0x00021b2c     0x2eb9 src/ASF/sam0/drivers/tc/tc_sam_d_r_h/tc.o
 .debug_info    0x000249e5     0x2f3f src/bsp.o
 .debug_info    0x00027924     0x50fd src/spi_master.o
 .debug_info    0x0002ca21      0xa7a src/ASF/common2/boards/user_board/init.o
 .debug_info    0x0002d49b      0xafb src/ASF/common/utils/interrupt/interrupt_sam_nvic.o
 .debug_info    0x0002df96     0x3654 src/ASF/sam0/drivers/system/clock/clock_samd09_d10_d11/clock.o
 .debug_info    0x000315ea     0x1e47 src/ASF/sam0/drivers/system/clock/clock_samd09_d10_d11/gclk.o
 .debug_info    0x00033431     0x13ea src/ASF/sam0/drivers/system/pinmux/pinmux.o
 .debug_info    0x0003481b      0xa67 src/ASF/sam0/drivers/system/system.o
 .debug_info    0x00035282     0x1ab0 src/ASF/sam0/utils/cmsis/samd10/source/gcc/startup_samd10.o
 .debug_info    0x00036d32     0x3dc7 src/main.o

.debug_abbrev   0x00000000     0x4f72
 .debug_abbrev  0x00000000      0x320 src/ASF/sam0/drivers/extint/extint_callback.o
 .debug_abbrev  0x00000320      0x4a7 src/ASF/sam0/drivers/extint/extint_sam_d_r_h/extint.o
 .debug_abbrev  0x000007c7      0x388 src/buttons.o
 .debug_abbrev  0x00000b4f      0x2c1 src/main_control.o
 .debug_abbrev  0x00000e10      0x376 src/spi_control.o
 .debug_abbrev  0x00001186      0x24b src/ASF/common2/services/delay/sam0/systick_counter.o
 .debug_abbrev  0x000013d1      0x298 src/ASF/sam0/drivers/port/port.o
 .debug_abbrev  0x00001669      0x376 src/ASF/sam0/drivers/sercom/sercom.o
 .debug_abbrev  0x000019df      0x2da src/ASF/sam0/drivers/sercom/sercom_interrupt.o
 .debug_abbrev  0x00001cb9      0x51f src/ASF/sam0/drivers/sercom/spi/spi.o
 .debug_abbrev  0x000021d8      0x3ee src/ASF/sam0/drivers/sercom/spi/spi_interrupt.o
 .debug_abbrev  0x000025c6      0x389 src/ASF/sam0/drivers/tcc/tcc_callback.o
 .debug_abbrev  0x0000294f      0x2ff src/ASF/sam0/drivers/tc/tc_interrupt.o
 .debug_abbrev  0x00002c4e      0x44f src/ASF/sam0/drivers/tc/tc_sam_d_r_h/tc.o
 .debug_abbrev  0x0000309d      0x457 src/bsp.o
 .debug_abbrev  0x000034f4      0x420 src/spi_master.o
 .debug_abbrev  0x00003914      0x1be src/ASF/common2/boards/user_board/init.o
 .debug_abbrev  0x00003ad2      0x22c src/ASF/common/utils/interrupt/interrupt_sam_nvic.o
 .debug_abbrev  0x00003cfe      0x465 src/ASF/sam0/drivers/system/clock/clock_samd09_d10_d11/clock.o
 .debug_abbrev  0x00004163      0x3f1 src/ASF/sam0/drivers/system/clock/clock_samd09_d10_d11/gclk.o
 .debug_abbrev  0x00004554      0x36e src/ASF/sam0/drivers/system/pinmux/pinmux.o
 .debug_abbrev  0x000048c2      0x1e1 src/ASF/sam0/drivers/system/system.o
 .debug_abbrev  0x00004aa3      0x200 src/ASF/sam0/utils/cmsis/samd10/source/gcc/startup_samd10.o
 .debug_abbrev  0x00004ca3      0x2cf src/main.o

.debug_loc      0x00000000     0x7b98
 .debug_loc     0x00000000      0x28f src/ASF/sam0/drivers/extint/extint_callback.o
 .debug_loc     0x0000028f      0x43d src/ASF/sam0/drivers/extint/extint_sam_d_r_h/extint.o
 .debug_loc     0x000006cc      0x196 src/buttons.o
 .debug_loc     0x00000862       0x6b src/main_control.o
 .debug_loc     0x000008cd      0x58c src/spi_control.o
 .debug_loc     0x00000e59       0xe4 src/ASF/common2/services/delay/sam0/systick_counter.o
 .debug_loc     0x00000f3d      0x13d src/ASF/sam0/drivers/port/port.o
 .debug_loc     0x0000107a      0x7b4 src/ASF/sam0/drivers/sercom/sercom.o
 .debug_loc     0x0000182e      0x10d src/ASF/sam0/drivers/sercom/sercom_interrupt.o
 .debug_loc     0x0000193b     0x2a76 src/ASF/sam0/drivers/sercom/spi/spi.o
 .debug_loc     0x000043b1      0x6b0 src/ASF/sam0/drivers/sercom/spi/spi_interrupt.o
 .debug_loc     0x00004a61      0x205 src/ASF/sam0/drivers/tcc/tcc_callback.o
 .debug_loc     0x00004c66      0x168 src/ASF/sam0/drivers/tc/tc_interrupt.o
 .debug_loc     0x00004dce      0xdb9 src/ASF/sam0/drivers/tc/tc_sam_d_r_h/tc.o
 .debug_loc     0x00005b87      0x576 src/bsp.o
 .debug_loc     0x000060fd      0x2af src/spi_master.o
 .debug_loc     0x000063ac      0xefb src/ASF/sam0/drivers/system/clock/clock_samd09_d10_d11/clock.o
 .debug_loc     0x000072a7      0x504 src/ASF/sam0/drivers/system/clock/clock_samd09_d10_d11/gclk.o
 .debug_loc     0x000077ab      0x36d src/ASF/sam0/drivers/system/pinmux/pinmux.o
 .debug_loc     0x00007b18       0x20 src/ASF/sam0/drivers/system/system.o
 .debug_loc     0x00007b38       0x40 src/ASF/sam0/utils/cmsis/samd10/source/gcc/startup_samd10.o
 .debug_loc     0x00007b78       0x20 src/main.o

.debug_aranges  0x00000000      0x6c8
 .debug_aranges
                0x00000000       0x48 src/ASF/sam0/drivers/extint/extint_callback.o
 .debug_aranges
                0x00000048       0x50 src/ASF/sam0/drivers/extint/extint_sam_d_r_h/extint.o
 .debug_aranges
                0x00000098       0x68 src/buttons.o
 .debug_aranges
                0x00000100       0x20 src/main_control.o
 .debug_aranges
                0x00000120       0xa8 src/spi_control.o
 .debug_aranges
                0x000001c8       0x30 src/ASF/common2/services/delay/sam0/systick_counter.o
 .debug_aranges
                0x000001f8       0x28 src/ASF/sam0/drivers/port/port.o
 .debug_aranges
                0x00000220       0x48 src/ASF/sam0/drivers/sercom/sercom.o
 .debug_aranges
                0x00000268       0x40 src/ASF/sam0/drivers/sercom/sercom_interrupt.o
 .debug_aranges
                0x000002a8       0x58 src/ASF/sam0/drivers/sercom/spi/spi.o
 .debug_aranges
                0x00000300       0x50 src/ASF/sam0/drivers/sercom/spi/spi_interrupt.o
 .debug_aranges
                0x00000350       0x48 src/ASF/sam0/drivers/tcc/tcc_callback.o
 .debug_aranges
                0x00000398       0x40 src/ASF/sam0/drivers/tc/tc_interrupt.o
 .debug_aranges
                0x000003d8       0x58 src/ASF/sam0/drivers/tc/tc_sam_d_r_h/tc.o
 .debug_aranges
                0x00000430       0x60 src/bsp.o
 .debug_aranges
                0x00000490       0x48 src/spi_master.o
 .debug_aranges
                0x000004d8       0x20 src/ASF/common2/boards/user_board/init.o
 .debug_aranges
                0x000004f8       0x28 src/ASF/common/utils/interrupt/interrupt_sam_nvic.o
 .debug_aranges
                0x00000520       0x78 src/ASF/sam0/drivers/system/clock/clock_samd09_d10_d11/clock.o
 .debug_aranges
                0x00000598       0x80 src/ASF/sam0/drivers/system/clock/clock_samd09_d10_d11/gclk.o
 .debug_aranges
                0x00000618       0x40 src/ASF/sam0/drivers/system/pinmux/pinmux.o
 .debug_aranges
                0x00000658       0x28 src/ASF/sam0/drivers/system/system.o
 .debug_aranges
                0x00000680       0x28 src/ASF/sam0/utils/cmsis/samd10/source/gcc/startup_samd10.o
 .debug_aranges
                0x000006a8       0x20 src/main.o

.debug_ranges   0x00000000      0xad8
 .debug_ranges  0x00000000       0x90 src/ASF/sam0/drivers/extint/extint_callback.o
 .debug_ranges  0x00000090       0x40 src/ASF/sam0/drivers/extint/extint_sam_d_r_h/extint.o
 .debug_ranges  0x000000d0       0x58 src/buttons.o
 .debug_ranges  0x00000128       0x10 src/main_control.o
 .debug_ranges  0x00000138       0x98 src/spi_control.o
 .debug_ranges  0x000001d0       0x50 src/ASF/common2/services/delay/sam0/systick_counter.o
 .debug_ranges  0x00000220       0x18 src/ASF/sam0/drivers/port/port.o
 .debug_ranges  0x00000238       0x58 src/ASF/sam0/drivers/sercom/sercom.o
 .debug_ranges  0x00000290       0x30 src/ASF/sam0/drivers/sercom/sercom_interrupt.o
 .debug_ranges  0x000002c0      0x438 src/ASF/sam0/drivers/sercom/spi/spi.o
 .debug_ranges  0x000006f8       0xd0 src/ASF/sam0/drivers/sercom/spi/spi_interrupt.o
 .debug_ranges  0x000007c8       0x38 src/ASF/sam0/drivers/tcc/tcc_callback.o
 .debug_ranges  0x00000800       0x30 src/ASF/sam0/drivers/tc/tc_interrupt.o
 .debug_ranges  0x00000830       0x98 src/ASF/sam0/drivers/tc/tc_sam_d_r_h/tc.o
 .debug_ranges  0x000008c8       0x50 src/bsp.o
 .debug_ranges  0x00000918       0x38 src/spi_master.o
 .debug_ranges  0x00000950       0x10 src/ASF/common2/boards/user_board/init.o
 .debug_ranges  0x00000960       0x18 src/ASF/common/utils/interrupt/interrupt_sam_nvic.o
 .debug_ranges  0x00000978       0x68 src/ASF/sam0/drivers/system/clock/clock_samd09_d10_d11/clock.o
 .debug_ranges  0x000009e0       0x88 src/ASF/sam0/drivers/system/clock/clock_samd09_d10_d11/gclk.o
 .debug_ranges  0x00000a68       0x30 src/ASF/sam0/drivers/system/pinmux/pinmux.o
 .debug_ranges  0x00000a98       0x18 src/ASF/sam0/drivers/system/system.o
 .debug_ranges  0x00000ab0       0x18 src/ASF/sam0/utils/cmsis/samd10/source/gcc/startup_samd10.o
 .debug_ranges  0x00000ac8       0x10 src/main.o

.debug_macro    0x00000000    0x1775c
 .debug_macro   0x00000000      0x4b5 src/ASF/sam0/drivers/extint/extint_callback.o
 .debug_macro   0x000004b5      0x8c2 src/ASF/sam0/drivers/extint/extint_callback.o
 .debug_macro   0x00000d77      0x16d src/ASF/sam0/drivers/extint/extint_callback.o
 .debug_macro   0x00000ee4      0x64b src/ASF/sam0/drivers/extint/extint_callback.o
 .debug_macro   0x0000152f       0x22 src/ASF/sam0/drivers/extint/extint_callback.o
 .debug_macro   0x00001551       0x87 src/ASF/sam0/drivers/extint/extint_callback.o
 .debug_macro   0x000015d8       0x51 src/ASF/sam0/drivers/extint/extint_callback.o
 .debug_macro   0x00001629       0xef src/ASF/sam0/drivers/extint/extint_callback.o
 .debug_macro   0x00001718       0x6a src/ASF/sam0/drivers/extint/extint_callback.o
 .debug_macro   0x00001782      0x1df src/ASF/sam0/drivers/extint/extint_callback.o
 .debug_macro   0x00001961       0x10 src/ASF/sam0/drivers/extint/extint_callback.o
 .debug_macro   0x00001971       0x76 src/ASF/sam0/drivers/extint/extint_callback.o
 .debug_macro   0x000019e7       0x16 src/ASF/sam0/drivers/extint/extint_callback.o
 .debug_macro   0x000019fd      0x6e5 src/ASF/sam0/drivers/extint/extint_callback.o
 .debug_macro   0x000020e2      0xde2 src/ASF/sam0/drivers/extint/extint_callback.o
 .debug_macro   0x00002ec4       0x22 src/ASF/sam0/drivers/extint/extint_callback.o
 .debug_macro   0x00002ee6       0x40 src/ASF/sam0/drivers/extint/extint_callback.o
 .debug_macro   0x00002f26       0x3a src/ASF/sam0/drivers/extint/extint_callback.o
 .debug_macro   0x00002f60       0x1f src/ASF/sam0/drivers/extint/extint_callback.o
 .debug_macro   0x00002f7f      0x250 src/ASF/sam0/drivers/extint/extint_callback.o
 .debug_macro   0x000031cf      0x682 src/ASF/sam0/drivers/extint/extint_callback.o
 .debug_macro   0x00003851      0x8c1 src/ASF/sam0/drivers/extint/extint_callback.o
 .debug_macro   0x00004112      0x235 src/ASF/sam0/drivers/extint/extint_callback.o
 .debug_macro   0x00004347      0xbde src/ASF/sam0/drivers/extint/extint_callback.o
 .debug_macro   0x00004f25      0x5b8 src/ASF/sam0/drivers/extint/extint_callback.o
 .debug_macro   0x000054dd      0x7cb src/ASF/sam0/drivers/extint/extint_callback.o
 .debug_macro   0x00005ca8      0x4e6 src/ASF/sam0/drivers/extint/extint_callback.o
 .debug_macro   0x0000618e      0x3ac src/ASF/sam0/drivers/extint/extint_callback.o
 .debug_macro   0x0000653a      0x19a src/ASF/sam0/drivers/extint/extint_callback.o
 .debug_macro   0x000066d4      0x226 src/ASF/sam0/drivers/extint/extint_callback.o
 .debug_macro   0x000068fa      0x745 src/ASF/sam0/drivers/extint/extint_callback.o
 .debug_macro   0x0000703f       0x5e src/ASF/sam0/drivers/extint/extint_callback.o
 .debug_macro   0x0000709d      0x610 src/ASF/sam0/drivers/extint/extint_callback.o
 .debug_macro   0x000076ad      0x3b8 src/ASF/sam0/drivers/extint/extint_callback.o
 .debug_macro   0x00007a65      0xc55 src/ASF/sam0/drivers/extint/extint_callback.o
 .debug_macro   0x000086ba     0x1093 src/ASF/sam0/drivers/extint/extint_callback.o
 .debug_macro   0x0000974d      0xc19 src/ASF/sam0/drivers/extint/extint_callback.o
 .debug_macro   0x0000a366      0x6c2 src/ASF/sam0/drivers/extint/extint_callback.o
 .debug_macro   0x0000aa28     0x1b94 src/ASF/sam0/drivers/extint/extint_callback.o
 .debug_macro   0x0000c5bc      0x351 src/ASF/sam0/drivers/extint/extint_callback.o
 .debug_macro   0x0000c90d       0x7c src/ASF/sam0/drivers/extint/extint_callback.o
 .debug_macro   0x0000c989       0xa0 src/ASF/sam0/drivers/extint/extint_callback.o
 .debug_macro   0x0000ca29       0x4c src/ASF/sam0/drivers/extint/extint_callback.o
 .debug_macro   0x0000ca75       0xca src/ASF/sam0/drivers/extint/extint_callback.o
 .debug_macro   0x0000cb3f       0xbe src/ASF/sam0/drivers/extint/extint_callback.o
 .debug_macro   0x0000cbfd       0x58 src/ASF/sam0/drivers/extint/extint_callback.o
 .debug_macro   0x0000cc55      0x225 src/ASF/sam0/drivers/extint/extint_callback.o
 .debug_macro   0x0000ce7a       0x82 src/ASF/sam0/drivers/extint/extint_callback.o
 .debug_macro   0x0000cefc      0x19a src/ASF/sam0/drivers/extint/extint_callback.o
 .debug_macro   0x0000d096       0xa0 src/ASF/sam0/drivers/extint/extint_callback.o
 .debug_macro   0x0000d136       0xc4 src/ASF/sam0/drivers/extint/extint_callback.o
 .debug_macro   0x0000d1fa       0x1c src/ASF/sam0/drivers/extint/extint_callback.o
 .debug_macro   0x0000d216       0x1c src/ASF/sam0/drivers/extint/extint_callback.o
 .debug_macro   0x0000d232       0x1c src/ASF/sam0/drivers/extint/extint_callback.o
 .debug_macro   0x0000d24e       0x82 src/ASF/sam0/drivers/extint/extint_callback.o
 .debug_macro   0x0000d2d0      0x112 src/ASF/sam0/drivers/extint/extint_callback.o
 .debug_macro   0x0000d3e2       0xdc src/ASF/sam0/drivers/extint/extint_callback.o
 .debug_macro   0x0000d4be      0x132 src/ASF/sam0/drivers/extint/extint_callback.o
 .debug_macro   0x0000d5f0      0x132 src/ASF/sam0/drivers/extint/extint_callback.o
 .debug_macro   0x0000d722      0x11e src/ASF/sam0/drivers/extint/extint_callback.o
 .debug_macro   0x0000d840       0xe2 src/ASF/sam0/drivers/extint/extint_callback.o
 .debug_macro   0x0000d922       0xe2 src/ASF/sam0/drivers/extint/extint_callback.o
 .debug_macro   0x0000da04      0x12f src/ASF/sam0/drivers/extint/extint_callback.o
 .debug_macro   0x0000db33       0x40 src/ASF/sam0/drivers/extint/extint_callback.o
 .debug_macro   0x0000db73      0x2c7 src/ASF/sam0/drivers/extint/extint_callback.o
 .debug_macro   0x0000de3a      0x7bb src/ASF/sam0/drivers/extint/extint_callback.o
 .debug_macro   0x0000e5f5       0x5f src/ASF/sam0/drivers/extint/extint_callback.o
 .debug_macro   0x0000e654       0x52 src/ASF/sam0/drivers/extint/extint_callback.o
 .debug_macro   0x0000e6a6       0x35 src/ASF/sam0/drivers/extint/extint_callback.o
 .debug_macro   0x0000e6db       0x9c src/ASF/sam0/drivers/extint/extint_callback.o
 .debug_macro   0x0000e777       0x16 src/ASF/sam0/drivers/extint/extint_callback.o
 .debug_macro   0x0000e78d       0x35 src/ASF/sam0/drivers/extint/extint_callback.o
 .debug_macro   0x0000e7c2      0x330 src/ASF/sam0/drivers/extint/extint_callback.o
 .debug_macro   0x0000eaf2       0x10 src/ASF/sam0/drivers/extint/extint_callback.o
 .debug_macro   0x0000eb02       0x52 src/ASF/sam0/drivers/extint/extint_callback.o
 .debug_macro   0x0000eb54       0x1f src/ASF/sam0/drivers/extint/extint_callback.o
 .debug_macro   0x0000eb73       0x43 src/ASF/sam0/drivers/extint/extint_callback.o
 .debug_macro   0x0000ebb6       0x20 src/ASF/sam0/drivers/extint/extint_callback.o
 .debug_macro   0x0000ebd6      0x187 src/ASF/sam0/drivers/extint/extint_callback.o
 .debug_macro   0x0000ed5d       0x10 src/ASF/sam0/drivers/extint/extint_callback.o
 .debug_macro   0x0000ed6d       0x1c src/ASF/sam0/drivers/extint/extint_callback.o
 .debug_macro   0x0000ed89       0x52 src/ASF/sam0/drivers/extint/extint_callback.o
 .debug_macro   0x0000eddb       0x40 src/ASF/sam0/drivers/extint/extint_callback.o
 .debug_macro   0x0000ee1b       0x10 src/ASF/sam0/drivers/extint/extint_callback.o
 .debug_macro   0x0000ee2b       0x40 src/ASF/sam0/drivers/extint/extint_callback.o
 .debug_macro   0x0000ee6b       0xd7 src/ASF/sam0/drivers/extint/extint_callback.o
 .debug_macro   0x0000ef42       0x16 src/ASF/sam0/drivers/extint/extint_callback.o
 .debug_macro   0x0000ef58      0x18b src/ASF/sam0/drivers/extint/extint_callback.o
 .debug_macro   0x0000f0e3       0x16 src/ASF/sam0/drivers/extint/extint_callback.o
 .debug_macro   0x0000f0f9       0x16 src/ASF/sam0/drivers/extint/extint_callback.o
 .debug_macro   0x0000f10f       0x29 src/ASF/sam0/drivers/extint/extint_callback.o
 .debug_macro   0x0000f138       0x51 src/ASF/sam0/drivers/extint/extint_callback.o
 .debug_macro   0x0000f189       0x3f src/ASF/sam0/drivers/extint/extint_callback.o
 .debug_macro   0x0000f1c8      0x3df src/ASF/sam0/drivers/extint/extint_callback.o
 .debug_macro   0x0000f5a7       0x18 src/ASF/sam0/drivers/extint/extint_callback.o
 .debug_macro   0x0000f5bf       0x19 src/ASF/sam0/drivers/extint/extint_callback.o
 .debug_macro   0x0000f5d8      0x50f src/ASF/sam0/drivers/extint/extint_sam_d_r_h/extint.o
 .debug_macro   0x0000fae7       0x11 src/ASF/sam0/drivers/extint/extint_sam_d_r_h/extint.o
 .debug_macro   0x0000faf8       0x16 src/ASF/sam0/drivers/extint/extint_sam_d_r_h/extint.o
 .debug_macro   0x0000fb0e       0x2e src/ASF/sam0/drivers/extint/extint_sam_d_r_h/extint.o
 .debug_macro   0x0000fb3c       0x1f src/ASF/sam0/drivers/extint/extint_sam_d_r_h/extint.o
 .debug_macro   0x0000fb5b       0x16 src/ASF/sam0/drivers/extint/extint_sam_d_r_h/extint.o
 .debug_macro   0x0000fb71      0x63d src/buttons.o
 .debug_macro   0x000101ae       0x16 src/buttons.o
 .debug_macro   0x000101c4       0x16 src/buttons.o
 .debug_macro   0x000101da      0x2c6 src/buttons.o
 .debug_macro   0x000104a0       0x11 src/buttons.o
 .debug_macro   0x000104b1       0x42 src/buttons.o
 .debug_macro   0x000104f3       0x10 src/buttons.o
 .debug_macro   0x00010503       0x16 src/buttons.o
 .debug_macro   0x00010519       0x16 src/buttons.o
 .debug_macro   0x0001052f       0x35 src/buttons.o
 .debug_macro   0x00010564       0x6c src/buttons.o
 .debug_macro   0x000105d0       0x8f src/buttons.o
 .debug_macro   0x0001065f       0x4c src/buttons.o
 .debug_macro   0x000106ab       0x40 src/buttons.o
 .debug_macro   0x000106eb       0x8e src/buttons.o
 .debug_macro   0x00010779      0x631 src/main_control.o
 .debug_macro   0x00010daa      0x62f src/spi_control.o
 .debug_macro   0x000113d9       0x10 src/spi_control.o
 .debug_macro   0x000113e9      0x4cb src/ASF/common2/services/delay/sam0/systick_counter.o
 .debug_macro   0x000118b4      0x4ac src/ASF/sam0/drivers/port/port.o
 .debug_macro   0x00011d60      0x51d src/ASF/sam0/drivers/sercom/sercom.o
 .debug_macro   0x0001227d      0x51a src/ASF/sam0/drivers/sercom/sercom_interrupt.o
 .debug_macro   0x00012797      0x563 src/ASF/sam0/drivers/sercom/spi/spi.o
 .debug_macro   0x00012cfa      0x56d src/ASF/sam0/drivers/sercom/spi/spi_interrupt.o
 .debug_macro   0x00013267      0x50a src/ASF/sam0/drivers/tcc/tcc_callback.o
 .debug_macro   0x00013771      0x4fe src/ASF/sam0/drivers/tc/tc_interrupt.o
 .debug_macro   0x00013c6f       0x19 src/ASF/sam0/drivers/tc/tc_interrupt.o
 .debug_macro   0x00013c88       0x51 src/ASF/sam0/drivers/tc/tc_interrupt.o
 .debug_macro   0x00013cd9      0x519 src/ASF/sam0/drivers/tc/tc_sam_d_r_h/tc.o
 .debug_macro   0x000141f2      0x620 src/bsp.o
 .debug_macro   0x00014812      0x634 src/spi_master.o
 .debug_macro   0x00014e46      0x612 src/ASF/common2/boards/user_board/init.o
 .debug_macro   0x00015458      0x490 src/ASF/common/utils/interrupt/interrupt_sam_nvic.o
 .debug_macro   0x000158e8      0x4f5 src/ASF/sam0/drivers/system/clock/clock_samd09_d10_d11/clock.o
 .debug_macro   0x00015ddd      0x234 src/ASF/sam0/drivers/system/clock/clock_samd09_d10_d11/clock.o
 .debug_macro   0x00016011      0x4c6 src/ASF/sam0/drivers/system/clock/clock_samd09_d10_d11/gclk.o
 .debug_macro   0x000164d7      0x4a0 src/ASF/sam0/drivers/system/pinmux/pinmux.o
 .debug_macro   0x00016977       0x12 src/ASF/sam0/drivers/system/pinmux/pinmux.o
 .debug_macro   0x00016989      0x4d3 src/ASF/sam0/drivers/system/system.o
 .debug_macro   0x00016e5c      0x277 src/ASF/sam0/utils/cmsis/samd10/source/gcc/startup_samd10.o
 .debug_macro   0x000170d3       0x3a src/ASF/sam0/utils/cmsis/samd10/source/gcc/startup_samd10.o
 .debug_macro   0x0001710d      0x64f src/main.o

.debug_line     0x00000000    0x113fc
 .debug_line    0x00000000      0x948 src/ASF/sam0/drivers/extint/extint_callback.o
 .debug_line    0x00000948      0xbb4 src/ASF/sam0/drivers/extint/extint_sam_d_r_h/extint.o
 .debug_line    0x000014fc      0xd9a src/buttons.o
 .debug_line    0x00002296      0xcca src/main_control.o
 .debug_line    0x00002f60      0xeb5 src/spi_control.o
 .debug_line    0x00003e15      0x944 src/ASF/common2/services/delay/sam0/systick_counter.o
 .debug_line    0x00004759      0x87d src/ASF/sam0/drivers/port/port.o
 .debug_line    0x00004fd6      0xb18 src/ASF/sam0/drivers/sercom/sercom.o
 .debug_line    0x00005aee      0xaaa src/ASF/sam0/drivers/sercom/sercom_interrupt.o
 .debug_line    0x00006598     0x12ec src/ASF/sam0/drivers/sercom/spi/spi.o
 .debug_line    0x00007884      0xca1 src/ASF/sam0/drivers/sercom/spi/spi_interrupt.o
 .debug_line    0x00008525      0xa11 src/ASF/sam0/drivers/tcc/tcc_callback.o
 .debug_line    0x00008f36      0x9f4 src/ASF/sam0/drivers/tc/tc_interrupt.o
 .debug_line    0x0000992a      0xd16 src/ASF/sam0/drivers/tc/tc_sam_d_r_h/tc.o
 .debug_line    0x0000a640      0xe43 src/bsp.o
 .debug_line    0x0000b483      0xdd5 src/spi_master.o
 .debug_line    0x0000c258      0xc91 src/ASF/common2/boards/user_board/init.o
 .debug_line    0x0000cee9      0x851 src/ASF/common/utils/interrupt/interrupt_sam_nvic.o
 .debug_line    0x0000d73a      0xbce src/ASF/sam0/drivers/system/clock/clock_samd09_d10_d11/clock.o
 .debug_line    0x0000e308      0xbfa src/ASF/sam0/drivers/system/clock/clock_samd09_d10_d11/gclk.o
 .debug_line    0x0000ef02      0x8ca src/ASF/sam0/drivers/system/pinmux/pinmux.o
 .debug_line    0x0000f7cc      0x971 src/ASF/sam0/drivers/system/system.o
 .debug_line    0x0001013d      0x5cd src/ASF/sam0/utils/cmsis/samd10/source/gcc/startup_samd10.o
 .debug_line    0x0001070a      0xcf2 src/main.o

.debug_str      0x00000000    0x6cdcb
 .debug_str     0x00000000    0x63638 src/ASF/sam0/drivers/extint/extint_callback.o
                              0x63ba8 (size before relaxing)
 .debug_str     0x00063638      0xef7 src/ASF/sam0/drivers/extint/extint_sam_d_r_h/extint.o
                              0x649f1 (size before relaxing)
 .debug_str     0x0006452f     0x22dd src/buttons.o
                              0x65ed4 (size before relaxing)
 .debug_str     0x0006680c      0x671 src/main_control.o
                              0x658f2 (size before relaxing)
 .debug_str     0x00066e7d      0xa48 src/spi_control.o
                              0x66b78 (size before relaxing)
 .debug_str     0x000678c5       0x9c src/ASF/common2/services/delay/sam0/systick_counter.o
                              0x63682 (size before relaxing)
 .debug_str     0x00067961      0x1b9 src/ASF/sam0/drivers/port/port.o
                              0x63889 (size before relaxing)
 .debug_str     0x00067b1a      0x3c9 src/ASF/sam0/drivers/sercom/sercom.o
                              0x647cd (size before relaxing)
 .debug_str     0x00067ee3      0x198 src/ASF/sam0/drivers/sercom/sercom_interrupt.o
                              0x64515 (size before relaxing)
 .debug_str     0x0006807b      0x9ef src/ASF/sam0/drivers/sercom/spi/spi.o
                              0x65afb (size before relaxing)
 .debug_str     0x00068a6a      0x178 src/ASF/sam0/drivers/sercom/spi/spi_interrupt.o
                              0x64a9c (size before relaxing)
 .debug_str     0x00068be2      0x7b2 src/ASF/sam0/drivers/tcc/tcc_callback.o
                              0x64c67 (size before relaxing)
 .debug_str     0x00069394       0xc2 src/ASF/sam0/drivers/tc/tc_interrupt.o
                              0x6416e (size before relaxing)
 .debug_str     0x00069456      0x536 src/ASF/sam0/drivers/tc/tc_sam_d_r_h/tc.o
                              0x64a5d (size before relaxing)
 .debug_str     0x0006998c      0x1c4 src/bsp.o
                              0x66555 (size before relaxing)
 .debug_str     0x00069b50      0x13e src/spi_master.o
                              0x6758c (size before relaxing)
 .debug_str     0x00069c8e       0x3e src/ASF/common2/boards/user_board/init.o
                              0x64c48 (size before relaxing)
 .debug_str     0x00069ccc       0x94 src/ASF/common/utils/interrupt/interrupt_sam_nvic.o
                              0x63472 (size before relaxing)
 .debug_str     0x00069d60     0x2498 src/ASF/sam0/drivers/system/clock/clock_samd09_d10_d11/clock.o
                              0x662c6 (size before relaxing)
 .debug_str     0x0006c1f8      0x20f src/ASF/sam0/drivers/system/clock/clock_samd09_d10_d11/gclk.o
                              0x640c8 (size before relaxing)
 .debug_str     0x0006c407      0x179 src/ASF/sam0/drivers/system/pinmux/pinmux.o
                              0x63914 (size before relaxing)
 .debug_str     0x0006c580       0x47 src/ASF/sam0/drivers/system/system.o
                              0x6354f (size before relaxing)
 .debug_str     0x0006c5c7      0x7ed src/ASF/sam0/utils/cmsis/samd10/source/gcc/startup_samd10.o
                              0x4edfb (size before relaxing)
 .debug_str     0x0006cdb4       0x17 src/main.o
                              0x66add (size before relaxing)

.debug_frame    0x00000000      0xfbc
 .debug_frame   0x00000000       0x7c src/ASF/sam0/drivers/extint/extint_callback.o
 .debug_frame   0x0000007c       0xb8 src/ASF/sam0/drivers/extint/extint_sam_d_r_h/extint.o
 .debug_frame   0x00000134      0x100 src/buttons.o
 .debug_frame   0x00000234       0x28 src/main_control.o
 .debug_frame   0x0000025c      0x1e4 src/spi_control.o
 .debug_frame   0x00000440       0x64 src/ASF/common2/services/delay/sam0/systick_counter.o
 .debug_frame   0x000004a4       0x44 src/ASF/sam0/drivers/port/port.o
 .debug_frame   0x000004e8       0xb0 src/ASF/sam0/drivers/sercom/sercom.o
 .debug_frame   0x00000598       0x88 src/ASF/sam0/drivers/sercom/sercom_interrupt.o
 .debug_frame   0x00000620      0x120 src/ASF/sam0/drivers/sercom/spi/spi.o
 .debug_frame   0x00000740       0xb0 src/ASF/sam0/drivers/sercom/spi/spi_interrupt.o
 .debug_frame   0x000007f0       0xa4 src/ASF/sam0/drivers/tcc/tcc_callback.o
 .debug_frame   0x00000894       0x7c src/ASF/sam0/drivers/tc/tc_interrupt.o
 .debug_frame   0x00000910       0xa8 src/ASF/sam0/drivers/tc/tc_sam_d_r_h/tc.o
 .debug_frame   0x000009b8       0xd4 src/bsp.o
 .debug_frame   0x00000a8c       0xb0 src/spi_master.o
 .debug_frame   0x00000b3c       0x20 src/ASF/common2/boards/user_board/init.o
 .debug_frame   0x00000b5c       0x30 src/ASF/common/utils/interrupt/interrupt_sam_nvic.o
 .debug_frame   0x00000b8c      0x14c src/ASF/sam0/drivers/system/clock/clock_samd09_d10_d11/clock.o
 .debug_frame   0x00000cd8      0x148 src/ASF/sam0/drivers/system/clock/clock_samd09_d10_d11/gclk.o
 .debug_frame   0x00000e20       0x98 src/ASF/sam0/drivers/system/pinmux/pinmux.o
 .debug_frame   0x00000eb8       0x38 src/ASF/sam0/drivers/system/system.o
 .debug_frame   0x00000ef0       0x38 src/ASF/sam0/utils/cmsis/samd10/source/gcc/startup_samd10.o
 .debug_frame   0x00000f28       0x28 src/main.o
 .debug_frame   0x00000f50       0x20 c:/program files (x86)/atmel/studio/7.0/toolchain/arm/arm-gnu-toolchain/bin/../lib/gcc/arm-none-eabi/6.2.1/thumb/v6-m\libgcc.a(_udivsi3.o)
 .debug_frame   0x00000f70       0x2c c:/program files (x86)/atmel/studio/7.0/toolchain/arm/arm-gnu-toolchain/bin/../lib/gcc/arm-none-eabi/6.2.1/../../../../arm-none-eabi/lib/thumb/v6-m\libc_nano.a(lib_a-init.o)
 .debug_frame   0x00000f9c       0x20 c:/program files (x86)/atmel/studio/7.0/toolchain/arm/arm-gnu-toolchain/bin/../lib/gcc/arm-none-eabi/6.2.1/../../../../arm-none-eabi/lib/thumb/v6-m\libc_nano.a(lib_a-memset.o)

Cross Reference Table

Symbol                                            File
AC_Handler                                        src/ASF/sam0/utils/cmsis/samd10/source/gcc/startup_samd10.o
ADC_Handler                                       src/ASF/sam0/utils/cmsis/samd10/source/gcc/startup_samd10.o
DAC_Handler                                       src/ASF/sam0/utils/cmsis/samd10/source/gcc/startup_samd10.o
DMAC_Handler                                      src/ASF/sam0/utils/cmsis/samd10/source/gcc/startup_samd10.o
Dummy_Handler                                     src/ASF/sam0/utils/cmsis/samd10/source/gcc/startup_samd10.o
EIC_Handler                                       src/ASF/sam0/drivers/extint/extint_callback.o
EVSYS_Handler                                     src/ASF/sam0/utils/cmsis/samd10/source/gcc/startup_samd10.o
HardFault_Handler                                 src/ASF/sam0/utils/cmsis/samd10/source/gcc/startup_samd10.o
LED_off                                           src/bsp.o
                                                  src/test.o
                                                  src/spi_control.o
LED_on                                            src/bsp.o
                                                  src/test.o
                                                  src/spi_control.o
LED_toggle                                        src/bsp.o
                                                  src/test.o
LED_track                                         src/bsp.o
                                                  src/test.o
                                                  src/spi_control.o
NMI_Handler                                       src/ASF/sam0/utils/cmsis/samd10/source/gcc/startup_samd10.o
NVMCTRL_Handler                                   src/ASF/sam0/utils/cmsis/samd10/source/gcc/startup_samd10.o
PM_Handler                                        src/ASF/sam0/utils/cmsis/samd10/source/gcc/startup_samd10.o
PTC_Handler                                       src/ASF/sam0/utils/cmsis/samd10/source/gcc/startup_samd10.o
PendSV_Handler                                    src/ASF/sam0/utils/cmsis/samd10/source/gcc/startup_samd10.o
RTC_Handler                                       src/ASF/sam0/utils/cmsis/samd10/source/gcc/startup_samd10.o
Reset_Handler                                     src/ASF/sam0/utils/cmsis/samd10/source/gcc/startup_samd10.o
SERCOM0_Handler                                   src/ASF/sam0/drivers/sercom/sercom_interrupt.o
SERCOM1_Handler                                   src/ASF/sam0/drivers/sercom/sercom_interrupt.o
SVC_Handler                                       src/ASF/sam0/utils/cmsis/samd10/source/gcc/startup_samd10.o
SYSCTRL_Handler                                   src/ASF/sam0/utils/cmsis/samd10/source/gcc/startup_samd10.o
SysTick_Handler                                   src/ASF/sam0/utils/cmsis/samd10/source/gcc/startup_samd10.o
SystemCoreClock                                   src/ASF/sam0/utils/cmsis/samd10/source/system_samd10.o
SystemCoreClockUpdate                             src/ASF/sam0/utils/cmsis/samd10/source/system_samd10.o
SystemInit                                        src/ASF/sam0/utils/cmsis/samd10/source/system_samd10.o
TC1_Handler                                       src/ASF/sam0/drivers/tc/tc_interrupt.o
TC2_Handler                                       src/ASF/sam0/drivers/tc/tc_interrupt.o
TCC0_Handler                                      src/ASF/sam0/drivers/tcc/tcc_callback.o
WDT_Handler                                       src/ASF/sam0/utils/cmsis/samd10/source/gcc/startup_samd10.o
_Jv_RegisterClasses                               c:/program files (x86)/atmel/studio/7.0/toolchain/arm/arm-gnu-toolchain/bin/../lib/gcc/arm-none-eabi/6.2.1/thumb/v6-m/crtbegin.o
__aeabi_idiv                                      c:/program files (x86)/atmel/studio/7.0/toolchain/arm/arm-gnu-toolchain/bin/../lib/gcc/arm-none-eabi/6.2.1/thumb/v6-m\libgcc.a(_divsi3.o)
__aeabi_idiv0                                     c:/program files (x86)/atmel/studio/7.0/toolchain/arm/arm-gnu-toolchain/bin/../lib/gcc/arm-none-eabi/6.2.1/thumb/v6-m\libgcc.a(_dvmd_tls.o)
                                                  c:/program files (x86)/atmel/studio/7.0/toolchain/arm/arm-gnu-toolchain/bin/../lib/gcc/arm-none-eabi/6.2.1/thumb/v6-m\libgcc.a(_divsi3.o)
                                                  c:/program files (x86)/atmel/studio/7.0/toolchain/arm/arm-gnu-toolchain/bin/../lib/gcc/arm-none-eabi/6.2.1/thumb/v6-m\libgcc.a(_udivsi3.o)
__aeabi_idivmod                                   c:/program files (x86)/atmel/studio/7.0/toolchain/arm/arm-gnu-toolchain/bin/../lib/gcc/arm-none-eabi/6.2.1/thumb/v6-m\libgcc.a(_divsi3.o)
                                                  src/test.o
__aeabi_ldiv0                                     c:/program files (x86)/atmel/studio/7.0/toolchain/arm/arm-gnu-toolchain/bin/../lib/gcc/arm-none-eabi/6.2.1/thumb/v6-m\libgcc.a(_dvmd_tls.o)
__aeabi_lmul                                      c:/program files (x86)/atmel/studio/7.0/toolchain/arm/arm-gnu-toolchain/bin/../lib/gcc/arm-none-eabi/6.2.1/thumb/v6-m\libgcc.a(_muldi3.o)
                                                  src/ASF/sam0/drivers/sercom/sercom.o
__aeabi_uidiv                                     c:/program files (x86)/atmel/studio/7.0/toolchain/arm/arm-gnu-toolchain/bin/../lib/gcc/arm-none-eabi/6.2.1/thumb/v6-m\libgcc.a(_udivsi3.o)
                                                  src/ASF/sam0/drivers/system/clock/clock_samd09_d10_d11/gclk.o
                                                  src/ASF/sam0/drivers/system/clock/clock_samd09_d10_d11/clock.o
                                                  src/ASF/common2/services/delay/sam0/systick_counter.o
__aeabi_uidivmod                                  c:/program files (x86)/atmel/studio/7.0/toolchain/arm/arm-gnu-toolchain/bin/../lib/gcc/arm-none-eabi/6.2.1/thumb/v6-m\libgcc.a(_udivsi3.o)
__bss_end__                                       c:/program files (x86)/atmel/studio/7.0/toolchain/arm/arm-gnu-toolchain/bin/../lib/gcc/arm-none-eabi/6.2.1/../../../../arm-none-eabi/lib/thumb/v6-m/crt0.o
__bss_start__                                     c:/program files (x86)/atmel/studio/7.0/toolchain/arm/arm-gnu-toolchain/bin/../lib/gcc/arm-none-eabi/6.2.1/../../../../arm-none-eabi/lib/thumb/v6-m/crt0.o
__call_exitprocs                                  c:/program files (x86)/atmel/studio/7.0/toolchain/arm/arm-gnu-toolchain/bin/../lib/gcc/arm-none-eabi/6.2.1/../../../../arm-none-eabi/lib/thumb/v6-m\libc_nano.a(lib_a-exit.o)
__deregister_frame_info                           c:/program files (x86)/atmel/studio/7.0/toolchain/arm/arm-gnu-toolchain/bin/../lib/gcc/arm-none-eabi/6.2.1/thumb/v6-m/crtbegin.o
__divsi3                                          c:/program files (x86)/atmel/studio/7.0/toolchain/arm/arm-gnu-toolchain/bin/../lib/gcc/arm-none-eabi/6.2.1/thumb/v6-m\libgcc.a(_divsi3.o)
__dso_handle                                      c:/program files (x86)/atmel/studio/7.0/toolchain/arm/arm-gnu-toolchain/bin/../lib/gcc/arm-none-eabi/6.2.1/thumb/v6-m/crtbegin.o
__init_array_end                                  c:/program files (x86)/atmel/studio/7.0/toolchain/arm/arm-gnu-toolchain/bin/../lib/gcc/arm-none-eabi/6.2.1/../../../../arm-none-eabi/lib/thumb/v6-m\libc_nano.a(lib_a-init.o)
__init_array_start                                c:/program files (x86)/atmel/studio/7.0/toolchain/arm/arm-gnu-toolchain/bin/../lib/gcc/arm-none-eabi/6.2.1/../../../../arm-none-eabi/lib/thumb/v6-m\libc_nano.a(lib_a-init.o)
__libc_fini_array                                 c:/program files (x86)/atmel/studio/7.0/toolchain/arm/arm-gnu-toolchain/bin/../lib/gcc/arm-none-eabi/6.2.1/../../../../arm-none-eabi/lib/thumb/v6-m/crt0.o
__libc_init_array                                 c:/program files (x86)/atmel/studio/7.0/toolchain/arm/arm-gnu-toolchain/bin/../lib/gcc/arm-none-eabi/6.2.1/../../../../arm-none-eabi/lib/thumb/v6-m\libc_nano.a(lib_a-init.o)
                                                  src/ASF/sam0/utils/cmsis/samd10/source/gcc/startup_samd10.o
                                                  c:/program files (x86)/atmel/studio/7.0/toolchain/arm/arm-gnu-toolchain/bin/../lib/gcc/arm-none-eabi/6.2.1/../../../../arm-none-eabi/lib/thumb/v6-m/crt0.o
__muldi3                                          c:/program files (x86)/atmel/studio/7.0/toolchain/arm/arm-gnu-toolchain/bin/../lib/gcc/arm-none-eabi/6.2.1/thumb/v6-m\libgcc.a(_muldi3.o)
__preinit_array_end                               c:/program files (x86)/atmel/studio/7.0/toolchain/arm/arm-gnu-toolchain/bin/../lib/gcc/arm-none-eabi/6.2.1/../../../../arm-none-eabi/lib/thumb/v6-m\libc_nano.a(lib_a-init.o)
__preinit_array_start                             c:/program files (x86)/atmel/studio/7.0/toolchain/arm/arm-gnu-toolchain/bin/../lib/gcc/arm-none-eabi/6.2.1/../../../../arm-none-eabi/lib/thumb/v6-m\libc_nano.a(lib_a-init.o)
__register_frame_info                             c:/program files (x86)/atmel/studio/7.0/toolchain/arm/arm-gnu-toolchain/bin/../lib/gcc/arm-none-eabi/6.2.1/thumb/v6-m/crtbegin.o
__sf_fake_stderr                                  c:/program files (x86)/atmel/studio/7.0/toolchain/arm/arm-gnu-toolchain/bin/../lib/gcc/arm-none-eabi/6.2.1/../../../../arm-none-eabi/lib/thumb/v6-m\libc_nano.a(lib_a-impure.o)
__sf_fake_stdin                                   c:/program files (x86)/atmel/studio/7.0/toolchain/arm/arm-gnu-toolchain/bin/../lib/gcc/arm-none-eabi/6.2.1/../../../../arm-none-eabi/lib/thumb/v6-m\libc_nano.a(lib_a-impure.o)
__sf_fake_stdout                                  c:/program files (x86)/atmel/studio/7.0/toolchain/arm/arm-gnu-toolchain/bin/../lib/gcc/arm-none-eabi/6.2.1/../../../../arm-none-eabi/lib/thumb/v6-m\libc_nano.a(lib_a-impure.o)
__stack                                           c:/program files (x86)/atmel/studio/7.0/toolchain/arm/arm-gnu-toolchain/bin/../lib/gcc/arm-none-eabi/6.2.1/../../../../arm-none-eabi/lib/thumb/v6-m/crt0.o
__udivsi3                                         c:/program files (x86)/atmel/studio/7.0/toolchain/arm/arm-gnu-toolchain/bin/../lib/gcc/arm-none-eabi/6.2.1/thumb/v6-m\libgcc.a(_udivsi3.o)
_close                                            src/ASF/sam0/utils/syscalls/gcc/syscalls.o
_current_channel                                  src/ASF/sam0/drivers/extint/extint_callback.o
_end                                              src/ASF/sam0/utils/syscalls/gcc/syscalls.o
_erelocate                                        src/ASF/sam0/utils/cmsis/samd10/source/gcc/startup_samd10.o
_estack                                           src/ASF/sam0/utils/cmsis/samd10/source/gcc/startup_samd10.o
_etext                                            src/ASF/sam0/utils/cmsis/samd10/source/gcc/startup_samd10.o
_exit                                             src/ASF/sam0/utils/syscalls/gcc/syscalls.o
                                                  c:/program files (x86)/atmel/studio/7.0/toolchain/arm/arm-gnu-toolchain/bin/../lib/gcc/arm-none-eabi/6.2.1/../../../../arm-none-eabi/lib/thumb/v6-m\libc_nano.a(lib_a-exit.o)
_extint_dev                                       src/ASF/sam0/drivers/extint/extint_sam_d_r_h/extint.o
                                                  src/ASF/sam0/drivers/extint/extint_callback.o
_ezero                                            src/ASF/sam0/utils/cmsis/samd10/source/gcc/startup_samd10.o
_fini                                             c:/program files (x86)/atmel/studio/7.0/toolchain/arm/arm-gnu-toolchain/bin/../lib/gcc/arm-none-eabi/6.2.1/thumb/v6-m/crti.o
_fstat                                            src/ASF/sam0/utils/syscalls/gcc/syscalls.o
_getpid                                           src/ASF/sam0/utils/syscalls/gcc/syscalls.o
_global_impure_ptr                                c:/program files (x86)/atmel/studio/7.0/toolchain/arm/arm-gnu-toolchain/bin/../lib/gcc/arm-none-eabi/6.2.1/../../../../arm-none-eabi/lib/thumb/v6-m\libc_nano.a(lib_a-impure.o)
                                                  c:/program files (x86)/atmel/studio/7.0/toolchain/arm/arm-gnu-toolchain/bin/../lib/gcc/arm-none-eabi/6.2.1/../../../../arm-none-eabi/lib/thumb/v6-m\libc_nano.a(lib_a-exit.o)
_impure_ptr                                       c:/program files (x86)/atmel/studio/7.0/toolchain/arm/arm-gnu-toolchain/bin/../lib/gcc/arm-none-eabi/6.2.1/../../../../arm-none-eabi/lib/thumb/v6-m\libc_nano.a(lib_a-impure.o)
_init                                             c:/program files (x86)/atmel/studio/7.0/toolchain/arm/arm-gnu-toolchain/bin/../lib/gcc/arm-none-eabi/6.2.1/thumb/v6-m/crti.o
                                                  c:/program files (x86)/atmel/studio/7.0/toolchain/arm/arm-gnu-toolchain/bin/../lib/gcc/arm-none-eabi/6.2.1/../../../../arm-none-eabi/lib/thumb/v6-m\libc_nano.a(lib_a-init.o)
_isatty                                           src/ASF/sam0/utils/syscalls/gcc/syscalls.o
_kill                                             src/ASF/sam0/utils/syscalls/gcc/syscalls.o
_lseek                                            src/ASF/sam0/utils/syscalls/gcc/syscalls.o
_mainCRTStartup                                   c:/program files (x86)/atmel/studio/7.0/toolchain/arm/arm-gnu-toolchain/bin/../lib/gcc/arm-none-eabi/6.2.1/../../../../arm-none-eabi/lib/thumb/v6-m/crt0.o
_sbrk                                             src/ASF/sam0/utils/syscalls/gcc/syscalls.o
_sercom_get_async_baud_val                        src/ASF/sam0/drivers/sercom/sercom.o
_sercom_get_default_pad                           src/ASF/sam0/drivers/sercom/sercom.o
                                                  src/ASF/sam0/drivers/sercom/spi/spi.o
_sercom_get_interrupt_vector                      src/ASF/sam0/drivers/sercom/sercom_interrupt.o
                                                  src/spi_master.o
                                                  src/ASF/sam0/drivers/sercom/spi/spi.o
_sercom_get_sercom_inst_index                     src/ASF/sam0/drivers/sercom/sercom.o
                                                  src/ASF/sam0/drivers/sercom/spi/spi.o
                                                  src/ASF/sam0/drivers/sercom/sercom_interrupt.o
_sercom_get_sync_baud_val                         src/ASF/sam0/drivers/sercom/sercom.o
                                                  src/ASF/sam0/drivers/sercom/spi/spi.o
_sercom_instances                                 src/ASF/sam0/drivers/sercom/sercom_interrupt.o
                                                  src/ASF/sam0/drivers/sercom/spi/spi_interrupt.o
                                                  src/ASF/sam0/drivers/sercom/spi/spi.o
_sercom_set_handler                               src/ASF/sam0/drivers/sercom/sercom_interrupt.o
                                                  src/ASF/sam0/drivers/sercom/spi/spi.o
_sfixed                                           src/ASF/sam0/utils/cmsis/samd10/source/gcc/startup_samd10.o
_spi_interrupt_handler                            src/ASF/sam0/drivers/sercom/spi/spi_interrupt.o
                                                  src/ASF/sam0/drivers/sercom/spi/spi.o
_srelocate                                        src/ASF/sam0/utils/cmsis/samd10/source/gcc/startup_samd10.o
_start                                            c:/program files (x86)/atmel/studio/7.0/toolchain/arm/arm-gnu-toolchain/bin/../lib/gcc/arm-none-eabi/6.2.1/../../../../arm-none-eabi/lib/thumb/v6-m/crt0.o
_system_divas_init                                src/ASF/sam0/drivers/system/system.o
_system_dummy_init                                src/ASF/sam0/drivers/system/system.o
_system_events_init                               src/ASF/sam0/drivers/system/system.o
_system_extint_init                               src/ASF/sam0/drivers/extint/extint_sam_d_r_h/extint.o
_szero                                            src/ASF/sam0/utils/cmsis/samd10/source/gcc/startup_samd10.o
_tc_get_inst_index                                src/ASF/sam0/drivers/tc/tc_sam_d_r_h/tc.o
                                                  src/bsp.o
_tc_instances                                     src/ASF/sam0/drivers/tc/tc_interrupt.o
                                                  src/ASF/sam0/drivers/tc/tc_sam_d_r_h/tc.o
_tc_interrupt_handler                             src/ASF/sam0/drivers/tc/tc_interrupt.o
_tcc_apbcmasks                                    src/ASF/sam0/drivers/tcc/tcc.o
_tcc_cc_nums                                      src/ASF/sam0/drivers/tcc/tcc.o
_tcc_exts                                         src/ASF/sam0/drivers/tcc/tcc.o
_tcc_gclk_ids                                     src/ASF/sam0/drivers/tcc/tcc.o
_tcc_get_inst_index                               src/ASF/sam0/drivers/tcc/tcc.o
                                                  src/ASF/sam0/drivers/tcc/tcc_callback.o
_tcc_instances                                    src/ASF/sam0/drivers/tcc/tcc_callback.o
                                                  src/ASF/sam0/drivers/tcc/tcc.o
_tcc_interrupt_handler                            src/ASF/sam0/drivers/tcc/tcc_callback.o
_tcc_intflag                                      src/ASF/sam0/drivers/tcc/tcc_callback.o
_tcc_maxs                                         src/ASF/sam0/drivers/tcc/tcc.o
_tcc_ow_nums                                      src/ASF/sam0/drivers/tcc/tcc.o
_tcc_sizes                                        src/ASF/sam0/drivers/tcc/tcc.o
atexit                                            c:/program files (x86)/atmel/studio/7.0/toolchain/arm/arm-gnu-toolchain/bin/../lib/gcc/arm-none-eabi/6.2.1/../../../../arm-none-eabi/lib/thumb/v6-m/crt0.o
board_init                                        src/ASF/common2/boards/user_board/init.o
burp_box_erase                                    src/spi_control.o
burp_box_global_erase                             src/spi_control.o
burp_box_play                                     src/spi_control.o
burp_box_record                                   src/spi_control.o
burp_box_set_volume_track                         src/spi_control.o
change_volume                                     src/spi_control.o
check_input_buttons                               src/bsp.o
                                                  src/test.o
                                                  src/main_control.o
clear_interrupts_flags                            src/buttons.o
config_buttons_inputs                             src/buttons.o
config_callbacks_tc1                              src/bsp.o
config_extint_callbacks_burp_box                  src/buttons.o
config_extint_channel_burp_box                    src/buttons.o
configure_spi                                     src/spi_master.o
                                                  src/main.o
configure_spi_master_callbacks                    src/spi_master.o
cpu_irq_enter_critical                            src/ASF/common/utils/interrupt/interrupt_sam_nvic.o
                                                  src/ASF/sam0/drivers/system/clock/clock_samd09_d10_d11/gclk.o
cpu_irq_leave_critical                            src/ASF/common/utils/interrupt/interrupt_sam_nvic.o
                                                  src/ASF/sam0/drivers/system/clock/clock_samd09_d10_d11/gclk.o
delay_cycles_ms                                   src/ASF/common2/services/delay/sam0/systick_counter.o
                                                  src/spi_master.o
                                                  src/bsp.o
                                                  src/test.o
                                                  src/spi_control.o
                                                  src/buttons.o
delay_cycles_us                                   src/ASF/common2/services/delay/sam0/systick_counter.o
                                                  src/spi_control.o
delay_init                                        src/ASF/common2/services/delay/sam0/systick_counter.o
                                                  src/main.o
delay_spi                                         src/spi_control.o
disable_buttons                                   src/buttons.o
dummy_write                                       src/ASF/sam0/drivers/sercom/spi/spi_interrupt.o
enable_buttons                                    src/buttons.o
exception_table                                   src/ASF/sam0/utils/cmsis/samd10/source/gcc/startup_samd10.o
exit                                              c:/program files (x86)/atmel/studio/7.0/toolchain/arm/arm-gnu-toolchain/bin/../lib/gcc/arm-none-eabi/6.2.1/../../../../arm-none-eabi/lib/thumb/v6-m\libc_nano.a(lib_a-exit.o)
                                                  c:/program files (x86)/atmel/studio/7.0/toolchain/arm/arm-gnu-toolchain/bin/../lib/gcc/arm-none-eabi/6.2.1/../../../../arm-none-eabi/lib/thumb/v6-m/crt0.o
extint_chan_disable_callback                      src/ASF/sam0/drivers/extint/extint_callback.o
                                                  src/buttons.o
extint_chan_enable_callback                       src/ASF/sam0/drivers/extint/extint_callback.o
                                                  src/buttons.o
extint_chan_get_config_defaults                   src/ASF/sam0/drivers/extint/extint_sam_d_r_h/extint.o
                                                  src/buttons.o
extint_chan_set_config                            src/ASF/sam0/drivers/extint/extint_sam_d_r_h/extint.o
                                                  src/buttons.o
extint_disable_events                             src/ASF/sam0/drivers/extint/extint_sam_d_r_h/extint.o
extint_enable_events                              src/ASF/sam0/drivers/extint/extint_sam_d_r_h/extint.o
extint_get_current_channel                        src/ASF/sam0/drivers/extint/extint_callback.o
extint_nmi_set_config                             src/ASF/sam0/drivers/extint/extint_sam_d_r_h/extint.o
extint_register_callback                          src/ASF/sam0/drivers/extint/extint_callback.o
                                                  src/buttons.o
extint_unregister_callback                        src/ASF/sam0/drivers/extint/extint_callback.o
g_interrupt_enabled                               src/ASF/common/utils/interrupt/interrupt_sam_nvic.o
global_erase_LED_flashing                         src/spi_control.o
hardware_init_hook                                c:/program files (x86)/atmel/studio/7.0/toolchain/arm/arm-gnu-toolchain/bin/../lib/gcc/arm-none-eabi/6.2.1/../../../../arm-none-eabi/lib/thumb/v6-m/crt0.o
init_burp_box                                     src/spi_control.o
                                                  src/main.o
init_buttons                                      src/buttons.o
                                                  src/main.o
init_led_buttons                                  src/bsp.o
                                                  src/main.o
init_spi                                          src/spi_master.o
init_track_led_timer                              src/bsp.o
input_buttons                                     src/main.o
                                                  src/main_control.o
                                                  src/buttons.o
interrupt_occured                                 src/main.o
                                                  src/spi_control.o
                                                  src/buttons.o
link                                              src/ASF/sam0/utils/syscalls/gcc/syscalls.o
main                                              src/main.o
                                                  src/ASF/sam0/utils/cmsis/samd10/source/gcc/startup_samd10.o
                                                  c:/program files (x86)/atmel/studio/7.0/toolchain/arm/arm-gnu-toolchain/bin/../lib/gcc/arm-none-eabi/6.2.1/../../../../arm-none-eabi/lib/thumb/v6-m/crt0.o
main_control_loop_1                               src/main_control.o
                                                  src/main.o
memset                                            c:/program files (x86)/atmel/studio/7.0/toolchain/arm/arm-gnu-toolchain/bin/../lib/gcc/arm-none-eabi/6.2.1/../../../../arm-none-eabi/lib/thumb/v6-m\libc_nano.a(lib_a-memset.o)
                                                  src/spi_master.o
                                                  c:/program files (x86)/atmel/studio/7.0/toolchain/arm/arm-gnu-toolchain/bin/../lib/gcc/arm-none-eabi/6.2.1/../../../../arm-none-eabi/lib/thumb/v6-m/crt0.o
next_pressed_callback                             src/buttons.o
play_pressed_callback                             src/buttons.o
port_group_set_config                             src/ASF/sam0/drivers/port/port.o
port_pin_set_config                               src/ASF/sam0/drivers/port/port.o
                                                  src/spi_master.o
                                                  src/bsp.o
                                                  src/buttons.o
read_interrupt_flag_status                        src/buttons.o
sercom_set_gclk_generator                         src/ASF/sam0/drivers/sercom/sercom.o
                                                  src/ASF/sam0/drivers/sercom/spi/spi.o
slave                                             src/main.o
                                                  src/spi_master.o
                                                  src/spi_control.o
software_init_hook                                c:/program files (x86)/atmel/studio/7.0/toolchain/arm/arm-gnu-toolchain/bin/../lib/gcc/arm-none-eabi/6.2.1/../../../../arm-none-eabi/lib/thumb/v6-m/crt0.o
speaker_test                                      src/spi_master.o
spi_abort_job                                     src/ASF/sam0/drivers/sercom/spi/spi_interrupt.o
spi_init                                          src/ASF/sam0/drivers/sercom/spi/spi.o
                                                  src/spi_master.o
spi_main_loop_1                                   src/spi_control.o
                                                  src/main_control.o
spi_master_instance                               src/main.o
                                                  src/spi_master.o
                                                  src/spi_control.o
spi_read_buffer_job                               src/ASF/sam0/drivers/sercom/spi/spi_interrupt.o
spi_read_buffer_wait                              src/ASF/sam0/drivers/sercom/spi/spi.o
spi_register_callback                             src/ASF/sam0/drivers/sercom/spi/spi_interrupt.o
                                                  src/spi_master.o
spi_reset                                         src/ASF/sam0/drivers/sercom/spi/spi.o
spi_select_slave                                  src/ASF/sam0/drivers/sercom/spi/spi.o
                                                  src/spi_master.o
spi_set_baudrate                                  src/ASF/sam0/drivers/sercom/spi/spi.o
spi_transceive                                    src/spi_master.o
                                                  src/spi_control.o
spi_transceive_buffer_job                         src/ASF/sam0/drivers/sercom/spi/spi_interrupt.o
                                                  src/spi_master.o
spi_transceive_buffer_wait                        src/ASF/sam0/drivers/sercom/spi/spi.o
spi_transceive_wait                               src/ASF/sam0/drivers/sercom/spi/spi.o
spi_unregister_callback                           src/ASF/sam0/drivers/sercom/spi/spi_interrupt.o
spi_write_apc                                     src/spi_control.o
spi_write_buffer_job                              src/ASF/sam0/drivers/sercom/spi/spi_interrupt.o
spi_write_buffer_wait                             src/ASF/sam0/drivers/sercom/spi/spi.o
spi_write_clear_int                               src/spi_control.o
spi_write_global_erase                            src/spi_control.o
spi_write_power_on                                src/spi_control.o