Archive member included to satisfy reference by file (symbol)

c:/program files (x86)/atmel/studio/7.0/toolchain/arm/arm-gnu-toolchain/bin/../lib/gcc/arm-none-eabi/6.2.1/thumb/v6-m\libgcc.a(_udivsi3.o)
                              src/ASF/common2/services/delay/sam0/systick_counter.o (__aeabi_uidiv)
c:/program files (x86)/atmel/studio/7.0/toolchain/arm/arm-gnu-toolchain/bin/../lib/gcc/arm-none-eabi/6.2.1/thumb/v6-m\libgcc.a(_divsi3.o)
                              src/test.o (__aeabi_idivmod)
c:/program files (x86)/atmel/studio/7.0/toolchain/arm/arm-gnu-toolchain/bin/../lib/gcc/arm-none-eabi/6.2.1/thumb/v6-m\libgcc.a(_dvmd_tls.o)
                              c:/program files (x86)/atmel/studio/7.0/toolchain/arm/arm-gnu-toolchain/bin/../lib/gcc/arm-none-eabi/6.2.1/thumb/v6-m\libgcc.a(_udivsi3.o) (__aeabi_idiv0)
c:/program files (x86)/atmel/studio/7.0/toolchain/arm/arm-gnu-toolchain/bin/../lib/gcc/arm-none-eabi/6.2.1/thumb/v6-m\libgcc.a(_muldi3.o)
                              src/ASF/sam0/drivers/sercom/sercom.o (__aeabi_lmul)
c:/program files (x86)/atmel/studio/7.0/toolchain/arm/arm-gnu-toolchain/bin/../lib/gcc/arm-none-eabi/6.2.1/../../../../arm-none-eabi/lib/thumb/v6-m\libc_nano.a(lib_a-exit.o)
                              c:/program files (x86)/atmel/studio/7.0/toolchain/arm/arm-gnu-toolchain/bin/../lib/gcc/arm-none-eabi/6.2.1/../../../../arm-none-eabi/lib/thumb/v6-m/crt0.o (exit)
c:/program files (x86)/atmel/studio/7.0/toolchain/arm/arm-gnu-toolchain/bin/../lib/gcc/arm-none-eabi/6.2.1/../../../../arm-none-eabi/lib/thumb/v6-m\libc_nano.a(lib_a-impure.o)
                              c:/program files (x86)/atmel/studio/7.0/toolchain/arm/arm-gnu-toolchain/bin/../lib/gcc/arm-none-eabi/6.2.1/../../../../arm-none-eabi/lib/thumb/v6-m\libc_nano.a(lib_a-exit.o) (_global_impure_ptr)
c:/program files (x86)/atmel/studio/7.0/toolchain/arm/arm-gnu-toolchain/bin/../lib/gcc/arm-none-eabi/6.2.1/../../../../arm-none-eabi/lib/thumb/v6-m\libc_nano.a(lib_a-init.o)
                              c:/program files (x86)/atmel/studio/7.0/toolchain/arm/arm-gnu-toolchain/bin/../lib/gcc/arm-none-eabi/6.2.1/../../../../arm-none-eabi/lib/thumb/v6-m/crt0.o (__libc_init_array)
c:/program files (x86)/atmel/studio/7.0/toolchain/arm/arm-gnu-toolchain/bin/../lib/gcc/arm-none-eabi/6.2.1/../../../../arm-none-eabi/lib/thumb/v6-m\libc_nano.a(lib_a-memset.o)
                              c:/program files (x86)/atmel/studio/7.0/toolchain/arm/arm-gnu-toolchain/bin/../lib/gcc/arm-none-eabi/6.2.1/../../../../arm-none-eabi/lib/thumb/v6-m/crt0.o (memset)

Allocating common symbols
Common symbol       size              file

_tcc_instances      0x4               src/ASF/sam0/drivers/tcc/tcc_callback.o
dummy_write         0x2               src/ASF/sam0/drivers/sercom/spi/spi_interrupt.o
_tc_instances       0x8               src/ASF/sam0/drivers/tc/tc_interrupt.o
_sercom_instances   0x8               src/ASF/sam0/drivers/sercom/sercom_interrupt.o
_extint_dev         0x40              src/ASF/sam0/drivers/extint/extint_sam_d_r_h/extint.o
tc_instance1        0x1c              src/buttons.o
_current_channel    0x1               src/ASF/sam0/drivers/extint/extint_callback.o
spi_master_instance
                    0x3c              src/spi_control.o
slave               0x3               src/spi_control.o

Discarded input sections

 .text          0x00000000        0x0 c:/program files (x86)/atmel/studio/7.0/toolchain/arm/arm-gnu-toolchain/bin/../lib/gcc/arm-none-eabi/6.2.1/thumb/v6-m/crti.o
 .data          0x00000000        0x0 c:/program files (x86)/atmel/studio/7.0/toolchain/arm/arm-gnu-toolchain/bin/../lib/gcc/arm-none-eabi/6.2.1/thumb/v6-m/crti.o
 .bss           0x00000000        0x0 c:/program files (x86)/atmel/studio/7.0/toolchain/arm/arm-gnu-toolchain/bin/../lib/gcc/arm-none-eabi/6.2.1/thumb/v6-m/crti.o
 .data          0x00000000        0x4 c:/program files (x86)/atmel/studio/7.0/toolchain/arm/arm-gnu-toolchain/bin/../lib/gcc/arm-none-eabi/6.2.1/thumb/v6-m/crtbegin.o
 .text          0x00000000       0x78 c:/program files (x86)/atmel/studio/7.0/toolchain/arm/arm-gnu-toolchain/bin/../lib/gcc/arm-none-eabi/6.2.1/../../../../arm-none-eabi/lib/thumb/v6-m/crt0.o
 .data          0x00000000        0x0 c:/program files (x86)/atmel/studio/7.0/toolchain/arm/arm-gnu-toolchain/bin/../lib/gcc/arm-none-eabi/6.2.1/../../../../arm-none-eabi/lib/thumb/v6-m/crt0.o
 .bss           0x00000000        0x0 c:/program files (x86)/atmel/studio/7.0/toolchain/arm/arm-gnu-toolchain/bin/../lib/gcc/arm-none-eabi/6.2.1/../../../../arm-none-eabi/lib/thumb/v6-m/crt0.o
 .ARM.extab     0x00000000        0x0 c:/program files (x86)/atmel/studio/7.0/toolchain/arm/arm-gnu-toolchain/bin/../lib/gcc/arm-none-eabi/6.2.1/../../../../arm-none-eabi/lib/thumb/v6-m/crt0.o
 .ARM.exidx     0x00000000        0x8 c:/program files (x86)/atmel/studio/7.0/toolchain/arm/arm-gnu-toolchain/bin/../lib/gcc/arm-none-eabi/6.2.1/../../../../arm-none-eabi/lib/thumb/v6-m/crt0.o
 .ARM.attributes
[...]
Memory Configuration

Name             Origin             Length             Attributes
rom              0x00000000         0x00004000         xr
ram              0x20000000         0x00001000         xrw
*default*        0x00000000         0xffffffff

Linker script and memory map

LOAD c:/program files (x86)/atmel/studio/7.0/toolchain/arm/arm-gnu-toolchain/bin/../lib/gcc/arm-none-eabi/6.2.1/thumb/v6-m/crti.o
LOAD c:/program files (x86)/atmel/studio/7.0/toolchain/arm/arm-gnu-toolchain/bin/../lib/gcc/arm-none-eabi/6.2.1/thumb/v6-m/crtbegin.o
LOAD c:/program files (x86)/atmel/studio/7.0/toolchain/arm/arm-gnu-toolchain/bin/../lib/gcc/arm-none-eabi/6.2.1/../../../../arm-none-eabi/lib/thumb/v6-m/crt0.o
LOAD src/ASF/sam0/drivers/extint/extint_callback.o
LOAD src/ASF/sam0/drivers/extint/extint_sam_d_r_h/extint.o
LOAD src/buttons.o
LOAD src/main_control.o
LOAD src/spi_control.o
LOAD src/test.o
LOAD src/ASF/common2/services/delay/sam0/systick_counter.o
LOAD src/ASF/sam0/drivers/port/port.o
LOAD src/ASF/sam0/drivers/sercom/sercom.o
LOAD src/ASF/sam0/drivers/sercom/sercom_interrupt.o
LOAD src/ASF/sam0/drivers/sercom/spi/spi.o
LOAD src/ASF/sam0/drivers/sercom/spi/spi_interrupt.o
LOAD src/ASF/sam0/drivers/tcc/tcc.o
LOAD src/ASF/sam0/drivers/tcc/tcc_callback.o
LOAD src/ASF/sam0/drivers/tc/tc_interrupt.o
LOAD src/ASF/sam0/drivers/tc/tc_sam_d_r_h/tc.o
LOAD src/bsp.o
LOAD src/spi_master.o
LOAD src/ASF/common2/boards/user_board/init.o
LOAD src/ASF/common/utils/interrupt/interrupt_sam_nvic.o
LOAD src/ASF/sam0/drivers/system/clock/clock_samd09_d10_d11/clock.o
LOAD src/ASF/sam0/drivers/system/clock/clock_samd09_d10_d11/gclk.o
LOAD src/ASF/sam0/drivers/system/interrupt/system_interrupt.o
LOAD src/ASF/sam0/drivers/system/pinmux/pinmux.o
LOAD src/ASF/sam0/drivers/system/system.o
LOAD src/ASF/sam0/utils/cmsis/samd10/source/gcc/startup_samd10.o
LOAD src/ASF/sam0/utils/cmsis/samd10/source/system_samd10.o
LOAD src/ASF/sam0/utils/syscalls/gcc/syscalls.o
LOAD src/main.o
START GROUP
LOAD ../src/ASF/thirdparty/CMSIS/Lib/GCC\libarm_cortexM0l_math.a
LOAD c:/program files (x86)/atmel/studio/7.0/toolchain/arm/arm-gnu-toolchain/bin/../lib/gcc/arm-none-eabi/6.2.1/../../../../arm-none-eabi/lib/thumb/v6-m\libm.a
END GROUP
START GROUP
LOAD c:/program files (x86)/atmel/studio/7.0/toolchain/arm/arm-gnu-toolchain/bin/../lib/gcc/arm-none-eabi/6.2.1/thumb/v6-m\libgcc.a
LOAD c:/program files (x86)/atmel/studio/7.0/toolchain/arm/arm-gnu-toolchain/bin/../lib/gcc/arm-none-eabi/6.2.1/../../../../arm-none-eabi/lib/thumb/v6-m\libc_nano.a
END GROUP
START GROUP
LOAD c:/program files (x86)/atmel/studio/7.0/toolchain/arm/arm-gnu-toolchain/bin/../lib/gcc/arm-none-eabi/6.2.1/thumb/v6-m\libgcc.a
LOAD c:/program files (x86)/atmel/studio/7.0/toolchain/arm/arm-gnu-toolchain/bin/../lib/gcc/arm-none-eabi/6.2.1/../../../../arm-none-eabi/lib/thumb/v6-m\libc_nano.a
END GROUP
LOAD c:/program files (x86)/atmel/studio/7.0/toolchain/arm/arm-gnu-toolchain/bin/../lib/gcc/arm-none-eabi/6.2.1/thumb/v6-m/crtend.o
LOAD c:/program files (x86)/atmel/studio/7.0/toolchain/arm/arm-gnu-toolchain/bin/../lib/gcc/arm-none-eabi/6.2.1/thumb/v6-m/crtn.o
                0x00000400                STACK_SIZE = DEFINED (STACK_SIZE)?STACK_SIZE:DEFINED (__stack_size__)?__stack_size__:0x400

.text           0x00000000     0x1250
                0x00000000                . = ALIGN (0x4)
                0x00000000                _sfixed = .
 *(.vectors .vectors.*)
 .vectors       0x00000000       0x8c src/ASF/sam0/utils/cmsis/samd10/source/gcc/startup_samd10.o
                0x00000000                exception_table
 *(.text .text.* .gnu.linkonce.t.*)
 .text          0x0000008c       0x60 c:/program files (x86)/atmel/studio/7.0/toolchain/arm/arm-gnu-toolchain/bin/../lib/gcc/arm-none-eabi/6.2.1/thumb/v6-m/crtbegin.o
 .text.extint_register_callback
                0x000000ec       0x2c src/ASF/sam0/drivers/extint/extint_callback.o
                0x000000ec                extint_register_callback
 .text.extint_chan_enable_callback
                0x00000118       0x20 src/ASF/sam0/drivers/extint/extint_callback.o
                0x00000118                extint_chan_enable_callback
 .text.EIC_Handler
                0x00000138       0x54 src/ASF/sam0/drivers/extint/extint_callback.o
                0x00000138                EIC_Handler
 .text._extint_enable
                0x0000018c       0x18 src/ASF/sam0/drivers/extint/extint_sam_d_r_h/extint.o
 .text._system_extint_init
                0x000001a4       0x6c src/ASF/sam0/drivers/extint/extint_sam_d_r_h/extint.o
                0x000001a4                _system_extint_init
 .text.extint_chan_get_config_defaults
                0x00000210       0x14 src/ASF/sam0/drivers/extint/extint_sam_d_r_h/extint.o
                0x00000210                extint_chan_get_config_defaults
 .text.extint_chan_set_config
                0x00000224       0x78 src/ASF/sam0/drivers/extint/extint_sam_d_r_h/extint.o
                0x00000224                extint_chan_set_config
 .text.enable_buttons
                0x0000029c       0x18 src/buttons.o
                0x0000029c                enable_buttons
 .text.config_extint_channel_burp_box
                0x000002b4       0x48 src/buttons.o
                0x000002b4                config_extint_channel_burp_box
 .text.read_interrupt_flag_status
                0x000002fc       0x1c src/buttons.o
                0x000002fc                read_interrupt_flag_status
 .text.play_pressed_callback
                0x00000318       0x4c src/buttons.o
                0x00000318                play_pressed_callback
 .text.next_pressed_callback
                0x00000364       0x4c src/buttons.o
                0x00000364                next_pressed_callback
 .text.config_extint_callbacks_burp_box
                0x000003b0       0x24 src/buttons.o
                0x000003b0                config_extint_callbacks_burp_box
 .text.init_buttons
                0x000003d4       0x1c src/buttons.o
                0x000003d4                init_buttons
 .text.main_control_loop_1
                0x000003f0       0x14 src/main_control.o
                0x000003f0                main_control_loop_1
 .text.spi_write_clear_int
                0x00000404       0x1c src/spi_control.o
                0x00000404                spi_write_clear_int
 .text.spi_write_apc
                0x00000420       0x14 src/spi_control.o
                0x00000420                spi_write_apc
 .text.spi_write_stop
                0x00000434       0x1c src/spi_control.o
                0x00000434                spi_write_stop
 .text.delay_spi
                0x00000450       0x10 src/spi_control.o
                0x00000450                delay_spi
 .text.wait_burp_box
                0x00000460       0x48 src/spi_control.o
                0x00000460                wait_burp_box
 .text.burp_box_record
                0x000004a8       0x4c src/spi_control.o
                0x000004a8                burp_box_record
 .text.burp_box_play
                0x000004f4       0x4c src/spi_control.o
                0x000004f4                burp_box_play
 .text.spi_main_loop_1
                0x00000540       0xb8 src/spi_control.o
                0x00000540                spi_main_loop_1
 .text.delay_init
                0x000005f8       0x40 src/ASF/common2/services/delay/sam0/systick_counter.o
                0x000005f8                delay_init
 .text.delay_cycles_ms
                0x00000638       0x2c src/ASF/common2/services/delay/sam0/systick_counter.o
                0x00000638                delay_cycles_ms
 .text.SERCOM0_Handler
                0x00000664       0x10 src/ASF/sam0/drivers/sercom/sercom_interrupt.o
                0x00000664                SERCOM0_Handler
 .text.SERCOM1_Handler
                0x00000674       0x10 src/ASF/sam0/drivers/sercom/sercom_interrupt.o
                0x00000674                SERCOM1_Handler
 .text.spi_select_slave
                0x00000684       0xf4 src/ASF/sam0/drivers/sercom/spi/spi.o
                0x00000684                spi_select_slave
 .text.spi_transceive_buffer_job
                0x00000778       0x44 src/ASF/sam0/drivers/sercom/spi/spi_interrupt.o
                0x00000778                spi_transceive_buffer_job
 .text._tcc_interrupt_handler
                0x000007bc       0x4c src/ASF/sam0/drivers/tcc/tcc_callback.o
                0x000007bc                _tcc_interrupt_handler
 .text.TCC0_Handler
                0x00000808       0x10 src/ASF/sam0/drivers/tcc/tcc_callback.o
                0x00000808                TCC0_Handler
 .text._tc_interrupt_handler
                0x00000818       0x64 src/ASF/sam0/drivers/tc/tc_interrupt.o
                0x00000818                _tc_interrupt_handler
 .text.TC1_Handler
                0x0000087c       0x10 src/ASF/sam0/drivers/tc/tc_interrupt.o
                0x0000087c                TC1_Handler
 .text.TC2_Handler
                0x0000088c       0x10 src/ASF/sam0/drivers/tc/tc_interrupt.o
                0x0000088c                TC2_Handler
 .text.LED_on   0x0000089c       0x24 src/bsp.o
                0x0000089c                LED_on
 .text.LED_off  0x000008c0       0x24 src/bsp.o
                0x000008c0                LED_off
 .text.LED_track
                0x000008e4       0x2c src/bsp.o
                0x000008e4                LED_track
 .text.spi_transceive
                0x00000910       0x40 src/spi_master.o
                0x00000910                spi_transceive
 .text.system_board_init
                0x00000950        0x2 src/ASF/common2/boards/user_board/init.o
                0x00000950                board_init
                0x00000950                system_board_init
 *fill*         0x00000952        0x2 
 .text.cpu_irq_enter_critical
                0x00000954       0x40 src/ASF/common/utils/interrupt/interrupt_sam_nvic.o
                0x00000954                cpu_irq_enter_critical
 .text.cpu_irq_leave_critical
                0x00000994       0x30 src/ASF/common/utils/interrupt/interrupt_sam_nvic.o
                0x00000994                cpu_irq_leave_critical
 .text.system_clock_source_get_hz
                0x000009c4       0x90 src/ASF/sam0/drivers/system/clock/clock_samd09_d10_d11/clock.o
                0x000009c4                system_clock_source_get_hz
 .text.system_clock_source_osc8m_set_config
                0x00000a54       0x3c src/ASF/sam0/drivers/system/clock/clock_samd09_d10_d11/clock.o
                0x00000a54                system_clock_source_osc8m_set_config
 .text.system_clock_source_enable
                0x00000a90       0xa8 src/ASF/sam0/drivers/system/clock/clock_samd09_d10_d11/clock.o
                0x00000a90                system_clock_source_enable
 .text.system_clock_init
                0x00000b38       0x98 src/ASF/sam0/drivers/system/clock/clock_samd09_d10_d11/clock.o
                0x00000b38                system_clock_init
 .text.system_gclk_init
                0x00000bd0       0x24 src/ASF/sam0/drivers/system/clock/clock_samd09_d10_d11/gclk.o
                0x00000bd0                system_gclk_init
 .text.system_gclk_gen_set_config
                0x00000bf4       0xb8 src/ASF/sam0/drivers/system/clock/clock_samd09_d10_d11/gclk.o
                0x00000bf4                system_gclk_gen_set_config
 .text.system_gclk_gen_enable
                0x00000cac       0x44 src/ASF/sam0/drivers/system/clock/clock_samd09_d10_d11/gclk.o
                0x00000cac                system_gclk_gen_enable
 .text.system_gclk_gen_get_hz
                0x00000cf0       0x8c src/ASF/sam0/drivers/system/clock/clock_samd09_d10_d11/gclk.o
                0x00000cf0                system_gclk_gen_get_hz
 .text.system_gclk_chan_enable
                0x00000d7c       0x30 src/ASF/sam0/drivers/system/clock/clock_samd09_d10_d11/gclk.o
                0x00000d7c                system_gclk_chan_enable
 .text.system_gclk_chan_disable
                0x00000dac       0x5c src/ASF/sam0/drivers/system/clock/clock_samd09_d10_d11/gclk.o
                0x00000dac                system_gclk_chan_disable
 .text.system_gclk_chan_set_config
                0x00000e08       0x1c src/ASF/sam0/drivers/system/clock/clock_samd09_d10_d11/gclk.o
                0x00000e08                system_gclk_chan_set_config
 .text.system_gclk_chan_get_hz
                0x00000e24       0x34 src/ASF/sam0/drivers/system/clock/clock_samd09_d10_d11/gclk.o
                0x00000e24                system_gclk_chan_get_hz
 .text._system_pinmux_config
                0x00000e58       0xa8 src/ASF/sam0/drivers/system/pinmux/pinmux.o
 .text.system_pinmux_pin_set_config
                0x00000f00       0x30 src/ASF/sam0/drivers/system/pinmux/pinmux.o
                0x00000f00                system_pinmux_pin_set_config
 .text._system_dummy_init
                0x00000f30        0x2 src/ASF/sam0/drivers/system/system.o
                0x00000f30                _system_events_init
                0x00000f30                _system_dummy_init
                0x00000f30                _system_divas_init
 *fill*         0x00000f32        0x2 
 .text.system_init
                0x00000f34       0x2c src/ASF/sam0/drivers/system/system.o
                0x00000f34                system_init
 .text.Dummy_Handler
                0x00000f60        0x2 src/ASF/sam0/utils/cmsis/samd10/source/gcc/startup_samd10.o
                0x00000f60                DMAC_Handler
                0x00000f60                HardFault_Handler
                0x00000f60                AC_Handler
                0x00000f60                SysTick_Handler
                0x00000f60                PendSV_Handler
                0x00000f60                NMI_Handler
                0x00000f60                ADC_Handler
                0x00000f60                RTC_Handler
                0x00000f60                WDT_Handler
                0x00000f60                Dummy_Handler
                0x00000f60                PM_Handler
                0x00000f60                SVC_Handler
                0x00000f60                EVSYS_Handler
                0x00000f60                NVMCTRL_Handler
                0x00000f60                DAC_Handler
                0x00000f60                PTC_Handler
                0x00000f60                SYSCTRL_Handler
 *fill*         0x00000f62        0x2 
 .text.Reset_Handler
                0x00000f64       0xd0 src/ASF/sam0/utils/cmsis/samd10/source/gcc/startup_samd10.o
                0x00000f64                Reset_Handler
 .text.main     0x00001034       0x24 src/main.o
                0x00001034                main
 .text          0x00001058      0x114 c:/program files (x86)/atmel/studio/7.0/toolchain/arm/arm-gnu-toolchain/bin/../lib/gcc/arm-none-eabi/6.2.1/thumb/v6-m\libgcc.a(_udivsi3.o)
                0x00001058                __aeabi_uidiv
                0x00001058                __udivsi3
                0x00001164                __aeabi_uidivmod
 .text          0x0000116c        0x4 c:/program files (x86)/atmel/studio/7.0/toolchain/arm/arm-gnu-toolchain/bin/../lib/gcc/arm-none-eabi/6.2.1/thumb/v6-m\libgcc.a(_dvmd_tls.o)
                0x0000116c                __aeabi_idiv0
                0x0000116c                __aeabi_ldiv0
 .text.__libc_init_array
                0x00001170       0x48 c:/program files (x86)/atmel/studio/7.0/toolchain/arm/arm-gnu-toolchain/bin/../lib/gcc/arm-none-eabi/6.2.1/../../../../arm-none-eabi/lib/thumb/v6-m\libc_nano.a(lib_a-init.o)
                0x00001170                __libc_init_array
 *(.glue_7t)
 .glue_7t       0x000011b8        0x0 linker stubs
 *(.glue_7)
 .glue_7        0x000011b8        0x0 linker stubs
 *(.rodata .rodata* .gnu.linkonce.r.*)
 .rodata._tcc_intflag
                0x000011b8       0x30 src/ASF/sam0/drivers/tcc/tcc_callback.o
                0x000011b8                _tcc_intflag
 .rodata.system_clock_source_get_hz
                0x000011e8       0x24 src/ASF/sam0/drivers/system/clock/clock_samd09_d10_d11/clock.o
 .rodata.system_clock_source_enable
                0x0000120c       0x24 src/ASF/sam0/drivers/system/clock/clock_samd09_d10_d11/clock.o
 *(.ARM.extab* .gnu.linkonce.armextab.*)
                0x00001230                . = ALIGN (0x4)
 *(.init)
 .init          0x00001230        0x4 c:/program files (x86)/atmel/studio/7.0/toolchain/arm/arm-gnu-toolchain/bin/../lib/gcc/arm-none-eabi/6.2.1/thumb/v6-m/crti.o
                0x00001230                _init
 .init          0x00001234        0x8 c:/program files (x86)/atmel/studio/7.0/toolchain/arm/arm-gnu-toolchain/bin/../lib/gcc/arm-none-eabi/6.2.1/thumb/v6-m/crtn.o
                0x0000123c                . = ALIGN (0x4)
                0x0000123c                __preinit_array_start = .
 *(.preinit_array)
                0x0000123c                __preinit_array_end = .
                0x0000123c                . = ALIGN (0x4)
                0x0000123c                __init_array_start = .
 *(SORT(.init_array.*))
 *(.init_array)
 .init_array    0x0000123c        0x4 c:/program files (x86)/atmel/studio/7.0/toolchain/arm/arm-gnu-toolchain/bin/../lib/gcc/arm-none-eabi/6.2.1/thumb/v6-m/crtbegin.o
                0x00001240                __init_array_end = .
                0x00001240                . = ALIGN (0x4)
 *crtbegin.o(.ctors)
 *(EXCLUDE_FILE(*crtend.o) .ctors)
 *(SORT(.ctors.*))
 *crtend.o(.ctors)
                0x00001240                . = ALIGN (0x4)
 *(.fini)
 .fini          0x00001240        0x4 c:/program files (x86)/atmel/studio/7.0/toolchain/arm/arm-gnu-toolchain/bin/../lib/gcc/arm-none-eabi/6.2.1/thumb/v6-m/crti.o
                0x00001240                _fini
 .fini          0x00001244        0x8 c:/program files (x86)/atmel/studio/7.0/toolchain/arm/arm-gnu-toolchain/bin/../lib/gcc/arm-none-eabi/6.2.1/thumb/v6-m/crtn.o
                0x0000124c                . = ALIGN (0x4)
                0x0000124c                __fini_array_start = .
 *(.fini_array)
 .fini_array    0x0000124c        0x4 c:/program files (x86)/atmel/studio/7.0/toolchain/arm/arm-gnu-toolchain/bin/../lib/gcc/arm-none-eabi/6.2.1/thumb/v6-m/crtbegin.o
 *(SORT(.fini_array.*))
                0x00001250                __fini_array_end = .
 *crtbegin.o(.dtors)
 *(EXCLUDE_FILE(*crtend.o) .dtors)
 *(SORT(.dtors.*))
 *crtend.o(.dtors)
                0x00001250                . = ALIGN (0x4)
                0x00001250                _efixed = .
                [!provide]                PROVIDE (__exidx_start, .)

.vfp11_veneer   0x00001250        0x0
 .vfp11_veneer  0x00001250        0x0 linker stubs

.v4_bx          0x00001250        0x0
 .v4_bx         0x00001250        0x0 linker stubs

.iplt           0x00001250        0x0
 .iplt          0x00001250        0x0 c:/program files (x86)/atmel/studio/7.0/toolchain/arm/arm-gnu-toolchain/bin/../lib/gcc/arm-none-eabi/6.2.1/thumb/v6-m/crtbegin.o

.eh_frame       0x00001250        0x0
 .eh_frame      0x00001250        0x0 c:/program files (x86)/atmel/studio/7.0/toolchain/arm/arm-gnu-toolchain/bin/../lib/gcc/arm-none-eabi/6.2.1/thumb/v6-m/crtbegin.o

.rel.dyn        0x00001250        0x0
 .rel.iplt      0x00001250        0x0 c:/program files (x86)/atmel/studio/7.0/toolchain/arm/arm-gnu-toolchain/bin/../lib/gcc/arm-none-eabi/6.2.1/thumb/v6-m/crtbegin.o

.jcr            0x00001250        0x0
 .jcr           0x00001250        0x0 c:/program files (x86)/atmel/studio/7.0/toolchain/arm/arm-gnu-toolchain/bin/../lib/gcc/arm-none-eabi/6.2.1/thumb/v6-m/crtbegin.o

.igot.plt       0x00001250        0x0
 .igot.plt      0x00001250        0x0 c:/program files (x86)/atmel/studio/7.0/toolchain/arm/arm-gnu-toolchain/bin/../lib/gcc/arm-none-eabi/6.2.1/thumb/v6-m/crtbegin.o

.ARM.exidx
 *(.ARM.exidx* .gnu.linkonce.armexidx.*)
                [!provide]                PROVIDE (__exidx_end, .)
                0x00001250                . = ALIGN (0x4)
                0x00001250                _etext = .

.relocate       0x20000000       0x44 load address 0x00001250
                0x20000000                . = ALIGN (0x4)
                0x20000000                _srelocate = .
 *(.ramfunc .ramfunc.*)
 *(.data .data.*)
 .data.wr_apc_2_ideal
                0x20000000        0x3 src/spi_control.o
 *fill*         0x20000003        0x1 
 .data.wr_apc_2_play_memory
                0x20000004        0x3 src/spi_control.o
 *fill*         0x20000007        0x1 
 .data.wr_apc_2_record_mic
                0x20000008        0x3 src/spi_control.o
 *fill*         0x2000000b        0x1 
 .data.wr_buffer_clr_init
                0x2000000c        0x2 src/spi_control.o
 *fill*         0x2000000e        0x2 
 .data.wr_buffer_play_set_1
                0x20000010        0x6 src/spi_control.o
 *fill*         0x20000016        0x2 
 .data.wr_buffer_play_set_3
                0x20000018        0x6 src/spi_control.o
 *fill*         0x2000001e        0x2 
 .data.wr_buffer_record_set_1
                0x20000020        0x6 src/spi_control.o
 *fill*         0x20000026        0x2 
 .data.wr_buffer_record_set_2
                0x20000028        0x6 src/spi_control.o
 *fill*         0x2000002e        0x2 
 .data.wr_buffer_status_pointer
                0x20000030        0x3 src/spi_control.o
 *fill*         0x20000033        0x1 
 .data.wr_buffer_stop
                0x20000034        0x2 src/spi_control.o
 *fill*         0x20000036        0x2 
 .data.cycles_per_ms
                0x20000038        0x4 src/ASF/common2/services/delay/sam0/systick_counter.o
 .data.cycles_per_us
                0x2000003c        0x4 src/ASF/common2/services/delay/sam0/systick_counter.o
 .data.g_interrupt_enabled
                0x20000040        0x1 src/ASF/common/utils/interrupt/interrupt_sam_nvic.o
                0x20000040                g_interrupt_enabled
                0x20000044                . = ALIGN (0x4)
 *fill*         0x20000041        0x3 
                0x20000044                _erelocate = .

.bss            0x20000044       0xe8 load address 0x00001294
                0x20000044                . = ALIGN (0x4)
                0x20000044                _sbss = .
                0x20000044                _szero = .
 *(.bss .bss.*)
 .bss           0x20000044       0x1c c:/program files (x86)/atmel/studio/7.0/toolchain/arm/arm-gnu-toolchain/bin/../lib/gcc/arm-none-eabi/6.2.1/thumb/v6-m/crtbegin.o
 .bss.rd_buffer
                0x20000060        0x2 src/spi_control.o
 *fill*         0x20000062        0x2 
 .bss.rd_buffer_3
                0x20000064        0x3 src/spi_control.o
 *fill*         0x20000067        0x1 
 .bss.rd_buffer_6
                0x20000068        0x6 src/spi_control.o
 *fill*         0x2000006e        0x2 
 .bss._sercom_interrupt_handlers
                0x20000070        0x8 src/ASF/sam0/drivers/sercom/sercom_interrupt.o
 .bss.counter_timer
                0x20000078        0x1 src/bsp.o
 .bss.track_led_mode
                0x20000079        0x1 src/bsp.o
 .bss.transrev_complete_spi_master
                0x2000007a        0x1 src/spi_master.o
                0x2000007a                transrev_complete_spi_master
 *fill*         0x2000007b        0x1 
 .bss.cpu_irq_critical_section_counter
                0x2000007c        0x4 src/ASF/common/utils/interrupt/interrupt_sam_nvic.o
 .bss.cpu_irq_prev_interrupt_state
                0x20000080        0x1 src/ASF/common/utils/interrupt/interrupt_sam_nvic.o
 *fill*         0x20000081        0x3 
 .bss._system_clock_inst
                0x20000084       0x18 src/ASF/sam0/drivers/system/clock/clock_samd09_d10_d11/clock.o
 .bss.input_buttons
                0x2000009c        0x1 src/main.o
                0x2000009c                input_buttons
 .bss.interrupt_occured
                0x2000009d        0x1 src/main.o
                0x2000009d                interrupt_occured
 .bss.track_pointer
                0x2000009e        0x1 src/main.o
                0x2000009e                track_pointer
 *(COMMON)
 COMMON         0x2000009f        0x1 src/ASF/sam0/drivers/extint/extint_callback.o
                0x2000009f                _current_channel
 COMMON         0x200000a0       0x40 src/ASF/sam0/drivers/extint/extint_sam_d_r_h/extint.o
                0x200000a0                _extint_dev
 COMMON         0x200000e0       0x3f src/spi_control.o
                0x200000e0                spi_master_instance
                0x2000011c                slave
 *fill*         0x2000011f        0x1 
 COMMON         0x20000120        0x4 src/ASF/sam0/drivers/tcc/tcc_callback.o
                0x20000120                _tcc_instances
 COMMON         0x20000124        0x8 src/ASF/sam0/drivers/tc/tc_interrupt.o
                0x20000124                _tc_instances
                0x2000012c                . = ALIGN (0x4)
                0x2000012c                _ebss = .
                0x2000012c                _ezero = .

.stack          0x2000012c      0x404 load address 0x0000137c
                0x20000130                . = ALIGN (0x8)
 *fill*         0x2000012c        0x4 
                0x20000130                _sstack = .
                0x20000530                . = (. + STACK_SIZE)
 *fill*         0x20000130      0x400 
                0x20000530                . = ALIGN (0x8)
                0x20000530                _estack = .
                0x20000530                . = ALIGN (0x4)
                0x20000530                _end = .
OUTPUT(Burp_box.elf elf32-littlearm)

.ARM.attributes
                0x00000000       0x28
 .ARM.attributes
                0x00000000       0x1e c:/program files (x86)/atmel/studio/7.0/toolchain/arm/arm-gnu-toolchain/bin/../lib/gcc/arm-none-eabi/6.2.1/thumb/v6-m/crti.o
 .ARM.attributes
                0x0000001e       0x2c c:/program files (x86)/atmel/studio/7.0/toolchain/arm/arm-gnu-toolchain/bin/../lib/gcc/arm-none-eabi/6.2.1/thumb/v6-m/crtbegin.o
 .ARM.attributes
                0x0000004a       0x32 src/ASF/sam0/drivers/extint/extint_callback.o
 .ARM.attributes
                0x0000007c       0x32 src/ASF/sam0/drivers/extint/extint_sam_d_r_h/extint.o
 .ARM.attributes
                0x000000ae       0x32 src/buttons.o
 .ARM.attributes
                0x000000e0       0x32 src/main_control.o
 .ARM.attributes
                0x00000112       0x32 src/spi_control.o
 .ARM.attributes
                0x00000144       0x32 src/ASF/common2/services/delay/sam0/systick_counter.o
 .ARM.attributes
                0x00000176       0x32 src/ASF/sam0/drivers/sercom/sercom_interrupt.o
 .ARM.attributes
                0x000001a8       0x32 src/ASF/sam0/drivers/sercom/spi/spi.o
 .ARM.attributes
                0x000001da       0x32 src/ASF/sam0/drivers/sercom/spi/spi_interrupt.o
 .ARM.attributes
                0x0000020c       0x32 src/ASF/sam0/drivers/tcc/tcc_callback.o
 .ARM.attributes
                0x0000023e       0x32 src/ASF/sam0/drivers/tc/tc_interrupt.o
 .ARM.attributes
                0x00000270       0x32 src/bsp.o
 .ARM.attributes
                0x000002a2       0x32 src/spi_master.o
 .ARM.attributes
                0x000002d4       0x32 src/ASF/common2/boards/user_board/init.o
 .ARM.attributes
                0x00000306       0x32 src/ASF/common/utils/interrupt/interrupt_sam_nvic.o
 .ARM.attributes
                0x00000338       0x32 src/ASF/sam0/drivers/system/clock/clock_samd09_d10_d11/clock.o
 .ARM.attributes
                0x0000036a       0x32 src/ASF/sam0/drivers/system/clock/clock_samd09_d10_d11/gclk.o
 .ARM.attributes
                0x0000039c       0x32 src/ASF/sam0/drivers/system/pinmux/pinmux.o
 .ARM.attributes
                0x000003ce       0x32 src/ASF/sam0/drivers/system/system.o
 .ARM.attributes
                0x00000400       0x32 src/ASF/sam0/utils/cmsis/samd10/source/gcc/startup_samd10.o
 .ARM.attributes
                0x00000432       0x32 src/main.o
 .ARM.attributes
                0x00000464       0x1e c:/program files (x86)/atmel/studio/7.0/toolchain/arm/arm-gnu-toolchain/bin/../lib/gcc/arm-none-eabi/6.2.1/thumb/v6-m\libgcc.a(_udivsi3.o)
 .ARM.attributes
                0x00000482       0x1e c:/program files (x86)/atmel/studio/7.0/toolchain/arm/arm-gnu-toolchain/bin/../lib/gcc/arm-none-eabi/6.2.1/thumb/v6-m\libgcc.a(_dvmd_tls.o)
 .ARM.attributes
                0x000004a0       0x2c c:/program files (x86)/atmel/studio/7.0/toolchain/arm/arm-gnu-toolchain/bin/../lib/gcc/arm-none-eabi/6.2.1/../../../../arm-none-eabi/lib/thumb/v6-m\libc_nano.a(lib_a-init.o)
 .ARM.attributes
                0x000004cc       0x1e c:/program files (x86)/atmel/studio/7.0/toolchain/arm/arm-gnu-toolchain/bin/../lib/gcc/arm-none-eabi/6.2.1/thumb/v6-m/crtn.o

.comment        0x00000000       0x59
 .comment       0x00000000       0x59 src/ASF/sam0/drivers/extint/extint_callback.o
                                 0x5a (size before relaxing)
 .comment       0x00000059       0x5a src/ASF/sam0/drivers/extint/extint_sam_d_r_h/extint.o
 .comment       0x00000059       0x5a src/buttons.o
 .comment       0x00000059       0x5a src/main_control.o
 .comment       0x00000059       0x5a src/spi_control.o
 .comment       0x00000059       0x5a src/ASF/common2/services/delay/sam0/systick_counter.o
 .comment       0x00000059       0x5a src/ASF/sam0/drivers/sercom/sercom_interrupt.o
 .comment       0x00000059       0x5a src/ASF/sam0/drivers/sercom/spi/spi.o
 .comment       0x00000059       0x5a src/ASF/sam0/drivers/sercom/spi/spi_interrupt.o
 .comment       0x00000059       0x5a src/ASF/sam0/drivers/tcc/tcc_callback.o
 .comment       0x00000059       0x5a src/ASF/sam0/drivers/tc/tc_interrupt.o
 .comment       0x00000059       0x5a src/bsp.o
 .comment       0x00000059       0x5a src/spi_master.o
 .comment       0x00000059       0x5a src/ASF/common2/boards/user_board/init.o
 .comment       0x00000059       0x5a src/ASF/common/utils/interrupt/interrupt_sam_nvic.o
 .comment       0x00000059       0x5a src/ASF/sam0/drivers/system/clock/clock_samd09_d10_d11/clock.o
 .comment       0x00000059       0x5a src/ASF/sam0/drivers/system/clock/clock_samd09_d10_d11/gclk.o
 .comment       0x00000059       0x5a src/ASF/sam0/drivers/system/pinmux/pinmux.o
 .comment       0x00000059       0x5a src/ASF/sam0/drivers/system/system.o
 .comment       0x00000059       0x5a src/ASF/sam0/utils/cmsis/samd10/source/gcc/startup_samd10.o
 .comment       0x00000059       0x5a src/main.o

.debug_info     0x00000000    0x3223a
 .debug_info    0x00000000     0x1668 src/ASF/sam0/drivers/extint/extint_callback.o
 .debug_info    0x00001668     0x2750 src/ASF/sam0/drivers/extint/extint_sam_d_r_h/extint.o
 .debug_info    0x00003db8     0x2011 src/buttons.o
 .debug_info    0x00005dc9      0xd04 src/main_control.o
 .debug_info    0x00006acd     0x4144 src/spi_control.o
 .debug_info    0x0000ac11      0xb81 src/ASF/common2/services/delay/sam0/systick_counter.o
 .debug_info    0x0000b792     0x2ac6 src/ASF/sam0/drivers/sercom/sercom_interrupt.o
 .debug_info    0x0000e258     0x68e4 src/ASF/sam0/drivers/sercom/spi/spi.o
 .debug_info    0x00014b3c     0x3182 src/ASF/sam0/drivers/sercom/spi/spi_interrupt.o
 .debug_info    0x00017cbe     0x301f src/ASF/sam0/drivers/tcc/tcc_callback.o
 .debug_info    0x0001acdd     0x1ae3 src/ASF/sam0/drivers/tc/tc_interrupt.o
 .debug_info    0x0001c7c0     0x2f09 src/bsp.o
 .debug_info    0x0001f6c9     0x4b78 src/spi_master.o
 .debug_info    0x00024241      0xa7a src/ASF/common2/boards/user_board/init.o
 .debug_info    0x00024cbb      0xafb src/ASF/common/utils/interrupt/interrupt_sam_nvic.o
 .debug_info    0x000257b6     0x3654 src/ASF/sam0/drivers/system/clock/clock_samd09_d10_d11/clock.o
 .debug_info    0x00028e0a     0x1e47 src/ASF/sam0/drivers/system/clock/clock_samd09_d10_d11/gclk.o
 .debug_info    0x0002ac51     0x13ea src/ASF/sam0/drivers/system/pinmux/pinmux.o
 .debug_info    0x0002c03b      0xa67 src/ASF/sam0/drivers/system/system.o
 .debug_info    0x0002caa2     0x1ab0 src/ASF/sam0/utils/cmsis/samd10/source/gcc/startup_samd10.o
 .debug_info    0x0002e552     0x3ce8 src/main.o

.debug_abbrev   0x00000000     0x43ec
 .debug_abbrev  0x00000000      0x320 src/ASF/sam0/drivers/extint/extint_callback.o
 .debug_abbrev  0x00000320      0x4a7 src/ASF/sam0/drivers/extint/extint_sam_d_r_h/extint.o
 .debug_abbrev  0x000007c7      0x388 src/buttons.o
 .debug_abbrev  0x00000b4f      0x215 src/main_control.o
 .debug_abbrev  0x00000d64      0x308 src/spi_control.o
 .debug_abbrev  0x0000106c      0x24b src/ASF/common2/services/delay/sam0/systick_counter.o
 .debug_abbrev  0x000012b7      0x2da src/ASF/sam0/drivers/sercom/sercom_interrupt.o
 .debug_abbrev  0x00001591      0x51f src/ASF/sam0/drivers/sercom/spi/spi.o
 .debug_abbrev  0x00001ab0      0x3ee src/ASF/sam0/drivers/sercom/spi/spi_interrupt.o
 .debug_abbrev  0x00001e9e      0x389 src/ASF/sam0/drivers/tcc/tcc_callback.o
 .debug_abbrev  0x00002227      0x2ff src/ASF/sam0/drivers/tc/tc_interrupt.o
 .debug_abbrev  0x00002526      0x457 src/bsp.o
 .debug_abbrev  0x0000297d      0x411 src/spi_master.o
 .debug_abbrev  0x00002d8e      0x1be src/ASF/common2/boards/user_board/init.o
 .debug_abbrev  0x00002f4c      0x22c src/ASF/common/utils/interrupt/interrupt_sam_nvic.o
 .debug_abbrev  0x00003178      0x465 src/ASF/sam0/drivers/system/clock/clock_samd09_d10_d11/clock.o
 .debug_abbrev  0x000035dd      0x3f1 src/ASF/sam0/drivers/system/clock/clock_samd09_d10_d11/gclk.o
 .debug_abbrev  0x000039ce      0x36e src/ASF/sam0/drivers/system/pinmux/pinmux.o
 .debug_abbrev  0x00003d3c      0x1e1 src/ASF/sam0/drivers/system/system.o
 .debug_abbrev  0x00003f1d      0x200 src/ASF/sam0/utils/cmsis/samd10/source/gcc/startup_samd10.o
 .debug_abbrev  0x0000411d      0x2cf src/main.o

.debug_loc      0x00000000     0x621d
 .debug_loc     0x00000000      0x28f src/ASF/sam0/drivers/extint/extint_callback.o
 .debug_loc     0x0000028f      0x43d src/ASF/sam0/drivers/extint/extint_sam_d_r_h/extint.o
 .debug_loc     0x000006cc      0x196 src/buttons.o
 .debug_loc     0x00000862       0x44 src/main_control.o
 .debug_loc     0x000008a6      0x2f1 src/spi_control.o
 .debug_loc     0x00000b97       0xe4 src/ASF/common2/services/delay/sam0/systick_counter.o
 .debug_loc     0x00000c7b      0x10d src/ASF/sam0/drivers/sercom/sercom_interrupt.o
 .debug_loc     0x00000d88     0x2a76 src/ASF/sam0/drivers/sercom/spi/spi.o
 .debug_loc     0x000037fe      0x6b0 src/ASF/sam0/drivers/sercom/spi/spi_interrupt.o
 .debug_loc     0x00003eae      0x205 src/ASF/sam0/drivers/tcc/tcc_callback.o
 .debug_loc     0x000040b3      0x168 src/ASF/sam0/drivers/tc/tc_interrupt.o
 .debug_loc     0x0000421b      0x587 src/bsp.o
 .debug_loc     0x000047a2      0x28f src/spi_master.o
 .debug_loc     0x00004a31      0xefb src/ASF/sam0/drivers/system/clock/clock_samd09_d10_d11/clock.o
 .debug_loc     0x0000592c      0x504 src/ASF/sam0/drivers/system/clock/clock_samd09_d10_d11/gclk.o
 .debug_loc     0x00005e30      0x36d src/ASF/sam0/drivers/system/pinmux/pinmux.o
 .debug_loc     0x0000619d       0x20 src/ASF/sam0/drivers/system/system.o
 .debug_loc     0x000061bd       0x40 src/ASF/sam0/utils/cmsis/samd10/source/gcc/startup_samd10.o
 .debug_loc     0x000061fd       0x20 src/main.o

.debug_aranges  0x00000000      0x5c0
 .debug_aranges
                0x00000000       0x48 src/ASF/sam0/drivers/extint/extint_callback.o
 .debug_aranges
                0x00000048       0x50 src/ASF/sam0/drivers/extint/extint_sam_d_r_h/extint.o
 .debug_aranges
                0x00000098       0x68 src/buttons.o
 .debug_aranges
                0x00000100       0x20 src/main_control.o
 .debug_aranges
                0x00000120       0x70 src/spi_control.o
 .debug_aranges
                0x00000190       0x30 src/ASF/common2/services/delay/sam0/systick_counter.o
 .debug_aranges
                0x000001c0       0x40 src/ASF/sam0/drivers/sercom/sercom_interrupt.o
 .debug_aranges
                0x00000200       0x58 src/ASF/sam0/drivers/sercom/spi/spi.o
 .debug_aranges
                0x00000258       0x50 src/ASF/sam0/drivers/sercom/spi/spi_interrupt.o
 .debug_aranges
                0x000002a8       0x48 src/ASF/sam0/drivers/tcc/tcc_callback.o
 .debug_aranges
                0x000002f0       0x40 src/ASF/sam0/drivers/tc/tc_interrupt.o
 .debug_aranges
                0x00000330       0x60 src/bsp.o
 .debug_aranges
                0x00000390       0x40 src/spi_master.o
 .debug_aranges
                0x000003d0       0x20 src/ASF/common2/boards/user_board/init.o
 .debug_aranges
                0x000003f0       0x28 src/ASF/common/utils/interrupt/interrupt_sam_nvic.o
 .debug_aranges
                0x00000418       0x78 src/ASF/sam0/drivers/system/clock/clock_samd09_d10_d11/clock.o
 .debug_aranges
                0x00000490       0x80 src/ASF/sam0/drivers/system/clock/clock_samd09_d10_d11/gclk.o
 .debug_aranges
                0x00000510       0x40 src/ASF/sam0/drivers/system/pinmux/pinmux.o
 .debug_aranges
                0x00000550       0x28 src/ASF/sam0/drivers/system/system.o
 .debug_aranges
                0x00000578       0x28 src/ASF/sam0/utils/cmsis/samd10/source/gcc/startup_samd10.o
 .debug_aranges
                0x000005a0       0x20 src/main.o

.debug_ranges   0x00000000      0x990
 .debug_ranges  0x00000000       0x90 src/ASF/sam0/drivers/extint/extint_callback.o
 .debug_ranges  0x00000090       0x40 src/ASF/sam0/drivers/extint/extint_sam_d_r_h/extint.o
 .debug_ranges  0x000000d0       0x58 src/buttons.o
 .debug_ranges  0x00000128       0x10 src/main_control.o
 .debug_ranges  0x00000138       0x60 src/spi_control.o
 .debug_ranges  0x00000198       0x50 src/ASF/common2/services/delay/sam0/systick_counter.o
 .debug_ranges  0x000001e8       0x30 src/ASF/sam0/drivers/sercom/sercom_interrupt.o
 .debug_ranges  0x00000218      0x438 src/ASF/sam0/drivers/sercom/spi/spi.o
 .debug_ranges  0x00000650       0xd0 src/ASF/sam0/drivers/sercom/spi/spi_interrupt.o
 .debug_ranges  0x00000720       0x38 src/ASF/sam0/drivers/tcc/tcc_callback.o
 .debug_ranges  0x00000758       0x30 src/ASF/sam0/drivers/tc/tc_interrupt.o
 .debug_ranges  0x00000788       0x50 src/bsp.o
 .debug_ranges  0x000007d8       0x30 src/spi_master.o
 .debug_ranges  0x00000808       0x10 src/ASF/common2/boards/user_board/init.o
 .debug_ranges  0x00000818       0x18 src/ASF/common/utils/interrupt/interrupt_sam_nvic.o
 .debug_ranges  0x00000830       0x68 src/ASF/sam0/drivers/system/clock/clock_samd09_d10_d11/clock.o
 .debug_ranges  0x00000898       0x88 src/ASF/sam0/drivers/system/clock/clock_samd09_d10_d11/gclk.o
 .debug_ranges  0x00000920       0x30 src/ASF/sam0/drivers/system/pinmux/pinmux.o
 .debug_ranges  0x00000950       0x18 src/ASF/sam0/drivers/system/system.o
 .debug_ranges  0x00000968       0x18 src/ASF/sam0/utils/cmsis/samd10/source/gcc/startup_samd10.o
 .debug_ranges  0x00000980       0x10 src/main.o

.debug_macro    0x00000000    0x168cb
 .debug_macro   0x00000000      0x4b5 src/ASF/sam0/drivers/extint/extint_callback.o
 .debug_macro   0x000004b5      0x8c2 src/ASF/sam0/drivers/extint/extint_callback.o
 .debug_macro   0x00000d77      0x16d src/ASF/sam0/drivers/extint/extint_callback.o
 .debug_macro   0x00000ee4      0x64b src/ASF/sam0/drivers/extint/extint_callback.o
 .debug_macro   0x0000152f       0x22 src/ASF/sam0/drivers/extint/extint_callback.o
 .debug_macro   0x00001551       0x87 src/ASF/sam0/drivers/extint/extint_callback.o
 .debug_macro   0x000015d8       0x51 src/ASF/sam0/drivers/extint/extint_callback.o
 .debug_macro   0x00001629       0xef src/ASF/sam0/drivers/extint/extint_callback.o
 .debug_macro   0x00001718       0x6a src/ASF/sam0/drivers/extint/extint_callback.o
 .debug_macro   0x00001782      0x1df src/ASF/sam0/drivers/extint/extint_callback.o
 .debug_macro   0x00001961       0x10 src/ASF/sam0/drivers/extint/extint_callback.o
 .debug_macro   0x00001971       0x76 src/ASF/sam0/drivers/extint/extint_callback.o
 .debug_macro   0x000019e7       0x16 src/ASF/sam0/drivers/extint/extint_callback.o
 .debug_macro   0x000019fd      0x6e5 src/ASF/sam0/drivers/extint/extint_callback.o
 .debug_macro   0x000020e2      0xde2 src/ASF/sam0/drivers/extint/extint_callback.o
 .debug_macro   0x00002ec4       0x22 src/ASF/sam0/drivers/extint/extint_callback.o
 .debug_macro   0x00002ee6       0x40 src/ASF/sam0/drivers/extint/extint_callback.o
 .debug_macro   0x00002f26       0x3a src/ASF/sam0/drivers/extint/extint_callback.o
 .debug_macro   0x00002f60       0x1f src/ASF/sam0/drivers/extint/extint_callback.o
 .debug_macro   0x00002f7f      0x250 src/ASF/sam0/drivers/extint/extint_callback.o
 .debug_macro   0x000031cf      0x682 src/ASF/sam0/drivers/extint/extint_callback.o
 .debug_macro   0x00003851      0x8c1 src/ASF/sam0/drivers/extint/extint_callback.o
 .debug_macro   0x00004112      0x235 src/ASF/sam0/drivers/extint/extint_callback.o
 .debug_macro   0x00004347      0xbde src/ASF/sam0/drivers/extint/extint_callback.o
 .debug_macro   0x00004f25      0x5b8 src/ASF/sam0/drivers/extint/extint_callback.o
 .debug_macro   0x000054dd      0x7cb src/ASF/sam0/drivers/extint/extint_callback.o
 .debug_macro   0x00005ca8      0x4e6 src/ASF/sam0/drivers/extint/extint_callback.o
 .debug_macro   0x0000618e      0x3ac src/ASF/sam0/drivers/extint/extint_callback.o
 .debug_macro   0x0000653a      0x19a src/ASF/sam0/drivers/extint/extint_callback.o
 .debug_macro   0x000066d4      0x226 src/ASF/sam0/drivers/extint/extint_callback.o
 .debug_macro   0x000068fa      0x745 src/ASF/sam0/drivers/extint/extint_callback.o
 .debug_macro   0x0000703f       0x5e src/ASF/sam0/drivers/extint/extint_callback.o
 .debug_macro   0x0000709d      0x610 src/ASF/sam0/drivers/extint/extint_callback.o
 .debug_macro   0x000076ad      0x3b8 src/ASF/sam0/drivers/extint/extint_callback.o
 .debug_macro   0x00007a65      0xc55 src/ASF/sam0/drivers/extint/extint_callback.o
 .debug_macro   0x000086ba     0x1093 src/ASF/sam0/drivers/extint/extint_callback.o
 .debug_macro   0x0000974d      0xc19 src/ASF/sam0/drivers/extint/extint_callback.o
 .debug_macro   0x0000a366      0x6c2 src/ASF/sam0/drivers/extint/extint_callback.o
 .debug_macro   0x0000aa28     0x1b94 src/ASF/sam0/drivers/extint/extint_callback.o
 .debug_macro   0x0000c5bc      0x351 src/ASF/sam0/drivers/extint/extint_callback.o
 .debug_macro   0x0000c90d       0x7c src/ASF/sam0/drivers/extint/extint_callback.o
 .debug_macro   0x0000c989       0xa0 src/ASF/sam0/drivers/extint/extint_callback.o
 .debug_macro   0x0000ca29       0x4c src/ASF/sam0/drivers/extint/extint_callback.o
 .debug_macro   0x0000ca75       0xca src/ASF/sam0/drivers/extint/extint_callback.o
 .debug_macro   0x0000cb3f       0xbe src/ASF/sam0/drivers/extint/extint_callback.o
 .debug_macro   0x0000cbfd       0x58 src/ASF/sam0/drivers/extint/extint_callback.o
 .debug_macro   0x0000cc55      0x225 src/ASF/sam0/drivers/extint/extint_callback.o
 .debug_macro   0x0000ce7a       0x82 src/ASF/sam0/drivers/extint/extint_callback.o
 .debug_macro   0x0000cefc      0x19a src/ASF/sam0/drivers/extint/extint_callback.o
 .debug_macro   0x0000d096       0xa0 src/ASF/sam0/drivers/extint/extint_callback.o
 .debug_macro   0x0000d136       0xc4 src/ASF/sam0/drivers/extint/extint_callback.o
 .debug_macro   0x0000d1fa       0x1c src/ASF/sam0/drivers/extint/extint_callback.o
 .debug_macro   0x0000d216       0x1c src/ASF/sam0/drivers/extint/extint_callback.o
 .debug_macro   0x0000d232       0x1c src/ASF/sam0/drivers/extint/extint_callback.o
 .debug_macro   0x0000d24e       0x82 src/ASF/sam0/drivers/extint/extint_callback.o
 .debug_macro   0x0000d2d0      0x112 src/ASF/sam0/drivers/extint/extint_callback.o
 .debug_macro   0x0000d3e2       0xdc src/ASF/sam0/drivers/extint/extint_callback.o
 .debug_macro   0x0000d4be      0x132 src/ASF/sam0/drivers/extint/extint_callback.o
 .debug_macro   0x0000d5f0      0x132 src/ASF/sam0/drivers/extint/extint_callback.o
 .debug_macro   0x0000d722      0x11e src/ASF/sam0/drivers/extint/extint_callback.o
 .debug_macro   0x0000d840       0xe2 src/ASF/sam0/drivers/extint/extint_callback.o
 .debug_macro   0x0000d922       0xe2 src/ASF/sam0/drivers/extint/extint_callback.o
 .debug_macro   0x0000da04      0x12f src/ASF/sam0/drivers/extint/extint_callback.o
 .debug_macro   0x0000db33       0x40 src/ASF/sam0/drivers/extint/extint_callback.o
 .debug_macro   0x0000db73      0x2c7 src/ASF/sam0/drivers/extint/extint_callback.o
 .debug_macro   0x0000de3a      0x7bb src/ASF/sam0/drivers/extint/extint_callback.o
 .debug_macro   0x0000e5f5       0x5f src/ASF/sam0/drivers/extint/extint_callback.o
 .debug_macro   0x0000e654       0x52 src/ASF/sam0/drivers/extint/extint_callback.o
 .debug_macro   0x0000e6a6       0x35 src/ASF/sam0/drivers/extint/extint_callback.o
 .debug_macro   0x0000e6db       0x9c src/ASF/sam0/drivers/extint/extint_callback.o
 .debug_macro   0x0000e777       0x16 src/ASF/sam0/drivers/extint/extint_callback.o
 .debug_macro   0x0000e78d       0x35 src/ASF/sam0/drivers/extint/extint_callback.o
 .debug_macro   0x0000e7c2      0x330 src/ASF/sam0/drivers/extint/extint_callback.o
 .debug_macro   0x0000eaf2       0x10 src/ASF/sam0/drivers/extint/extint_callback.o
 .debug_macro   0x0000eb02       0x52 src/ASF/sam0/drivers/extint/extint_callback.o
 .debug_macro   0x0000eb54       0x1f src/ASF/sam0/drivers/extint/extint_callback.o
 .debug_macro   0x0000eb73       0x43 src/ASF/sam0/drivers/extint/extint_callback.o
 .debug_macro   0x0000ebb6       0x20 src/ASF/sam0/drivers/extint/extint_callback.o
 .debug_macro   0x0000ebd6      0x187 src/ASF/sam0/drivers/extint/extint_callback.o
 .debug_macro   0x0000ed5d       0x10 src/ASF/sam0/drivers/extint/extint_callback.o
 .debug_macro   0x0000ed6d       0x1c src/ASF/sam0/drivers/extint/extint_callback.o
 .debug_macro   0x0000ed89       0x52 src/ASF/sam0/drivers/extint/extint_callback.o
 .debug_macro   0x0000eddb       0x40 src/ASF/sam0/drivers/extint/extint_callback.o
 .debug_macro   0x0000ee1b       0x10 src/ASF/sam0/drivers/extint/extint_callback.o
 .debug_macro   0x0000ee2b       0x40 src/ASF/sam0/drivers/extint/extint_callback.o
 .debug_macro   0x0000ee6b       0xd7 src/ASF/sam0/drivers/extint/extint_callback.o
 .debug_macro   0x0000ef42       0x16 src/ASF/sam0/drivers/extint/extint_callback.o
 .debug_macro   0x0000ef58      0x18b src/ASF/sam0/drivers/extint/extint_callback.o
 .debug_macro   0x0000f0e3       0x16 src/ASF/sam0/drivers/extint/extint_callback.o
 .debug_macro   0x0000f0f9       0x16 src/ASF/sam0/drivers/extint/extint_callback.o
 .debug_macro   0x0000f10f       0x29 src/ASF/sam0/drivers/extint/extint_callback.o
 .debug_macro   0x0000f138       0x51 src/ASF/sam0/drivers/extint/extint_callback.o
 .debug_macro   0x0000f189       0x3f src/ASF/sam0/drivers/extint/extint_callback.o
 .debug_macro   0x0000f1c8      0x3df src/ASF/sam0/drivers/extint/extint_callback.o
 .debug_macro   0x0000f5a7       0x18 src/ASF/sam0/drivers/extint/extint_callback.o
 .debug_macro   0x0000f5bf       0x19 src/ASF/sam0/drivers/extint/extint_callback.o
 .debug_macro   0x0000f5d8      0x50f src/ASF/sam0/drivers/extint/extint_sam_d_r_h/extint.o
 .debug_macro   0x0000fae7       0x11 src/ASF/sam0/drivers/extint/extint_sam_d_r_h/extint.o
 .debug_macro   0x0000faf8       0x16 src/ASF/sam0/drivers/extint/extint_sam_d_r_h/extint.o
 .debug_macro   0x0000fb0e       0x2e src/ASF/sam0/drivers/extint/extint_sam_d_r_h/extint.o
 .debug_macro   0x0000fb3c       0x1f src/ASF/sam0/drivers/extint/extint_sam_d_r_h/extint.o
 .debug_macro   0x0000fb5b       0x16 src/ASF/sam0/drivers/extint/extint_sam_d_r_h/extint.o
 .debug_macro   0x0000fb71      0x63d src/buttons.o
 .debug_macro   0x000101ae       0x16 src/buttons.o
 .debug_macro   0x000101c4       0x16 src/buttons.o
 .debug_macro   0x000101da      0x2c6 src/buttons.o
 .debug_macro   0x000104a0       0x11 src/buttons.o
 .debug_macro   0x000104b1       0x42 src/buttons.o
 .debug_macro   0x000104f3       0x10 src/buttons.o
 .debug_macro   0x00010503       0x16 src/buttons.o
 .debug_macro   0x00010519       0x16 src/buttons.o
 .debug_macro   0x0001052f       0x35 src/buttons.o
 .debug_macro   0x00010564       0x6c src/buttons.o
 .debug_macro   0x000105d0       0x8f src/buttons.o
 .debug_macro   0x0001065f       0x4c src/buttons.o
 .debug_macro   0x000106ab       0x40 src/buttons.o
 .debug_macro   0x000106eb       0x8e src/buttons.o
 .debug_macro   0x00010779      0x628 src/main_control.o
 .debug_macro   0x00010da1       0x64 src/main_control.o
 .debug_macro   0x00010e05      0x62f src/spi_control.o
 .debug_macro   0x00011434       0x10 src/spi_control.o
 .debug_macro   0x00011444      0x4cb src/ASF/common2/services/delay/sam0/systick_counter.o
 .debug_macro   0x0001190f      0x51a src/ASF/sam0/drivers/sercom/sercom_interrupt.o
 .debug_macro   0x00011e29      0x563 src/ASF/sam0/drivers/sercom/spi/spi.o
 .debug_macro   0x0001238c      0x56d src/ASF/sam0/drivers/sercom/spi/spi_interrupt.o
 .debug_macro   0x000128f9      0x50a src/ASF/sam0/drivers/tcc/tcc_callback.o
 .debug_macro   0x00012e03      0x4fe src/ASF/sam0/drivers/tc/tc_interrupt.o
 .debug_macro   0x00013301       0x19 src/ASF/sam0/drivers/tc/tc_interrupt.o
 .debug_macro   0x0001331a       0x51 src/ASF/sam0/drivers/tc/tc_interrupt.o
 .debug_macro   0x0001336b      0x620 src/bsp.o
 .debug_macro   0x0001398b      0x62a src/spi_master.o
 .debug_macro   0x00013fb5      0x612 src/ASF/common2/boards/user_board/init.o
 .debug_macro   0x000145c7      0x490 src/ASF/common/utils/interrupt/interrupt_sam_nvic.o
 .debug_macro   0x00014a57      0x4f5 src/ASF/sam0/drivers/system/clock/clock_samd09_d10_d11/clock.o
 .debug_macro   0x00014f4c      0x234 src/ASF/sam0/drivers/system/clock/clock_samd09_d10_d11/clock.o
 .debug_macro   0x00015180      0x4c6 src/ASF/sam0/drivers/system/clock/clock_samd09_d10_d11/gclk.o
 .debug_macro   0x00015646      0x4a0 src/ASF/sam0/drivers/system/pinmux/pinmux.o
 .debug_macro   0x00015ae6       0x12 src/ASF/sam0/drivers/system/pinmux/pinmux.o
 .debug_macro   0x00015af8      0x4d3 src/ASF/sam0/drivers/system/system.o
 .debug_macro   0x00015fcb      0x277 src/ASF/sam0/utils/cmsis/samd10/source/gcc/startup_samd10.o
 .debug_macro   0x00016242       0x3a src/ASF/sam0/utils/cmsis/samd10/source/gcc/startup_samd10.o
 .debug_macro   0x0001627c      0x64f src/main.o

.debug_line     0x00000000     0xf1e9
 .debug_line    0x00000000      0x948 src/ASF/sam0/drivers/extint/extint_callback.o
 .debug_line    0x00000948      0xbb4 src/ASF/sam0/drivers/extint/extint_sam_d_r_h/extint.o
 .debug_line    0x000014fc      0xd9a src/buttons.o
 .debug_line    0x00002296      0xcbe src/main_control.o
 .debug_line    0x00002f54      0xdb5 src/spi_control.o
 .debug_line    0x00003d09      0x944 src/ASF/common2/services/delay/sam0/systick_counter.o
 .debug_line    0x0000464d      0xaaa src/ASF/sam0/drivers/sercom/sercom_interrupt.o
 .debug_line    0x000050f7     0x12ec src/ASF/sam0/drivers/sercom/spi/spi.o
 .debug_line    0x000063e3      0xca1 src/ASF/sam0/drivers/sercom/spi/spi_interrupt.o
 .debug_line    0x00007084      0xa11 src/ASF/sam0/drivers/tcc/tcc_callback.o
 .debug_line    0x00007a95      0x9f4 src/ASF/sam0/drivers/tc/tc_interrupt.o
 .debug_line    0x00008489      0xe56 src/bsp.o
 .debug_line    0x000092df      0xd67 src/spi_master.o
 .debug_line    0x0000a046      0xc91 src/ASF/common2/boards/user_board/init.o
 .debug_line    0x0000acd7      0x851 src/ASF/common/utils/interrupt/interrupt_sam_nvic.o
 .debug_line    0x0000b528      0xbce src/ASF/sam0/drivers/system/clock/clock_samd09_d10_d11/clock.o
 .debug_line    0x0000c0f6      0xbfa src/ASF/sam0/drivers/system/clock/clock_samd09_d10_d11/gclk.o
 .debug_line    0x0000ccf0      0x8ca src/ASF/sam0/drivers/system/pinmux/pinmux.o
 .debug_line    0x0000d5ba      0x971 src/ASF/sam0/drivers/system/system.o
 .debug_line    0x0000df2b      0x5cd src/ASF/sam0/utils/cmsis/samd10/source/gcc/startup_samd10.o
 .debug_line    0x0000e4f8      0xcf1 src/main.o

.debug_str      0x00000000    0x6c507
 .debug_str     0x00000000    0x63638 src/ASF/sam0/drivers/extint/extint_callback.o
                              0x63ba8 (size before relaxing)
 .debug_str     0x00063638      0xef7 src/ASF/sam0/drivers/extint/extint_sam_d_r_h/extint.o
                              0x649f1 (size before relaxing)
 .debug_str     0x0006452f     0x22dd src/buttons.o
                              0x65ed4 (size before relaxing)
 .debug_str     0x0006680c      0x3d6 src/main_control.o
                              0x65026 (size before relaxing)
 .debug_str     0x00066be2      0x974 src/spi_control.o
                              0x66816 (size before relaxing)
 .debug_str     0x00067556       0xac src/ASF/common2/services/delay/sam0/systick_counter.o
                              0x63682 (size before relaxing)
 .debug_str     0x00067602      0x1c6 src/ASF/sam0/drivers/sercom/sercom_interrupt.o
                              0x64515 (size before relaxing)
 .debug_str     0x000677c8      0xba7 src/ASF/sam0/drivers/sercom/spi/spi.o
                              0x65afb (size before relaxing)
 .debug_str     0x0006836f      0x178 src/ASF/sam0/drivers/sercom/spi/spi_interrupt.o
                              0x64a9c (size before relaxing)
 .debug_str     0x000684e7      0x7b2 src/ASF/sam0/drivers/tcc/tcc_callback.o
                              0x64c67 (size before relaxing)
 .debug_str     0x00068c99       0xc2 src/ASF/sam0/drivers/tc/tc_interrupt.o
                              0x6416e (size before relaxing)
 .debug_str     0x00068d5b      0x503 src/bsp.o
                              0x66555 (size before relaxing)
 .debug_str     0x0006925e      0x131 src/spi_master.o
                              0x66f7c (size before relaxing)
 .debug_str     0x0006938f       0x3e src/ASF/common2/boards/user_board/init.o
                              0x64c48 (size before relaxing)
 .debug_str     0x000693cd       0x94 src/ASF/common/utils/interrupt/interrupt_sam_nvic.o
                              0x63472 (size before relaxing)
 .debug_str     0x00069461     0x24af src/ASF/sam0/drivers/system/clock/clock_samd09_d10_d11/clock.o
                              0x662c6 (size before relaxing)
 .debug_str     0x0006b910      0x20f src/ASF/sam0/drivers/system/clock/clock_samd09_d10_d11/gclk.o
                              0x640c8 (size before relaxing)
 .debug_str     0x0006bb1f      0x19d src/ASF/sam0/drivers/system/pinmux/pinmux.o
                              0x63914 (size before relaxing)
 .debug_str     0x0006bcbc       0x47 src/ASF/sam0/drivers/system/system.o
                              0x6354f (size before relaxing)
 .debug_str     0x0006bd03      0x7ed src/ASF/sam0/utils/cmsis/samd10/source/gcc/startup_samd10.o
                              0x4edfb (size before relaxing)
 .debug_str     0x0006c4f0       0x17 src/main.o
                              0x66829 (size before relaxing)

.debug_frame    0x00000000      0xd14
 .debug_frame   0x00000000       0x7c src/ASF/sam0/drivers/extint/extint_callback.o
 .debug_frame   0x0000007c       0xb8 src/ASF/sam0/drivers/extint/extint_sam_d_r_h/extint.o
 .debug_frame   0x00000134      0x100 src/buttons.o
 .debug_frame   0x00000234       0x28 src/main_control.o
 .debug_frame   0x0000025c      0x11c src/spi_control.o
 .debug_frame   0x00000378       0x64 src/ASF/common2/services/delay/sam0/systick_counter.o
 .debug_frame   0x000003dc       0x88 src/ASF/sam0/drivers/sercom/sercom_interrupt.o
 .debug_frame   0x00000464      0x120 src/ASF/sam0/drivers/sercom/spi/spi.o
 .debug_frame   0x00000584       0xb0 src/ASF/sam0/drivers/sercom/spi/spi_interrupt.o
 .debug_frame   0x00000634       0xa4 src/ASF/sam0/drivers/tcc/tcc_callback.o
 .debug_frame   0x000006d8       0x7c src/ASF/sam0/drivers/tc/tc_interrupt.o
 .debug_frame   0x00000754       0xd0 src/bsp.o
 .debug_frame   0x00000824       0x90 src/spi_master.o
 .debug_frame   0x000008b4       0x20 src/ASF/common2/boards/user_board/init.o
 .debug_frame   0x000008d4       0x30 src/ASF/common/utils/interrupt/interrupt_sam_nvic.o
 .debug_frame   0x00000904      0x14c src/ASF/sam0/drivers/system/clock/clock_samd09_d10_d11/clock.o
 .debug_frame   0x00000a50      0x148 src/ASF/sam0/drivers/system/clock/clock_samd09_d10_d11/gclk.o
 .debug_frame   0x00000b98       0x98 src/ASF/sam0/drivers/system/pinmux/pinmux.o
 .debug_frame   0x00000c30       0x38 src/ASF/sam0/drivers/system/system.o
 .debug_frame   0x00000c68       0x38 src/ASF/sam0/utils/cmsis/samd10/source/gcc/startup_samd10.o
 .debug_frame   0x00000ca0       0x28 src/main.o
 .debug_frame   0x00000cc8       0x20 c:/program files (x86)/atmel/studio/7.0/toolchain/arm/arm-gnu-toolchain/bin/../lib/gcc/arm-none-eabi/6.2.1/thumb/v6-m\libgcc.a(_udivsi3.o)
 .debug_frame   0x00000ce8       0x2c c:/program files (x86)/atmel/studio/7.0/toolchain/arm/arm-gnu-toolchain/bin/../lib/gcc/arm-none-eabi/6.2.1/../../../../arm-none-eabi/lib/thumb/v6-m\libc_nano.a(lib_a-init.o)

Cross Reference Table

Symbol                                            File
AC_Handler                                        src/ASF/sam0/utils/cmsis/samd10/source/gcc/startup_samd10.o
ADC_Handler                                       src/ASF/sam0/utils/cmsis/samd10/source/gcc/startup_samd10.o
DAC_Handler                                       src/ASF/sam0/utils/cmsis/samd10/source/gcc/startup_samd10.o
DMAC_Handler                                      src/ASF/sam0/utils/cmsis/samd10/source/gcc/startup_samd10.o
Dummy_Handler                                     src/ASF/sam0/utils/cmsis/samd10/source/gcc/startup_samd10.o
EIC_Handler                                       src/ASF/sam0/drivers/extint/extint_callback.o
EVSYS_Handler                                     src/ASF/sam0/utils/cmsis/samd10/source/gcc/startup_samd10.o
HardFault_Handler                                 src/ASF/sam0/utils/cmsis/samd10/source/gcc/startup_samd10.o
LED_off                                           src/bsp.o
                                                  src/test.o
                                                  src/spi_control.o
LED_on                                            src/bsp.o
                                                  src/test.o
                                                  src/spi_control.o
LED_toggle                                        src/bsp.o
                                                  src/test.o
LED_track                                         src/bsp.o
                                                  src/test.o
                                                  src/spi_control.o
NMI_Handler                                       src/ASF/sam0/utils/cmsis/samd10/source/gcc/startup_samd10.o
NVMCTRL_Handler                                   src/ASF/sam0/utils/cmsis/samd10/source/gcc/startup_samd10.o
PM_Handler                                        src/ASF/sam0/utils/cmsis/samd10/source/gcc/startup_samd10.o
PTC_Handler                                       src/ASF/sam0/utils/cmsis/samd10/source/gcc/startup_samd10.o
PendSV_Handler                                    src/ASF/sam0/utils/cmsis/samd10/source/gcc/startup_samd10.o
RTC_Handler                                       src/ASF/sam0/utils/cmsis/samd10/source/gcc/startup_samd10.o
Reset_Handler                                     src/ASF/sam0/utils/cmsis/samd10/source/gcc/startup_samd10.o
SERCOM0_Handler                                   src/ASF/sam0/drivers/sercom/sercom_interrupt.o
SERCOM1_Handler                                   src/ASF/sam0/drivers/sercom/sercom_interrupt.o
SVC_Handler                                       src/ASF/sam0/utils/cmsis/samd10/source/gcc/startup_samd10.o
SYSCTRL_Handler                                   src/ASF/sam0/utils/cmsis/samd10/source/gcc/startup_samd10.o
SysTick_Handler                                   src/ASF/sam0/utils/cmsis/samd10/source/gcc/startup_samd10.o
SystemCoreClock                                   src/ASF/sam0/utils/cmsis/samd10/source/system_samd10.o
SystemCoreClockUpdate                             src/ASF/sam0/utils/cmsis/samd10/source/system_samd10.o
SystemInit                                        src/ASF/sam0/utils/cmsis/samd10/source/system_samd10.o
TC1_Handler                                       src/ASF/sam0/drivers/tc/tc_interrupt.o
TC2_Handler                                       src/ASF/sam0/drivers/tc/tc_interrupt.o
TCC0_Handler                                      src/ASF/sam0/drivers/tcc/tcc_callback.o
WDT_Handler                                       src/ASF/sam0/utils/cmsis/samd10/source/gcc/startup_samd10.o
_Jv_RegisterClasses                               c:/program files (x86)/atmel/studio/7.0/toolchain/arm/arm-gnu-toolchain/bin/../lib/gcc/arm-none-eabi/6.2.1/thumb/v6-m/crtbegin.o
__aeabi_idiv                                      c:/program files (x86)/atmel/studio/7.0/toolchain/arm/arm-gnu-toolchain/bin/../lib/gcc/arm-none-eabi/6.2.1/thumb/v6-m\libgcc.a(_divsi3.o)
__aeabi_idiv0                                     c:/program files (x86)/atmel/studio/7.0/toolchain/arm/arm-gnu-toolchain/bin/../lib/gcc/arm-none-eabi/6.2.1/thumb/v6-m\libgcc.a(_dvmd_tls.o)
                                                  c:/program files (x86)/atmel/studio/7.0/toolchain/arm/arm-gnu-toolchain/bin/../lib/gcc/arm-none-eabi/6.2.1/thumb/v6-m\libgcc.a(_divsi3.o)
                                                  c:/program files (x86)/atmel/studio/7.0/toolchain/arm/arm-gnu-toolchain/bin/../lib/gcc/arm-none-eabi/6.2.1/thumb/v6-m\libgcc.a(_udivsi3.o)
__aeabi_idivmod                                   c:/program files (x86)/atmel/studio/7.0/toolchain/arm/arm-gnu-toolchain/bin/../lib/gcc/arm-none-eabi/6.2.1/thumb/v6-m\libgcc.a(_divsi3.o)
                                                  src/test.o
__aeabi_ldiv0                                     c:/program files (x86)/atmel/studio/7.0/toolchain/arm/arm-gnu-toolchain/bin/../lib/gcc/arm-none-eabi/6.2.1/thumb/v6-m\libgcc.a(_dvmd_tls.o)
__aeabi_lmul                                      c:/program files (x86)/atmel/studio/7.0/toolchain/arm/arm-gnu-toolchain/bin/../lib/gcc/arm-none-eabi/6.2.1/thumb/v6-m\libgcc.a(_muldi3.o)
                                                  src/ASF/sam0/drivers/sercom/sercom.o
__aeabi_uidiv                                     c:/program files (x86)/atmel/studio/7.0/toolchain/arm/arm-gnu-toolchain/bin/../lib/gcc/arm-none-eabi/6.2.1/thumb/v6-m\libgcc.a(_udivsi3.o)
                                                  src/ASF/sam0/drivers/system/clock/clock_samd09_d10_d11/gclk.o
                                                  src/ASF/sam0/drivers/system/clock/clock_samd09_d10_d11/clock.o
                                                  src/ASF/common2/services/delay/sam0/systick_counter.o
__aeabi_uidivmod                                  c:/program files (x86)/atmel/studio/7.0/toolchain/arm/arm-gnu-toolchain/bin/../lib/gcc/arm-none-eabi/6.2.1/thumb/v6-m\libgcc.a(_udivsi3.o)
__bss_end__                                       c:/program files (x86)/atmel/studio/7.0/toolchain/arm/arm-gnu-toolchain/bin/../lib/gcc/arm-none-eabi/6.2.1/../../../../arm-none-eabi/lib/thumb/v6-m/crt0.o
__bss_start__                                     c:/program files (x86)/atmel/studio/7.0/toolchain/arm/arm-gnu-toolchain/bin/../lib/gcc/arm-none-eabi/6.2.1/../../../../arm-none-eabi/lib/thumb/v6-m/crt0.o
__call_exitprocs                                  c:/program files (x86)/atmel/studio/7.0/toolchain/arm/arm-gnu-toolchain/bin/../lib/gcc/arm-none-eabi/6.2.1/../../../../arm-none-eabi/lib/thumb/v6-m\libc_nano.a(lib_a-exit.o)
__deregister_frame_info                           c:/program files (x86)/atmel/studio/7.0/toolchain/arm/arm-gnu-toolchain/bin/../lib/gcc/arm-none-eabi/6.2.1/thumb/v6-m/crtbegin.o
__divsi3                                          c:/program files (x86)/atmel/studio/7.0/toolchain/arm/arm-gnu-toolchain/bin/../lib/gcc/arm-none-eabi/6.2.1/thumb/v6-m\libgcc.a(_divsi3.o)
__dso_handle                                      c:/program files (x86)/atmel/studio/7.0/toolchain/arm/arm-gnu-toolchain/bin/../lib/gcc/arm-none-eabi/6.2.1/thumb/v6-m/crtbegin.o
__init_array_end                                  c:/program files (x86)/atmel/studio/7.0/toolchain/arm/arm-gnu-toolchain/bin/../lib/gcc/arm-none-eabi/6.2.1/../../../../arm-none-eabi/lib/thumb/v6-m\libc_nano.a(lib_a-init.o)
__init_array_start                                c:/program files (x86)/atmel/studio/7.0/toolchain/arm/arm-gnu-toolchain/bin/../lib/gcc/arm-none-eabi/6.2.1/../../../../arm-none-eabi/lib/thumb/v6-m\libc_nano.a(lib_a-init.o)
__libc_fini_array                                 c:/program files (x86)/atmel/studio/7.0/toolchain/arm/arm-gnu-toolchain/bin/../lib/gcc/arm-none-eabi/6.2.1/../../../../arm-none-eabi/lib/thumb/v6-m/crt0.o
__libc_init_array                                 c:/program files (x86)/atmel/studio/7.0/toolchain/arm/arm-gnu-toolchain/bin/../lib/gcc/arm-none-eabi/6.2.1/../../../../arm-none-eabi/lib/thumb/v6-m\libc_nano.a(lib_a-init.o)
                                                  src/ASF/sam0/utils/cmsis/samd10/source/gcc/startup_samd10.o
                                                  c:/program files (x86)/atmel/studio/7.0/toolchain/arm/arm-gnu-toolchain/bin/../lib/gcc/arm-none-eabi/6.2.1/../../../../arm-none-eabi/lib/thumb/v6-m/crt0.o
__muldi3                                          c:/program files (x86)/atmel/studio/7.0/toolchain/arm/arm-gnu-toolchain/bin/../lib/gcc/arm-none-eabi/6.2.1/thumb/v6-m\libgcc.a(_muldi3.o)
__preinit_array_end                               c:/program files (x86)/atmel/studio/7.0/toolchain/arm/arm-gnu-toolchain/bin/../lib/gcc/arm-none-eabi/6.2.1/../../../../arm-none-eabi/lib/thumb/v6-m\libc_nano.a(lib_a-init.o)
__preinit_array_start                             c:/program files (x86)/atmel/studio/7.0/toolchain/arm/arm-gnu-toolchain/bin/../lib/gcc/arm-none-eabi/6.2.1/../../../../arm-none-eabi/lib/thumb/v6-m\libc_nano.a(lib_a-init.o)
__register_frame_info                             c:/program files (x86)/atmel/studio/7.0/toolchain/arm/arm-gnu-toolchain/bin/../lib/gcc/arm-none-eabi/6.2.1/thumb/v6-m/crtbegin.o
__sf_fake_stderr                                  c:/program files (x86)/atmel/studio/7.0/toolchain/arm/arm-gnu-toolchain/bin/../lib/gcc/arm-none-eabi/6.2.1/../../../../arm-none-eabi/lib/thumb/v6-m\libc_nano.a(lib_a-impure.o)
__sf_fake_stdin                                   c:/program files (x86)/atmel/studio/7.0/toolchain/arm/arm-gnu-toolchain/bin/../lib/gcc/arm-none-eabi/6.2.1/../../../../arm-none-eabi/lib/thumb/v6-m\libc_nano.a(lib_a-impure.o)
__sf_fake_stdout                                  c:/program files (x86)/atmel/studio/7.0/toolchain/arm/arm-gnu-toolchain/bin/../lib/gcc/arm-none-eabi/6.2.1/../../../../arm-none-eabi/lib/thumb/v6-m\libc_nano.a(lib_a-impure.o)
__stack                                           c:/program files (x86)/atmel/studio/7.0/toolchain/arm/arm-gnu-toolchain/bin/../lib/gcc/arm-none-eabi/6.2.1/../../../../arm-none-eabi/lib/thumb/v6-m/crt0.o
__udivsi3                                         c:/program files (x86)/atmel/studio/7.0/toolchain/arm/arm-gnu-toolchain/bin/../lib/gcc/arm-none-eabi/6.2.1/thumb/v6-m\libgcc.a(_udivsi3.o)
_close                                            src/ASF/sam0/utils/syscalls/gcc/syscalls.o
_current_channel                                  src/ASF/sam0/drivers/extint/extint_callback.o
_end                                              src/ASF/sam0/utils/syscalls/gcc/syscalls.o
_erelocate                                        src/ASF/sam0/utils/cmsis/samd10/source/gcc/startup_samd10.o
_estack                                           src/ASF/sam0/utils/cmsis/samd10/source/gcc/startup_samd10.o
_etext                                            src/ASF/sam0/utils/cmsis/samd10/source/gcc/startup_samd10.o
_exit                                             src/ASF/sam0/utils/syscalls/gcc/syscalls.o
                                                  c:/program files (x86)/atmel/studio/7.0/toolchain/arm/arm-gnu-toolchain/bin/../lib/gcc/arm-none-eabi/6.2.1/../../../../arm-none-eabi/lib/thumb/v6-m\libc_nano.a(lib_a-exit.o)
_extint_dev                                       src/ASF/sam0/drivers/extint/extint_sam_d_r_h/extint.o
                                                  src/ASF/sam0/drivers/extint/extint_callback.o
_ezero                                            src/ASF/sam0/utils/cmsis/samd10/source/gcc/startup_samd10.o
_fini                                             c:/program files (x86)/atmel/studio/7.0/toolchain/arm/arm-gnu-toolchain/bin/../lib/gcc/arm-none-eabi/6.2.1/thumb/v6-m/crti.o
_fstat                                            src/ASF/sam0/utils/syscalls/gcc/syscalls.o
_getpid                                           src/ASF/sam0/utils/syscalls/gcc/syscalls.o
_global_impure_ptr                                c:/program files (x86)/atmel/studio/7.0/toolchain/arm/arm-gnu-toolchain/bin/../lib/gcc/arm-none-eabi/6.2.1/../../../../arm-none-eabi/lib/thumb/v6-m\libc_nano.a(lib_a-impure.o)
                                                  c:/program files (x86)/atmel/studio/7.0/toolchain/arm/arm-gnu-toolchain/bin/../lib/gcc/arm-none-eabi/6.2.1/../../../../arm-none-eabi/lib/thumb/v6-m\libc_nano.a(lib_a-exit.o)
_impure_ptr                                       c:/program files (x86)/atmel/studio/7.0/toolchain/arm/arm-gnu-toolchain/bin/../lib/gcc/arm-none-eabi/6.2.1/../../../../arm-none-eabi/lib/thumb/v6-m\libc_nano.a(lib_a-impure.o)
_init                                             c:/program files (x86)/atmel/studio/7.0/toolchain/arm/arm-gnu-toolchain/bin/../lib/gcc/arm-none-eabi/6.2.1/thumb/v6-m/crti.o
                                                  c:/program files (x86)/atmel/studio/7.0/toolchain/arm/arm-gnu-toolchain/bin/../lib/gcc/arm-none-eabi/6.2.1/../../../../arm-none-eabi/lib/thumb/v6-m\libc_nano.a(lib_a-init.o)
_isatty                                           src/ASF/sam0/utils/syscalls/gcc/syscalls.o
_kill                                             src/ASF/sam0/utils/syscalls/gcc/syscalls.o
_lseek                                            src/ASF/sam0/utils/syscalls/gcc/syscalls.o
_mainCRTStartup                                   c:/program files (x86)/atmel/studio/7.0/toolchain/arm/arm-gnu-toolchain/bin/../lib/gcc/arm-none-eabi/6.2.1/../../../../arm-none-eabi/lib/thumb/v6-m/crt0.o
_sbrk                                             src/ASF/sam0/utils/syscalls/gcc/syscalls.o
_sercom_get_async_baud_val                        src/ASF/sam0/drivers/sercom/sercom.o
_sercom_get_default_pad                           src/ASF/sam0/drivers/sercom/sercom.o
                                                  src/ASF/sam0/drivers/sercom/spi/spi.o
_sercom_get_interrupt_vector                      src/ASF/sam0/drivers/sercom/sercom_interrupt.o
                                                  src/spi_master.o
                                                  src/ASF/sam0/drivers/sercom/spi/spi.o
_sercom_get_sercom_inst_index                     src/ASF/sam0/drivers/sercom/sercom.o
                                                  src/ASF/sam0/drivers/sercom/spi/spi.o
                                                  src/ASF/sam0/drivers/sercom/sercom_interrupt.o
_sercom_get_sync_baud_val                         src/ASF/sam0/drivers/sercom/sercom.o
                                                  src/ASF/sam0/drivers/sercom/spi/spi.o
_sercom_instances                                 src/ASF/sam0/drivers/sercom/sercom_interrupt.o
                                                  src/ASF/sam0/drivers/sercom/spi/spi_interrupt.o
                                                  src/ASF/sam0/drivers/sercom/spi/spi.o
_sercom_set_handler                               src/ASF/sam0/drivers/sercom/sercom_interrupt.o
                                                  src/ASF/sam0/drivers/sercom/spi/spi.o
_sfixed                                           src/ASF/sam0/utils/cmsis/samd10/source/gcc/startup_samd10.o
_spi_interrupt_handler                            src/ASF/sam0/drivers/sercom/spi/spi_interrupt.o
                                                  src/ASF/sam0/drivers/sercom/spi/spi.o
_srelocate                                        src/ASF/sam0/utils/cmsis/samd10/source/gcc/startup_samd10.o
_start                                            c:/program files (x86)/atmel/studio/7.0/toolchain/arm/arm-gnu-toolchain/bin/../lib/gcc/arm-none-eabi/6.2.1/../../../../arm-none-eabi/lib/thumb/v6-m/crt0.o
_system_divas_init                                src/ASF/sam0/drivers/system/system.o
_system_dummy_init                                src/ASF/sam0/drivers/system/system.o
_system_events_init                               src/ASF/sam0/drivers/system/system.o
_system_extint_init                               src/ASF/sam0/drivers/extint/extint_sam_d_r_h/extint.o
_szero                                            src/ASF/sam0/utils/cmsis/samd10/source/gcc/startup_samd10.o
_tc_get_inst_index                                src/ASF/sam0/drivers/tc/tc_sam_d_r_h/tc.o
                                                  src/bsp.o
_tc_instances                                     src/ASF/sam0/drivers/tc/tc_interrupt.o
                                                  src/ASF/sam0/drivers/tc/tc_sam_d_r_h/tc.o
_tc_interrupt_handler                             src/ASF/sam0/drivers/tc/tc_interrupt.o
_tcc_apbcmasks                                    src/ASF/sam0/drivers/tcc/tcc.o
_tcc_cc_nums                                      src/ASF/sam0/drivers/tcc/tcc.o
_tcc_exts                                         src/ASF/sam0/drivers/tcc/tcc.o
_tcc_gclk_ids                                     src/ASF/sam0/drivers/tcc/tcc.o
_tcc_get_inst_index                               src/ASF/sam0/drivers/tcc/tcc.o
                                                  src/ASF/sam0/drivers/tcc/tcc_callback.o
_tcc_instances                                    src/ASF/sam0/drivers/tcc/tcc_callback.o
                                                  src/ASF/sam0/drivers/tcc/tcc.o
_tcc_interrupt_handler                            src/ASF/sam0/drivers/tcc/tcc_callback.o
_tcc_intflag                                      src/ASF/sam0/drivers/tcc/tcc_callback.o
_tcc_maxs                                         src/ASF/sam0/drivers/tcc/tcc.o
_tcc_ow_nums                                      src/ASF/sam0/drivers/tcc/tcc.o
_tcc_sizes                                        src/ASF/sam0/drivers/tcc/tcc.o
atexit                                            c:/program files (x86)/atmel/studio/7.0/toolchain/arm/arm-gnu-toolchain/bin/../lib/gcc/arm-none-eabi/6.2.1/../../../../arm-none-eabi/lib/thumb/v6-m/crt0.o
board_init                                        src/ASF/common2/boards/user_board/init.o
burp_box_play                                     src/spi_control.o
burp_box_record                                   src/spi_control.o
check_input_buttons                               src/bsp.o
                                                  src/test.o
clear_interrupts_flags                            src/buttons.o
config_buttons_inputs                             src/buttons.o
config_callbacks_tc1                              src/bsp.o
config_extint_callbacks_burp_box                  src/buttons.o
config_extint_channel_burp_box                    src/buttons.o
configure_spi                                     src/spi_master.o
configure_spi_master_callbacks                    src/spi_master.o
cpu_irq_enter_critical                            src/ASF/common/utils/interrupt/interrupt_sam_nvic.o
                                                  src/ASF/sam0/drivers/system/clock/clock_samd09_d10_d11/gclk.o
cpu_irq_leave_critical                            src/ASF/common/utils/interrupt/interrupt_sam_nvic.o
                                                  src/ASF/sam0/drivers/system/clock/clock_samd09_d10_d11/gclk.o
delay_cycles_ms                                   src/ASF/common2/services/delay/sam0/systick_counter.o
                                                  src/bsp.o
                                                  src/test.o
                                                  src/spi_control.o
                                                  src/buttons.o
delay_cycles_us                                   src/ASF/common2/services/delay/sam0/systick_counter.o
delay_init                                        src/ASF/common2/services/delay/sam0/systick_counter.o
                                                  src/main.o
delay_spi                                         src/spi_control.o
disable_buttons                                   src/buttons.o
dummy_write                                       src/ASF/sam0/drivers/sercom/spi/spi_interrupt.o
enable_buttons                                    src/buttons.o
exception_table                                   src/ASF/sam0/utils/cmsis/samd10/source/gcc/startup_samd10.o
exit                                              c:/program files (x86)/atmel/studio/7.0/toolchain/arm/arm-gnu-toolchain/bin/../lib/gcc/arm-none-eabi/6.2.1/../../../../arm-none-eabi/lib/thumb/v6-m\libc_nano.a(lib_a-exit.o)
                                                  c:/program files (x86)/atmel/studio/7.0/toolchain/arm/arm-gnu-toolchain/bin/../lib/gcc/arm-none-eabi/6.2.1/../../../../arm-none-eabi/lib/thumb/v6-m/crt0.o
extint_chan_disable_callback                      src/ASF/sam0/drivers/extint/extint_callback.o
                                                  src/buttons.o
extint_chan_enable_callback                       src/ASF/sam0/drivers/extint/extint_callback.o
                                                  src/buttons.o
extint_chan_get_config_defaults                   src/ASF/sam0/drivers/extint/extint_sam_d_r_h/extint.o
                                                  src/buttons.o
extint_chan_set_config                            src/ASF/sam0/drivers/extint/extint_sam_d_r_h/extint.o
                                                  src/buttons.o
extint_disable_events                             src/ASF/sam0/drivers/extint/extint_sam_d_r_h/extint.o
extint_enable_events                              src/ASF/sam0/drivers/extint/extint_sam_d_r_h/extint.o
extint_get_current_channel                        src/ASF/sam0/drivers/extint/extint_callback.o
extint_nmi_set_config                             src/ASF/sam0/drivers/extint/extint_sam_d_r_h/extint.o
extint_register_callback                          src/ASF/sam0/drivers/extint/extint_callback.o
                                                  src/buttons.o
extint_unregister_callback                        src/ASF/sam0/drivers/extint/extint_callback.o
g_interrupt_enabled                               src/ASF/common/utils/interrupt/interrupt_sam_nvic.o
hardware_init_hook                                c:/program files (x86)/atmel/studio/7.0/toolchain/arm/arm-gnu-toolchain/bin/../lib/gcc/arm-none-eabi/6.2.1/../../../../arm-none-eabi/lib/thumb/v6-m/crt0.o
init_burp_box                                     src/spi_control.o
init_buttons                                      src/buttons.o
                                                  src/main.o
init_led_buttons                                  src/bsp.o
init_spi                                          src/spi_master.o
init_track_led_timer                              src/bsp.o
input_buttons                                     src/main.o
                                                  src/main_control.o
                                                  src/buttons.o
interrupt_occured                                 src/main.o
                                                  src/spi_control.o
                                                  src/buttons.o
link                                              src/ASF/sam0/utils/syscalls/gcc/syscalls.o
main                                              src/main.o
                                                  src/ASF/sam0/utils/cmsis/samd10/source/gcc/startup_samd10.o
                                                  c:/program files (x86)/atmel/studio/7.0/toolchain/arm/arm-gnu-toolchain/bin/../lib/gcc/arm-none-eabi/6.2.1/../../../../arm-none-eabi/lib/thumb/v6-m/crt0.o
main_control_loop_1                               src/main_control.o
                                                  src/main.o
memset                                            c:/program files (x86)/atmel/studio/7.0/toolchain/arm/arm-gnu-toolchain/bin/../lib/gcc/arm-none-eabi/6.2.1/../../../../arm-none-eabi/lib/thumb/v6-m\libc_nano.a(lib_a-memset.o)
                                                  src/spi_master.o
                                                  c:/program files (x86)/atmel/studio/7.0/toolchain/arm/arm-gnu-toolchain/bin/../lib/gcc/arm-none-eabi/6.2.1/../../../../arm-none-eabi/lib/thumb/v6-m/crt0.o
next_pressed_callback                             src/buttons.o
play_pressed_callback                             src/buttons.o
port_group_set_config                             src/ASF/sam0/drivers/port/port.o
port_pin_set_config                               src/ASF/sam0/drivers/port/port.o
                                                  src/spi_master.o
                                                  src/bsp.o
                                                  src/buttons.o
read_interrupt_flag_status                        src/buttons.o
sercom_set_gclk_generator                         src/ASF/sam0/drivers/sercom/sercom.o
                                                  src/ASF/sam0/drivers/sercom/spi/spi.o
slave                                             src/main.o
                                                  src/spi_master.o
                                                  src/spi_control.o
software_init_hook                                c:/program files (x86)/atmel/studio/7.0/toolchain/arm/arm-gnu-toolchain/bin/../lib/gcc/arm-none-eabi/6.2.1/../../../../arm-none-eabi/lib/thumb/v6-m/crt0.o
spi_abort_job                                     src/ASF/sam0/drivers/sercom/spi/spi_interrupt.o
spi_init                                          src/ASF/sam0/drivers/sercom/spi/spi.o
                                                  src/spi_master.o
spi_main_loop_1                                   src/spi_control.o
                                                  src/main_control.o
spi_master_instance                               src/main.o
                                                  src/spi_master.o
                                                  src/spi_control.o
spi_read_buffer_job                               src/ASF/sam0/drivers/sercom/spi/spi_interrupt.o
spi_read_buffer_wait                              src/ASF/sam0/drivers/sercom/spi/spi.o
spi_register_callback                             src/ASF/sam0/drivers/sercom/spi/spi_interrupt.o
                                                  src/spi_master.o
spi_reset                                         src/ASF/sam0/drivers/sercom/spi/spi.o
spi_select_slave                                  src/ASF/sam0/drivers/sercom/spi/spi.o
                                                  src/spi_master.o
spi_set_baudrate                                  src/ASF/sam0/drivers/sercom/spi/spi.o
spi_transceive                                    src/spi_master.o
                                                  src/spi_control.o
spi_transceive_buffer_job                         src/ASF/sam0/drivers/sercom/spi/spi_interrupt.o
                                                  src/spi_master.o
spi_transceive_buffer_wait                        src/ASF/sam0/drivers/sercom/spi/spi.o
spi_transceive_wait                               src/ASF/sam0/drivers/sercom/spi/spi.o
spi_unregister_callback                           src/ASF/sam0/drivers/sercom/spi/spi_interrupt.o
spi_write_apc                                     src/spi_control.o
spi_write_buffer_job                              src/ASF/sam0/drivers/sercom/spi/spi_interrupt.o
spi_write_buffer_wait                             src/ASF/sam0/drivers/sercom/spi/spi.o
spi_write_clear_int                               src/spi_control.o
spi_write_power_on                                src/spi_control.o
spi_write_reset                                   src/spi_control.o
spi_write_stop                                    src/spi_control.o
system_board_init                                 src/ASF/common2/boards/user_board/init.o
system_clock_init                                 src/ASF/sam0/drivers/system/clock/clock_samd09_d10_d11/clock.o
system_clock_source_dfll_set_config               src/ASF/sam0/drivers/system/clock/clock_samd09_d10_d11/clock.o
system_clock_source_disable                       src/ASF/sam0/drivers/system/clock/clock_samd09_d10_d11/clock.o
system_clock_source_dpll_set_config               src/ASF/sam0/drivers/system/clock/clock_samd09_d10_d11/clock.o
system_clock_source_enable                        src/ASF/sam0/drivers/system/clock/clock_samd09_d10_d11/clock.o
system_clock_source_get_hz                        src/ASF/sam0/drivers/system/clock/clock_samd09_d10_d11/clock.o
                                                  src/ASF/sam0/drivers/system/clock/clock_samd09_d10_d11/gclk.o
system_clock_source_is_ready                      src/ASF/sam0/drivers/system/clock/clock_samd09_d10_d11/clock.o
system_clock_source_osc32k_set_config             src/ASF/sam0/drivers/system/clock/clock_samd09_d10_d11/clock.o
system_clock_source_osc8m_set_config              src/ASF/sam0/drivers/system/clock/clock_samd09_d10_d11/clock.o
system_clock_source_write_calibration             src/ASF/sam0/drivers/system/clock/clock_samd09_d10_d11/clock.o
system_clock_source_xosc32k_set_config            src/ASF/sam0/drivers/system/clock/clock_samd09_d10_d11/clock.o
system_clock_source_xosc_set_config               src/ASF/sam0/drivers/system/clock/clock_samd09_d10_d11/clock.o
system_gclk_chan_disable                          src/ASF/sam0/drivers/system/clock/clock_samd09_d10_d11/gclk.o
                                                  src/ASF/sam0/drivers/extint/extint_sam_d_r_h/extint.o
system_gclk_chan_enable                           src/ASF/sam0/drivers/system/clock/clock_samd09_d10_d11/gclk.o
                                                  src/ASF/sam0/drivers/tc/tc_sam_d_r_h/tc.o
                                                  src/ASF/sam0/drivers/tcc/tcc.o
                                                  src/ASF/sam0/drivers/sercom/spi/spi.o
                                                  src/ASF/sam0/drivers/sercom/sercom.o
                                                  src/ASF/sam0/drivers/extint/extint_sam_d_r_h/extint.o
system_gclk_chan_get_hz                           src/ASF/sam0/drivers/system/clock/clock_samd09_d10_d11/gclk.o
                                                  src/ASF/sam0/drivers/system/clock/clock_samd09_d10_d11/clock.o
                                                  src/ASF/sam0/drivers/sercom/spi/spi.o
system_gclk_chan_is_enabled                       src/ASF/sam0/drivers/system/clock/clock_samd09_d10_d11/gclk.o
system_gclk_chan_is_locked                        src/ASF/sam0/drivers/system/clock/clock_samd09_d10_d11/gclk.o
system_gclk_chan_lock                             src/ASF/sam0/drivers/system/clock/clock_samd09_d10_d11/gclk.o
system_gclk_chan_set_config                       src/ASF/sam0/drivers/system/clock/clock_samd09_d10_d11/gclk.o
                                                  src/ASF/sam0/drivers/system/clock/clock_samd09_d10_d11/clock.o
                                                  src/ASF/sam0/drivers/tc/tc_sam_d_r_h/tc.o
                                                  src/ASF/sam0/drivers/tcc/tcc.o
                                                  src/ASF/sam0/drivers/sercom/spi/spi.o
                                                  src/ASF/sam0/drivers/sercom/sercom.o
                                                  src/ASF/sam0/drivers/extint/extint_sam_d_r_h/extint.o
system_gclk_gen_disable                           src/ASF/sam0/drivers/system/clock/clock_samd09_d10_d11/gclk.o
system_gclk_gen_enable                            src/ASF/sam0/drivers/system/clock/clock_samd09_d10_d11/gclk.o
                                                  src/ASF/sam0/drivers/system/clock/clock_samd09_d10_d11/clock.o
system_gclk_gen_get_hz                            src/ASF/sam0/drivers/system/clock/clock_samd09_d10_d11/gclk.o
                                                  src/ASF/common2/services/delay/sam0/systick_counter.o
system_gclk_gen_is_enabled                        src/ASF/sam0/drivers/system/clock/clock_samd09_d10_d11/gclk.o
system_gclk_gen_set_config                        src/ASF/sam0/drivers/system/clock/clock_samd09_d10_d11/gclk.o
                                                  src/ASF/sam0/drivers/system/clock/clock_samd09_d10_d11/clock.o
system_gclk_init                                  src/ASF/sam0/drivers/system/clock/clock_samd09_d10_d11/gclk.o
                                                  src/ASF/sam0/drivers/system/clock/clock_samd09_d10_d11/clock.o
system_init                                       src/ASF/sam0/drivers/system/system.o
                                                  src/main.o
system_interrupt_clear_pending                    src/ASF/sam0/drivers/system/interrupt/system_interrupt.o
system_interrupt_get_priority                     src/ASF/sam0/drivers/system/interrupt/system_interrupt.o
system_interrupt_is_pending                       src/ASF/sam0/drivers/system/interrupt/system_interrupt.o
system_interrupt_set_pending                      src/ASF/sam0/drivers/system/interrupt/system_interrupt.o
system_interrupt_set_priority                     src/ASF/sam0/drivers/system/interrupt/system_interrupt.o
system_pinmux_group_set_config                    src/ASF/sam0/drivers/system/pinmux/pinmux.o
                                                  src/ASF/sam0/drivers/port/port.o
system_pinmux_group_set_input_sample_mode         src/ASF/sam0/drivers/system/pinmux/pinmux.o
system_pinmux_group_set_output_strength           src/ASF/sam0/drivers/system/pinmux/pinmux.o
system_pinmux_pin_set_config                      src/ASF/sam0/drivers/system/pinmux/pinmux.o
                                                  src/ASF/sam0/drivers/tc/tc_sam_d_r_h/tc.o
                                                  src/ASF/sam0/drivers/tcc/tcc.o
                                                  src/ASF/sam0/drivers/sercom/spi/spi.o
                                                  src/ASF/sam0/drivers/port/port.o
                                                  src/ASF/sam0/drivers/extint/extint_sam_d_r_h/extint.o
tc_callback_track_led_control                     src/bsp.o
tc_get_capture_value                              src/ASF/sam0/drivers/tc/tc_sam_d_r_h/tc.o
tc_get_count_value                                src/ASF/sam0/drivers/tc/tc_sam_d_r_h/tc.o
tc_init                                           src/ASF/sam0/drivers/tc/tc_sam_d_r_h/tc.o
                                                  src/bsp.o
tc_instance1                                      src/main.o
                                                  src/spi_master.o
                                                  src/bsp.o
                                                  src/test.o
                                                  src/spi_control.o
                                                  src/buttons.o
tc_register_callback                              src/ASF/sam0/drivers/tc/tc_interrupt.o
                                                  src/bsp.o
tc_reset                                          src/ASF/sam0/drivers/tc/tc_sam_d_r_h/tc.o
tc_set_compare_value                              src/ASF/sam0/drivers/tc/tc_sam_d_r_h/tc.o
tc_set_count_value                                src/ASF/sam0/drivers/tc/tc_sam_d_r_h/tc.o
tc_set_top_value                                  src/ASF/sam0/drivers/tc/tc_sam_d_r_h/tc.o
tc_unregister_callback                            src/ASF/sam0/drivers/tc/tc_interrupt.o
tcc_clear_status                                  src/ASF/sam0/drivers/tcc/tcc.o
tcc_disable_callback                              src/ASF/sam0/drivers/tcc/tcc_callback.o
tcc_disable_circular_buffer_compare               src/ASF/sam0/drivers/tcc/tcc.o
tcc_disable_events                                src/ASF/sam0/drivers/tcc/tcc.o
tcc_enable_callback                               src/ASF/sam0/drivers/tcc/tcc_callback.o
tcc_enable_circular_buffer_compare                src/ASF/sam0/drivers/tcc/tcc.o
tcc_enable_events                                 src/ASF/sam0/drivers/tcc/tcc.o
tcc_get_capture_value                             src/ASF/sam0/drivers/tcc/tcc.o
tcc_get_config_defaults                           src/ASF/sam0/drivers/tcc/tcc.o
tcc_get_count_value                               src/ASF/sam0/drivers/tcc/tcc.o
tcc_get_status                                    src/ASF/sam0/drivers/tcc/tcc.o
tcc_init                                          src/ASF/sam0/drivers/tcc/tcc.o
tcc_modules                                       src/ASF/sam0/drivers/tcc/tcc.o
tcc_register_callback                             src/ASF/sam0/drivers/tcc/tcc_callback.o
tcc_set_compare_value                             src/ASF/sam0/drivers/tcc/tcc.o
tcc_set_count_value                               src/ASF/sam0/drivers/tcc/tcc.o
tcc_set_double_buffer_compare_values              src/ASF/sam0/drivers/tcc/tcc.o
tcc_set_double_buffer_top_values                  src/ASF/sam0/drivers/tcc/tcc.o
tcc_set_pattern                                   src/ASF/sam0/drivers/tcc/tcc.o
tcc_set_top_value                                 src/ASF/sam0/drivers/tcc/tcc.o
tcc_unregister_callback                           src/ASF/sam0/drivers/tcc/tcc_callback.o
test_buttons                                      src/test.o
test_led_on_off_toggle                            src/test.o
test_track_led                                    src/test.o
track_pointer                                     src/main.o
                                                  src/spi_control.o
transrev_complete_spi_master                      src/spi_master.o
wait_burp_box                                     src/spi_control.o